Archive member included to satisfy reference by file (symbol)

C:/ST/STM32CubeCLT_1.17.0/GNU-tools-for-STM32/bin/../lib/gcc/arm-none-eabi/12.3.1/../../../../arm-none-eabi/lib/thumb/v7-m/nofp\libc_nano.a(libc_a-exit.o)
                              C:/ST/STM32CubeCLT_1.17.0/GNU-tools-for-STM32/bin/../lib/gcc/arm-none-eabi/12.3.1/../../../../arm-none-eabi/lib/thumb/v7-m/nofp/crt0.o (exit)
C:/ST/STM32CubeCLT_1.17.0/GNU-tools-for-STM32/bin/../lib/gcc/arm-none-eabi/12.3.1/../../../../arm-none-eabi/lib/thumb/v7-m/nofp\libc_nano.a(libc_a-findfp.o)
                              C:/ST/STM32CubeCLT_1.17.0/GNU-tools-for-STM32/bin/../lib/gcc/arm-none-eabi/12.3.1/../../../../arm-none-eabi/lib/thumb/v7-m/nofp\libc_nano.a(libc_a-exit.o) (__stdio_exit_handler)
C:/ST/STM32CubeCLT_1.17.0/GNU-tools-for-STM32/bin/../lib/gcc/arm-none-eabi/12.3.1/../../../../arm-none-eabi/lib/thumb/v7-m/nofp\libc_nano.a(libc_a-fwalk.o)
                              C:/ST/STM32CubeCLT_1.17.0/GNU-tools-for-STM32/bin/../lib/gcc/arm-none-eabi/12.3.1/../../../../arm-none-eabi/lib/thumb/v7-m/nofp\libc_nano.a(libc_a-findfp.o) (_fwalk_sglue)
C:/ST/STM32CubeCLT_1.17.0/GNU-tools-for-STM32/bin/../lib/gcc/arm-none-eabi/12.3.1/../../../../arm-none-eabi/lib/thumb/v7-m/nofp\libc_nano.a(libc_a-stdio.o)
                              C:/ST/STM32CubeCLT_1.17.0/GNU-tools-for-STM32/bin/../lib/gcc/arm-none-eabi/12.3.1/../../../../arm-none-eabi/lib/thumb/v7-m/nofp\libc_nano.a(libc_a-findfp.o) (__sread)
C:/ST/STM32CubeCLT_1.17.0/GNU-tools-for-STM32/bin/../lib/gcc/arm-none-eabi/12.3.1/../../../../arm-none-eabi/lib/thumb/v7-m/nofp\libc_nano.a(libc_a-memset.o)
                              C:/ST/STM32CubeCLT_1.17.0/GNU-tools-for-STM32/bin/../lib/gcc/arm-none-eabi/12.3.1/../../../../arm-none-eabi/lib/thumb/v7-m/nofp/crt0.o (memset)
C:/ST/STM32CubeCLT_1.17.0/GNU-tools-for-STM32/bin/../lib/gcc/arm-none-eabi/12.3.1/../../../../arm-none-eabi/lib/thumb/v7-m/nofp\libc_nano.a(libc_a-closer.o)
                              C:/ST/STM32CubeCLT_1.17.0/GNU-tools-for-STM32/bin/../lib/gcc/arm-none-eabi/12.3.1/../../../../arm-none-eabi/lib/thumb/v7-m/nofp\libc_nano.a(libc_a-stdio.o) (_close_r)
C:/ST/STM32CubeCLT_1.17.0/GNU-tools-for-STM32/bin/../lib/gcc/arm-none-eabi/12.3.1/../../../../arm-none-eabi/lib/thumb/v7-m/nofp\libc_nano.a(libc_a-reent.o)
                              C:/ST/STM32CubeCLT_1.17.0/GNU-tools-for-STM32/bin/../lib/gcc/arm-none-eabi/12.3.1/../../../../arm-none-eabi/lib/thumb/v7-m/nofp\libc_nano.a(libc_a-closer.o) (errno)
C:/ST/STM32CubeCLT_1.17.0/GNU-tools-for-STM32/bin/../lib/gcc/arm-none-eabi/12.3.1/../../../../arm-none-eabi/lib/thumb/v7-m/nofp\libc_nano.a(libc_a-impure.o)
                              C:/ST/STM32CubeCLT_1.17.0/GNU-tools-for-STM32/bin/../lib/gcc/arm-none-eabi/12.3.1/../../../../arm-none-eabi/lib/thumb/v7-m/nofp\libc_nano.a(libc_a-reent.o) (_impure_ptr)
C:/ST/STM32CubeCLT_1.17.0/GNU-tools-for-STM32/bin/../lib/gcc/arm-none-eabi/12.3.1/../../../../arm-none-eabi/lib/thumb/v7-m/nofp\libc_nano.a(libc_a-lseekr.o)
                              C:/ST/STM32CubeCLT_1.17.0/GNU-tools-for-STM32/bin/../lib/gcc/arm-none-eabi/12.3.1/../../../../arm-none-eabi/lib/thumb/v7-m/nofp\libc_nano.a(libc_a-stdio.o) (_lseek_r)
C:/ST/STM32CubeCLT_1.17.0/GNU-tools-for-STM32/bin/../lib/gcc/arm-none-eabi/12.3.1/../../../../arm-none-eabi/lib/thumb/v7-m/nofp\libc_nano.a(libc_a-readr.o)
                              C:/ST/STM32CubeCLT_1.17.0/GNU-tools-for-STM32/bin/../lib/gcc/arm-none-eabi/12.3.1/../../../../arm-none-eabi/lib/thumb/v7-m/nofp\libc_nano.a(libc_a-stdio.o) (_read_r)
C:/ST/STM32CubeCLT_1.17.0/GNU-tools-for-STM32/bin/../lib/gcc/arm-none-eabi/12.3.1/../../../../arm-none-eabi/lib/thumb/v7-m/nofp\libc_nano.a(libc_a-writer.o)
                              C:/ST/STM32CubeCLT_1.17.0/GNU-tools-for-STM32/bin/../lib/gcc/arm-none-eabi/12.3.1/../../../../arm-none-eabi/lib/thumb/v7-m/nofp\libc_nano.a(libc_a-stdio.o) (_write_r)
C:/ST/STM32CubeCLT_1.17.0/GNU-tools-for-STM32/bin/../lib/gcc/arm-none-eabi/12.3.1/../../../../arm-none-eabi/lib/thumb/v7-m/nofp\libc_nano.a(libc_a-init.o)
                              C:/ST/STM32CubeCLT_1.17.0/GNU-tools-for-STM32/bin/../lib/gcc/arm-none-eabi/12.3.1/../../../../arm-none-eabi/lib/thumb/v7-m/nofp/crt0.o (__libc_init_array)
C:/ST/STM32CubeCLT_1.17.0/GNU-tools-for-STM32/bin/../lib/gcc/arm-none-eabi/12.3.1/../../../../arm-none-eabi/lib/thumb/v7-m/nofp\libc_nano.a(libc_a-lock.o)
                              C:/ST/STM32CubeCLT_1.17.0/GNU-tools-for-STM32/bin/../lib/gcc/arm-none-eabi/12.3.1/../../../../arm-none-eabi/lib/thumb/v7-m/nofp\libc_nano.a(libc_a-findfp.o) (__retarget_lock_init_recursive)
C:/ST/STM32CubeCLT_1.17.0/GNU-tools-for-STM32/bin/../lib/gcc/arm-none-eabi/12.3.1/../../../../arm-none-eabi/lib/thumb/v7-m/nofp\libc_nano.a(libc_a-freer.o)
                              C:/ST/STM32CubeCLT_1.17.0/GNU-tools-for-STM32/bin/../lib/gcc/arm-none-eabi/12.3.1/../../../../arm-none-eabi/lib/thumb/v7-m/nofp\libc_nano.a(libc_a-reent.o) (_free_r)
[...]
Memory Configuration

Name             Origin             Length             Attributes
RAM              0x20000000         0x00005000         xrw
FLASH            0x08000000         0x00010000         xr
*default*        0x00000000         0xffffffff

Linker script and memory map

LOAD C:/ST/STM32CubeCLT_1.17.0/GNU-tools-for-STM32/bin/../lib/gcc/arm-none-eabi/12.3.1/thumb/v7-m/nofp/crti.o
LOAD C:/ST/STM32CubeCLT_1.17.0/GNU-tools-for-STM32/bin/../lib/gcc/arm-none-eabi/12.3.1/thumb/v7-m/nofp/crtbegin.o
LOAD C:/ST/STM32CubeCLT_1.17.0/GNU-tools-for-STM32/bin/../lib/gcc/arm-none-eabi/12.3.1/../../../../arm-none-eabi/lib/thumb/v7-m/nofp/crt0.o
START GROUP
LOAD C:/ST/STM32CubeCLT_1.17.0/GNU-tools-for-STM32/bin/../lib/gcc/arm-none-eabi/12.3.1/../../../../arm-none-eabi/lib/thumb/v7-m/nofp\libc_nano.a
LOAD C:/ST/STM32CubeCLT_1.17.0/GNU-tools-for-STM32/bin/../lib/gcc/arm-none-eabi/12.3.1/../../../../arm-none-eabi/lib/thumb/v7-m/nofp\libm.a
END GROUP
LOAD CMakeFiles/PDM_Firmware.dir/Core/Src/main.c.obj
LOAD CMakeFiles/PDM_Firmware.dir/Core/Src/gpio.c.obj
LOAD CMakeFiles/PDM_Firmware.dir/Core/Src/adc.c.obj
LOAD CMakeFiles/PDM_Firmware.dir/Core/Src/can.c.obj
LOAD CMakeFiles/PDM_Firmware.dir/Core/Src/dma.c.obj
LOAD CMakeFiles/PDM_Firmware.dir/Core/Src/tim.c.obj
LOAD CMakeFiles/PDM_Firmware.dir/Core/Src/usart.c.obj
LOAD CMakeFiles/PDM_Firmware.dir/Core/Src/stm32f1xx_it.c.obj
LOAD CMakeFiles/PDM_Firmware.dir/Core/Src/stm32f1xx_hal_msp.c.obj
LOAD CMakeFiles/PDM_Firmware.dir/Drivers/STM32F1xx_HAL_Driver/Src/stm32f1xx_hal_gpio_ex.c.obj
LOAD CMakeFiles/PDM_Firmware.dir/Drivers/STM32F1xx_HAL_Driver/Src/stm32f1xx_hal_adc.c.obj
LOAD CMakeFiles/PDM_Firmware.dir/Drivers/STM32F1xx_HAL_Driver/Src/stm32f1xx_hal_adc_ex.c.obj
LOAD CMakeFiles/PDM_Firmware.dir/Drivers/STM32F1xx_HAL_Driver/Src/stm32f1xx_hal.c.obj
LOAD CMakeFiles/PDM_Firmware.dir/Drivers/STM32F1xx_HAL_Driver/Src/stm32f1xx_hal_rcc.c.obj
LOAD CMakeFiles/PDM_Firmware.dir/Drivers/STM32F1xx_HAL_Driver/Src/stm32f1xx_hal_rcc_ex.c.obj
LOAD CMakeFiles/PDM_Firmware.dir/Drivers/STM32F1xx_HAL_Driver/Src/stm32f1xx_hal_gpio.c.obj
LOAD CMakeFiles/PDM_Firmware.dir/Drivers/STM32F1xx_HAL_Driver/Src/stm32f1xx_hal_dma.c.obj
LOAD CMakeFiles/PDM_Firmware.dir/Drivers/STM32F1xx_HAL_Driver/Src/stm32f1xx_hal_cortex.c.obj
LOAD CMakeFiles/PDM_Firmware.dir/Drivers/STM32F1xx_HAL_Driver/Src/stm32f1xx_hal_pwr.c.obj
LOAD CMakeFiles/PDM_Firmware.dir/Drivers/STM32F1xx_HAL_Driver/Src/stm32f1xx_hal_flash.c.obj
LOAD CMakeFiles/PDM_Firmware.dir/Drivers/STM32F1xx_HAL_Driver/Src/stm32f1xx_hal_flash_ex.c.obj
LOAD CMakeFiles/PDM_Firmware.dir/Drivers/STM32F1xx_HAL_Driver/Src/stm32f1xx_hal_exti.c.obj
LOAD CMakeFiles/PDM_Firmware.dir/Drivers/STM32F1xx_HAL_Driver/Src/stm32f1xx_hal_can.c.obj
LOAD CMakeFiles/PDM_Firmware.dir/Drivers/STM32F1xx_HAL_Driver/Src/stm32f1xx_hal_tim.c.obj
LOAD CMakeFiles/PDM_Firmware.dir/Drivers/STM32F1xx_HAL_Driver/Src/stm32f1xx_hal_tim_ex.c.obj
LOAD CMakeFiles/PDM_Firmware.dir/Drivers/STM32F1xx_HAL_Driver/Src/stm32f1xx_hal_uart.c.obj
LOAD CMakeFiles/PDM_Firmware.dir/Core/Src/system_stm32f1xx.c.obj
LOAD CMakeFiles/PDM_Firmware.dir/Core/Src/sysmem.c.obj
LOAD CMakeFiles/PDM_Firmware.dir/Core/Src/syscalls.c.obj
LOAD CMakeFiles/PDM_Firmware.dir/startup_stm32f103xb.s.obj
START GROUP
LOAD C:/ST/STM32CubeCLT_1.17.0/GNU-tools-for-STM32/bin/../lib/gcc/arm-none-eabi/12.3.1/thumb/v7-m/nofp\libgcc.a
LOAD C:/ST/STM32CubeCLT_1.17.0/GNU-tools-for-STM32/bin/../lib/gcc/arm-none-eabi/12.3.1/../../../../arm-none-eabi/lib/thumb/v7-m/nofp\libg_nano.a
LOAD C:/ST/STM32CubeCLT_1.17.0/GNU-tools-for-STM32/bin/../lib/gcc/arm-none-eabi/12.3.1/../../../../arm-none-eabi/lib/thumb/v7-m/nofp\libc_nano.a
END GROUP
START GROUP
LOAD C:/ST/STM32CubeCLT_1.17.0/GNU-tools-for-STM32/bin/../lib/gcc/arm-none-eabi/12.3.1/thumb/v7-m/nofp\libgcc.a
LOAD C:/ST/STM32CubeCLT_1.17.0/GNU-tools-for-STM32/bin/../lib/gcc/arm-none-eabi/12.3.1/../../../../arm-none-eabi/lib/thumb/v7-m/nofp\libc_nano.a
END GROUP
LOAD C:/ST/STM32CubeCLT_1.17.0/GNU-tools-for-STM32/bin/../lib/gcc/arm-none-eabi/12.3.1/thumb/v7-m/nofp/crtend.o
LOAD C:/ST/STM32CubeCLT_1.17.0/GNU-tools-for-STM32/bin/../lib/gcc/arm-none-eabi/12.3.1/thumb/v7-m/nofp/crtn.o
                0x20005000                        _estack = (ORIGIN (RAM) + LENGTH (RAM))
                0x00000200                        _Min_Heap_Size = 0x200
                0x00000400                        _Min_Stack_Size = 0x400

.isr_vector     0x08000000      0x10c
                0x08000000                        . = ALIGN (0x4)
 *(.isr_vector)
 .isr_vector    0x08000000      0x10c CMakeFiles/PDM_Firmware.dir/startup_stm32f103xb.s.obj
                0x08000000                g_pfnVectors
                0x0800010c                        . = ALIGN (0x4)

.text           0x0800010c     0x4100
                0x0800010c                        . = ALIGN (0x4)
 *(.text)
 .text          0x0800010c       0x40 C:/ST/STM32CubeCLT_1.17.0/GNU-tools-for-STM32/bin/../lib/gcc/arm-none-eabi/12.3.1/thumb/v7-m/nofp/crtbegin.o
 .text          0x0800014c       0x10 C:/ST/STM32CubeCLT_1.17.0/GNU-tools-for-STM32/bin/../lib/gcc/arm-none-eabi/12.3.1/../../../../arm-none-eabi/lib/thumb/v7-m/nofp\libg_nano.a(libc_a-strlen.o)
                0x0800014c                strlen
 *(.text*)
 .text.memset   0x0800015c       0x10 C:/ST/STM32CubeCLT_1.17.0/GNU-tools-for-STM32/bin/../lib/gcc/arm-none-eabi/12.3.1/../../../../arm-none-eabi/lib/thumb/v7-m/nofp\libc_nano.a(libc_a-memset.o)
                0x0800015c                memset
 .text.__libc_init_array
                0x0800016c       0x48 C:/ST/STM32CubeCLT_1.17.0/GNU-tools-for-STM32/bin/../lib/gcc/arm-none-eabi/12.3.1/../../../../arm-none-eabi/lib/thumb/v7-m/nofp\libc_nano.a(libc_a-init.o)
                0x0800016c                __libc_init_array
 .text.__retarget_lock_acquire_recursive
                0x080001b4        0x2 C:/ST/STM32CubeCLT_1.17.0/GNU-tools-for-STM32/bin/../lib/gcc/arm-none-eabi/12.3.1/../../../../arm-none-eabi/lib/thumb/v7-m/nofp\libc_nano.a(libc_a-lock.o)
                0x080001b4                __retarget_lock_acquire_recursive
 .text.__retarget_lock_release_recursive
                0x080001b6        0x2 C:/ST/STM32CubeCLT_1.17.0/GNU-tools-for-STM32/bin/../lib/gcc/arm-none-eabi/12.3.1/../../../../arm-none-eabi/lib/thumb/v7-m/nofp\libc_nano.a(libc_a-lock.o)
                0x080001b6                __retarget_lock_release_recursive
 .text._free_r  0x080001b8       0x90 C:/ST/STM32CubeCLT_1.17.0/GNU-tools-for-STM32/bin/../lib/gcc/arm-none-eabi/12.3.1/../../../../arm-none-eabi/lib/thumb/v7-m/nofp\libc_nano.a(libc_a-freer.o)
                0x080001b8                _free_r
 .text.sbrk_aligned
                0x08000248       0x44 C:/ST/STM32CubeCLT_1.17.0/GNU-tools-for-STM32/bin/../lib/gcc/arm-none-eabi/12.3.1/../../../../arm-none-eabi/lib/thumb/v7-m/nofp\libc_nano.a(libc_a-mallocr.o)
 .text._malloc_r
                0x0800028c      0x100 C:/ST/STM32CubeCLT_1.17.0/GNU-tools-for-STM32/bin/../lib/gcc/arm-none-eabi/12.3.1/../../../../arm-none-eabi/lib/thumb/v7-m/nofp\libc_nano.a(libc_a-mallocr.o)
                0x0800028c                _malloc_r
 .text.__malloc_lock
                0x0800038c        0xc C:/ST/STM32CubeCLT_1.17.0/GNU-tools-for-STM32/bin/../lib/gcc/arm-none-eabi/12.3.1/../../../../arm-none-eabi/lib/thumb/v7-m/nofp\libc_nano.a(libc_a-mlock.o)
                0x0800038c                __malloc_lock
 .text.__malloc_unlock
                0x08000398        0xc C:/ST/STM32CubeCLT_1.17.0/GNU-tools-for-STM32/bin/../lib/gcc/arm-none-eabi/12.3.1/../../../../arm-none-eabi/lib/thumb/v7-m/nofp\libc_nano.a(libc_a-mlock.o)
                0x08000398                __malloc_unlock
 .text._sbrk_r  0x080003a4       0x20 C:/ST/STM32CubeCLT_1.17.0/GNU-tools-for-STM32/bin/../lib/gcc/arm-none-eabi/12.3.1/../../../../arm-none-eabi/lib/thumb/v7-m/nofp\libc_nano.a(libc_a-sbrkr.o)
                0x080003a4                _sbrk_r
 .text.HAL_ADC_ConvCpltCallback
                0x080003c4       0x16 CMakeFiles/PDM_Firmware.dir/Core/Src/main.c.obj
                0x080003c4                HAL_ADC_ConvCpltCallback
 *fill*         0x080003da        0x2 
 .text.main     0x080003dc       0xc0 CMakeFiles/PDM_Firmware.dir/Core/Src/main.c.obj
                0x080003dc                main
 .text.SystemClock_Config
                0x0800049c       0xb6 CMakeFiles/PDM_Firmware.dir/Core/Src/main.c.obj
                0x0800049c                SystemClock_Config
 .text.Error_Handler
                0x08000552        0xc CMakeFiles/PDM_Firmware.dir/Core/Src/main.c.obj
                0x08000552                Error_Handler
 *fill*         0x0800055e        0x2 
 .text.MX_GPIO_Init
                0x08000560      0x108 CMakeFiles/PDM_Firmware.dir/Core/Src/gpio.c.obj
                0x08000560                MX_GPIO_Init
 .text.MX_ADC1_Init
                0x08000668       0x9c CMakeFiles/PDM_Firmware.dir/Core/Src/adc.c.obj
                0x08000668                MX_ADC1_Init
 .text.HAL_ADC_MspInit
                0x08000704       0xe0 CMakeFiles/PDM_Firmware.dir/Core/Src/adc.c.obj
                0x08000704                HAL_ADC_MspInit
 .text.MX_CAN_Init
                0x080007e4       0x68 CMakeFiles/PDM_Firmware.dir/Core/Src/can.c.obj
                0x080007e4                MX_CAN_Init
 .text.HAL_CAN_MspInit
                0x0800084c       0xc0 CMakeFiles/PDM_Firmware.dir/Core/Src/can.c.obj
                0x0800084c                HAL_CAN_MspInit
 .text.MX_DMA_Init
                0x0800090c       0x3c CMakeFiles/PDM_Firmware.dir/Core/Src/dma.c.obj
                0x0800090c                MX_DMA_Init
 .text.MX_TIM4_Init
                0x08000948       0xec CMakeFiles/PDM_Firmware.dir/Core/Src/tim.c.obj
                0x08000948                MX_TIM4_Init
 .text.HAL_TIM_Base_MspInit
                0x08000a34       0x3c CMakeFiles/PDM_Firmware.dir/Core/Src/tim.c.obj
                0x08000a34                HAL_TIM_Base_MspInit
 .text.HAL_TIM_MspPostInit
                0x08000a70       0x64 CMakeFiles/PDM_Firmware.dir/Core/Src/tim.c.obj
                0x08000a70                HAL_TIM_MspPostInit
 .text.MX_USART1_UART_Init
                0x08000ad4       0x54 CMakeFiles/PDM_Firmware.dir/Core/Src/usart.c.obj
                0x08000ad4                MX_USART1_UART_Init
 .text.HAL_UART_MspInit
                0x08000b28       0x98 CMakeFiles/PDM_Firmware.dir/Core/Src/usart.c.obj
                0x08000b28                HAL_UART_MspInit
 .text.NMI_Handler
                0x08000bc0        0x8 CMakeFiles/PDM_Firmware.dir/Core/Src/stm32f1xx_it.c.obj
                0x08000bc0                NMI_Handler
 .text.HardFault_Handler
                0x08000bc8        0x8 CMakeFiles/PDM_Firmware.dir/Core/Src/stm32f1xx_it.c.obj
                0x08000bc8                HardFault_Handler
 .text.MemManage_Handler
                0x08000bd0        0x8 CMakeFiles/PDM_Firmware.dir/Core/Src/stm32f1xx_it.c.obj
                0x08000bd0                MemManage_Handler
 .text.BusFault_Handler
                0x08000bd8        0x8 CMakeFiles/PDM_Firmware.dir/Core/Src/stm32f1xx_it.c.obj
                0x08000bd8                BusFault_Handler
 .text.UsageFault_Handler
                0x08000be0        0x8 CMakeFiles/PDM_Firmware.dir/Core/Src/stm32f1xx_it.c.obj
                0x08000be0                UsageFault_Handler
 .text.SVC_Handler
                0x08000be8        0xc CMakeFiles/PDM_Firmware.dir/Core/Src/stm32f1xx_it.c.obj
                0x08000be8                SVC_Handler
 .text.DebugMon_Handler
                0x08000bf4        0xc CMakeFiles/PDM_Firmware.dir/Core/Src/stm32f1xx_it.c.obj
                0x08000bf4                DebugMon_Handler
 .text.PendSV_Handler
                0x08000c00        0xc CMakeFiles/PDM_Firmware.dir/Core/Src/stm32f1xx_it.c.obj
                0x08000c00                PendSV_Handler
 .text.SysTick_Handler
                0x08000c0c        0xc CMakeFiles/PDM_Firmware.dir/Core/Src/stm32f1xx_it.c.obj
                0x08000c0c                SysTick_Handler
 .text.DMA1_Channel1_IRQHandler
                0x08000c18       0x14 CMakeFiles/PDM_Firmware.dir/Core/Src/stm32f1xx_it.c.obj
                0x08000c18                DMA1_Channel1_IRQHandler
 .text.ADC1_2_IRQHandler
                0x08000c2c       0x14 CMakeFiles/PDM_Firmware.dir/Core/Src/stm32f1xx_it.c.obj
                0x08000c2c                ADC1_2_IRQHandler
 .text.HAL_MspInit
                0x08000c40       0x64 CMakeFiles/PDM_Firmware.dir/Core/Src/stm32f1xx_hal_msp.c.obj
                0x08000c40                HAL_MspInit
 .text.HAL_ADC_Init
                0x08000ca4      0x1b0 CMakeFiles/PDM_Firmware.dir/Drivers/STM32F1xx_HAL_Driver/Src/stm32f1xx_hal_adc.c.obj
                0x08000ca4                HAL_ADC_Init
 .text.HAL_ADC_Start_DMA
                0x08000e54      0x1bc CMakeFiles/PDM_Firmware.dir/Drivers/STM32F1xx_HAL_Driver/Src/stm32f1xx_hal_adc.c.obj
                0x08000e54                HAL_ADC_Start_DMA
 .text.HAL_ADC_IRQHandler
                0x08001010      0x17e CMakeFiles/PDM_Firmware.dir/Drivers/STM32F1xx_HAL_Driver/Src/stm32f1xx_hal_adc.c.obj
                0x08001010                HAL_ADC_IRQHandler
 .text.HAL_ADC_ConvHalfCpltCallback
                0x0800118e       0x12 CMakeFiles/PDM_Firmware.dir/Drivers/STM32F1xx_HAL_Driver/Src/stm32f1xx_hal_adc.c.obj
                0x0800118e                HAL_ADC_ConvHalfCpltCallback
 .text.HAL_ADC_LevelOutOfWindowCallback
                0x080011a0       0x12 CMakeFiles/PDM_Firmware.dir/Drivers/STM32F1xx_HAL_Driver/Src/stm32f1xx_hal_adc.c.obj
                0x080011a0                HAL_ADC_LevelOutOfWindowCallback
 .text.HAL_ADC_ErrorCallback
                0x080011b2       0x12 CMakeFiles/PDM_Firmware.dir/Drivers/STM32F1xx_HAL_Driver/Src/stm32f1xx_hal_adc.c.obj
                0x080011b2                HAL_ADC_ErrorCallback
 .text.HAL_ADC_ConfigChannel
                0x080011c4      0x1f0 CMakeFiles/PDM_Firmware.dir/Drivers/STM32F1xx_HAL_Driver/Src/stm32f1xx_hal_adc.c.obj
                0x080011c4                HAL_ADC_ConfigChannel
 .text.ADC_Enable
                0x080013b4       0xb4 CMakeFiles/PDM_Firmware.dir/Drivers/STM32F1xx_HAL_Driver/Src/stm32f1xx_hal_adc.c.obj
                0x080013b4                ADC_Enable
 .text.ADC_ConversionStop_Disable
                0x08001468       0x82 CMakeFiles/PDM_Firmware.dir/Drivers/STM32F1xx_HAL_Driver/Src/stm32f1xx_hal_adc.c.obj
                0x08001468                ADC_ConversionStop_Disable
 .text.ADC_DMAConvCplt
                0x080014ea       0x7c CMakeFiles/PDM_Firmware.dir/Drivers/STM32F1xx_HAL_Driver/Src/stm32f1xx_hal_adc.c.obj
                0x080014ea                ADC_DMAConvCplt
 .text.ADC_DMAHalfConvCplt
                0x08001566       0x1c CMakeFiles/PDM_Firmware.dir/Drivers/STM32F1xx_HAL_Driver/Src/stm32f1xx_hal_adc.c.obj
                0x08001566                ADC_DMAHalfConvCplt
 .text.ADC_DMAError
                0x08001582       0x34 CMakeFiles/PDM_Firmware.dir/Drivers/STM32F1xx_HAL_Driver/Src/stm32f1xx_hal_adc.c.obj
                0x08001582                ADC_DMAError
 .text.HAL_ADCEx_InjectedConvCpltCallback
                0x080015b6       0x12 CMakeFiles/PDM_Firmware.dir/Drivers/STM32F1xx_HAL_Driver/Src/stm32f1xx_hal_adc_ex.c.obj
                0x080015b6                HAL_ADCEx_InjectedConvCpltCallback
 .text.HAL_Init
                0x080015c8       0x2c CMakeFiles/PDM_Firmware.dir/Drivers/STM32F1xx_HAL_Driver/Src/stm32f1xx_hal.c.obj
                0x080015c8                HAL_Init
 .text.HAL_InitTick
                0x080015f4       0x60 CMakeFiles/PDM_Firmware.dir/Drivers/STM32F1xx_HAL_Driver/Src/stm32f1xx_hal.c.obj
                0x080015f4                HAL_InitTick
 .text.HAL_IncTick
                0x08001654       0x24 CMakeFiles/PDM_Firmware.dir/Drivers/STM32F1xx_HAL_Driver/Src/stm32f1xx_hal.c.obj
                0x08001654                HAL_IncTick
 .text.HAL_GetTick
                0x08001678       0x14 CMakeFiles/PDM_Firmware.dir/Drivers/STM32F1xx_HAL_Driver/Src/stm32f1xx_hal.c.obj
                0x08001678                HAL_GetTick
 .text.HAL_Delay
                0x0800168c       0x48 CMakeFiles/PDM_Firmware.dir/Drivers/STM32F1xx_HAL_Driver/Src/stm32f1xx_hal.c.obj
                0x0800168c                HAL_Delay
 .text.HAL_RCC_OscConfig
                0x080016d4      0x504 CMakeFiles/PDM_Firmware.dir/Drivers/STM32F1xx_HAL_Driver/Src/stm32f1xx_hal_rcc.c.obj
                0x080016d4                HAL_RCC_OscConfig
 .text.HAL_RCC_ClockConfig
                0x08001bd8      0x1d4 CMakeFiles/PDM_Firmware.dir/Drivers/STM32F1xx_HAL_Driver/Src/stm32f1xx_hal_rcc.c.obj
                0x08001bd8                HAL_RCC_ClockConfig
 .text.HAL_RCC_GetSysClockFreq
                0x08001dac       0xa8 CMakeFiles/PDM_Firmware.dir/Drivers/STM32F1xx_HAL_Driver/Src/stm32f1xx_hal_rcc.c.obj
                0x08001dac                HAL_RCC_GetSysClockFreq
 .text.HAL_RCC_GetHCLKFreq
                0x08001e54       0x14 CMakeFiles/PDM_Firmware.dir/Drivers/STM32F1xx_HAL_Driver/Src/stm32f1xx_hal_rcc.c.obj
                0x08001e54                HAL_RCC_GetHCLKFreq
 .text.HAL_RCC_GetPCLK1Freq
                0x08001e68       0x28 CMakeFiles/PDM_Firmware.dir/Drivers/STM32F1xx_HAL_Driver/Src/stm32f1xx_hal_rcc.c.obj
                0x08001e68                HAL_RCC_GetPCLK1Freq
 .text.HAL_RCC_GetPCLK2Freq
                0x08001e90       0x28 CMakeFiles/PDM_Firmware.dir/Drivers/STM32F1xx_HAL_Driver/Src/stm32f1xx_hal_rcc.c.obj
                0x08001e90                HAL_RCC_GetPCLK2Freq
 .text.RCC_Delay
                0x08001eb8       0x3c CMakeFiles/PDM_Firmware.dir/Drivers/STM32F1xx_HAL_Driver/Src/stm32f1xx_hal_rcc.c.obj
 .text.HAL_RCCEx_PeriphCLKConfig
                0x08001ef4      0x16c CMakeFiles/PDM_Firmware.dir/Drivers/STM32F1xx_HAL_Driver/Src/stm32f1xx_hal_rcc_ex.c.obj
                0x08001ef4                HAL_RCCEx_PeriphCLKConfig
 .text.HAL_GPIO_Init
                0x08002060      0x308 CMakeFiles/PDM_Firmware.dir/Drivers/STM32F1xx_HAL_Driver/Src/stm32f1xx_hal_gpio.c.obj
                0x08002060                HAL_GPIO_Init
 .text.HAL_GPIO_WritePin
                0x08002368       0x30 CMakeFiles/PDM_Firmware.dir/Drivers/STM32F1xx_HAL_Driver/Src/stm32f1xx_hal_gpio.c.obj
                0x08002368                HAL_GPIO_WritePin
 .text.HAL_GPIO_TogglePin
                0x08002398       0x32 CMakeFiles/PDM_Firmware.dir/Drivers/STM32F1xx_HAL_Driver/Src/stm32f1xx_hal_gpio.c.obj
                0x08002398                HAL_GPIO_TogglePin
 *fill*         0x080023ca        0x2 
 .text.HAL_DMA_Init
                0x080023cc       0xb4 CMakeFiles/PDM_Firmware.dir/Drivers/STM32F1xx_HAL_Driver/Src/stm32f1xx_hal_dma.c.obj
                0x080023cc                HAL_DMA_Init
 .text.HAL_DMA_Start_IT
                0x08002480       0xc0 CMakeFiles/PDM_Firmware.dir/Drivers/STM32F1xx_HAL_Driver/Src/stm32f1xx_hal_dma.c.obj
                0x08002480                HAL_DMA_Start_IT
 .text.HAL_DMA_IRQHandler
                0x08002540      0x20c CMakeFiles/PDM_Firmware.dir/Drivers/STM32F1xx_HAL_Driver/Src/stm32f1xx_hal_dma.c.obj
                0x08002540                HAL_DMA_IRQHandler
 .text.DMA_SetConfig
                0x0800274c       0x5a CMakeFiles/PDM_Firmware.dir/Drivers/STM32F1xx_HAL_Driver/Src/stm32f1xx_hal_dma.c.obj
 *fill*         0x080027a6        0x2 
 .text.__NVIC_SetPriorityGrouping
                0x080027a8       0x48 CMakeFiles/PDM_Firmware.dir/Drivers/STM32F1xx_HAL_Driver/Src/stm32f1xx_hal_cortex.c.obj
 .text.__NVIC_GetPriorityGrouping
                0x080027f0       0x1c CMakeFiles/PDM_Firmware.dir/Drivers/STM32F1xx_HAL_Driver/Src/stm32f1xx_hal_cortex.c.obj
 .text.__NVIC_EnableIRQ
                0x0800280c       0x38 CMakeFiles/PDM_Firmware.dir/Drivers/STM32F1xx_HAL_Driver/Src/stm32f1xx_hal_cortex.c.obj
 .text.__NVIC_SetPriority
                0x08002844       0x54 CMakeFiles/PDM_Firmware.dir/Drivers/STM32F1xx_HAL_Driver/Src/stm32f1xx_hal_cortex.c.obj
 .text.NVIC_EncodePriority
                0x08002898       0x64 CMakeFiles/PDM_Firmware.dir/Drivers/STM32F1xx_HAL_Driver/Src/stm32f1xx_hal_cortex.c.obj
 .text.SysTick_Config
                0x080028fc       0x44 CMakeFiles/PDM_Firmware.dir/Drivers/STM32F1xx_HAL_Driver/Src/stm32f1xx_hal_cortex.c.obj
 .text.HAL_NVIC_SetPriorityGrouping
                0x08002940       0x16 CMakeFiles/PDM_Firmware.dir/Drivers/STM32F1xx_HAL_Driver/Src/stm32f1xx_hal_cortex.c.obj
                0x08002940                HAL_NVIC_SetPriorityGrouping
 .text.HAL_NVIC_SetPriority
                0x08002956       0x38 CMakeFiles/PDM_Firmware.dir/Drivers/STM32F1xx_HAL_Driver/Src/stm32f1xx_hal_cortex.c.obj
                0x08002956                HAL_NVIC_SetPriority
 .text.HAL_NVIC_EnableIRQ
                0x0800298e       0x1c CMakeFiles/PDM_Firmware.dir/Drivers/STM32F1xx_HAL_Driver/Src/stm32f1xx_hal_cortex.c.obj
                0x0800298e                HAL_NVIC_EnableIRQ
 .text.HAL_SYSTICK_Config
                0x080029aa       0x18 CMakeFiles/PDM_Firmware.dir/Drivers/STM32F1xx_HAL_Driver/Src/stm32f1xx_hal_cortex.c.obj
                0x080029aa                HAL_SYSTICK_Config
 .text.HAL_CAN_Init
                0x080029c2      0x1f6 CMakeFiles/PDM_Firmware.dir/Drivers/STM32F1xx_HAL_Driver/Src/stm32f1xx_hal_can.c.obj
                0x080029c2                HAL_CAN_Init
 .text.HAL_TIM_Base_Init
                0x08002bb8       0x9e CMakeFiles/PDM_Firmware.dir/Drivers/STM32F1xx_HAL_Driver/Src/stm32f1xx_hal_tim.c.obj
                0x08002bb8                HAL_TIM_Base_Init
 .text.HAL_TIM_PWM_Init
                0x08002c56       0x9e CMakeFiles/PDM_Firmware.dir/Drivers/STM32F1xx_HAL_Driver/Src/stm32f1xx_hal_tim.c.obj
                0x08002c56                HAL_TIM_PWM_Init
 .text.HAL_TIM_PWM_MspInit
                0x08002cf4       0x12 CMakeFiles/PDM_Firmware.dir/Drivers/STM32F1xx_HAL_Driver/Src/stm32f1xx_hal_tim.c.obj
                0x08002cf4                HAL_TIM_PWM_MspInit
 *fill*         0x08002d06        0x2 
 .text.HAL_TIM_PWM_ConfigChannel
                0x08002d08      0x184 CMakeFiles/PDM_Firmware.dir/Drivers/STM32F1xx_HAL_Driver/Src/stm32f1xx_hal_tim.c.obj
                0x08002d08                HAL_TIM_PWM_ConfigChannel
 .text.HAL_TIM_ConfigClockSource
                0x08002e8c      0x18e CMakeFiles/PDM_Firmware.dir/Drivers/STM32F1xx_HAL_Driver/Src/stm32f1xx_hal_tim.c.obj
                0x08002e8c                HAL_TIM_ConfigClockSource
 *fill*         0x0800301a        0x2 
 .text.TIM_Base_SetConfig
                0x0800301c       0xdc CMakeFiles/PDM_Firmware.dir/Drivers/STM32F1xx_HAL_Driver/Src/stm32f1xx_hal_tim.c.obj
                0x0800301c                TIM_Base_SetConfig
 .text.TIM_OC1_SetConfig
                0x080030f8       0xcc CMakeFiles/PDM_Firmware.dir/Drivers/STM32F1xx_HAL_Driver/Src/stm32f1xx_hal_tim.c.obj
 .text.TIM_OC2_SetConfig
                0x080031c4       0xd4 CMakeFiles/PDM_Firmware.dir/Drivers/STM32F1xx_HAL_Driver/Src/stm32f1xx_hal_tim.c.obj
                0x080031c4                TIM_OC2_SetConfig
 .text.TIM_OC3_SetConfig
                0x08003298       0xd4 CMakeFiles/PDM_Firmware.dir/Drivers/STM32F1xx_HAL_Driver/Src/stm32f1xx_hal_tim.c.obj
 .text.TIM_OC4_SetConfig
                0x0800336c       0x9c CMakeFiles/PDM_Firmware.dir/Drivers/STM32F1xx_HAL_Driver/Src/stm32f1xx_hal_tim.c.obj
 .text.TIM_TI1_ConfigInputStage
                0x08003408       0x5c CMakeFiles/PDM_Firmware.dir/Drivers/STM32F1xx_HAL_Driver/Src/stm32f1xx_hal_tim.c.obj
 .text.TIM_TI2_ConfigInputStage
                0x08003464       0x5e CMakeFiles/PDM_Firmware.dir/Drivers/STM32F1xx_HAL_Driver/Src/stm32f1xx_hal_tim.c.obj
 .text.TIM_ITRx_SetConfig
                0x080034c2       0x34 CMakeFiles/PDM_Firmware.dir/Drivers/STM32F1xx_HAL_Driver/Src/stm32f1xx_hal_tim.c.obj
 .text.TIM_ETR_SetConfig
                0x080034f6       0x3e CMakeFiles/PDM_Firmware.dir/Drivers/STM32F1xx_HAL_Driver/Src/stm32f1xx_hal_tim.c.obj
                0x080034f6                TIM_ETR_SetConfig
 .text.HAL_TIMEx_MasterConfigSynchronization
                0x08003534       0xbc CMakeFiles/PDM_Firmware.dir/Drivers/STM32F1xx_HAL_Driver/Src/stm32f1xx_hal_tim_ex.c.obj
                0x08003534                HAL_TIMEx_MasterConfigSynchronization
 .text.HAL_UART_Init
                0x080035f0       0xa0 CMakeFiles/PDM_Firmware.dir/Drivers/STM32F1xx_HAL_Driver/Src/stm32f1xx_hal_uart.c.obj
                0x080035f0                HAL_UART_Init
 .text.HAL_UART_Transmit
                0x08003690      0x116 CMakeFiles/PDM_Firmware.dir/Drivers/STM32F1xx_HAL_Driver/Src/stm32f1xx_hal_uart.c.obj
                0x08003690                HAL_UART_Transmit
 .text.UART_WaitOnFlagUntilTimeout
                0x080037a6       0xb2 CMakeFiles/PDM_Firmware.dir/Drivers/STM32F1xx_HAL_Driver/Src/stm32f1xx_hal_uart.c.obj
 .text.UART_EndRxTransfer
                0x08003858       0xc4 CMakeFiles/PDM_Firmware.dir/Drivers/STM32F1xx_HAL_Driver/Src/stm32f1xx_hal_uart.c.obj
 .text.UART_SetConfig
                0x0800391c      0x11c CMakeFiles/PDM_Firmware.dir/Drivers/STM32F1xx_HAL_Driver/Src/stm32f1xx_hal_uart.c.obj
 .text.SystemInit
                0x08003a38        0xc CMakeFiles/PDM_Firmware.dir/Core/Src/system_stm32f1xx.c.obj
                0x08003a38                SystemInit
 .text._sbrk    0x08003a44       0x6c CMakeFiles/PDM_Firmware.dir/Core/Src/sysmem.c.obj
                0x08003a44                _sbrk
 .text.Reset_Handler
                0x08003ab0       0x48 CMakeFiles/PDM_Firmware.dir/startup_stm32f103xb.s.obj
                0x08003ab0                Reset_Handler
 .text.Default_Handler
                0x08003af8        0x2 CMakeFiles/PDM_Firmware.dir/startup_stm32f103xb.s.obj
                0x08003af8                RTC_Alarm_IRQHandler
                0x08003af8                EXTI2_IRQHandler
                0x08003af8                TIM1_CC_IRQHandler
                0x08003af8                PVD_IRQHandler
                0x08003af8                EXTI3_IRQHandler
                0x08003af8                EXTI0_IRQHandler
                0x08003af8                I2C2_EV_IRQHandler
                0x08003af8                SPI1_IRQHandler
                0x08003af8                TAMPER_IRQHandler
                0x08003af8                DMA1_Channel4_IRQHandler
                0x08003af8                USART3_IRQHandler
                0x08003af8                RTC_IRQHandler
                0x08003af8                DMA1_Channel7_IRQHandler
                0x08003af8                CAN1_RX1_IRQHandler
                0x08003af8                TIM4_IRQHandler
                0x08003af8                I2C1_EV_IRQHandler
                0x08003af8                DMA1_Channel6_IRQHandler
                0x08003af8                TIM3_IRQHandler
                0x08003af8                RCC_IRQHandler
                0x08003af8                TIM1_TRG_COM_IRQHandler
                0x08003af8                Default_Handler
                0x08003af8                EXTI15_10_IRQHandler
                0x08003af8                EXTI9_5_IRQHandler
                0x08003af8                SPI2_IRQHandler
                0x08003af8                DMA1_Channel5_IRQHandler
                0x08003af8                EXTI4_IRQHandler
                0x08003af8                USB_LP_CAN1_RX0_IRQHandler
                0x08003af8                USB_HP_CAN1_TX_IRQHandler
                0x08003af8                DMA1_Channel3_IRQHandler
                0x08003af8                TIM1_UP_IRQHandler
                0x08003af8                WWDG_IRQHandler
                0x08003af8                TIM2_IRQHandler
                0x08003af8                TIM1_BRK_IRQHandler
                0x08003af8                EXTI1_IRQHandler
                0x08003af8                USART2_IRQHandler
                0x08003af8                I2C2_ER_IRQHandler
                0x08003af8                DMA1_Channel2_IRQHandler
                0x08003af8                CAN1_SCE_IRQHandler
                0x08003af8                FLASH_IRQHandler
                0x08003af8                USART1_IRQHandler
                0x08003af8                I2C1_ER_IRQHandler
                0x08003af8                USBWakeUp_IRQHandler
 *fill*         0x08003afa        0x2 
 .text.sprintf  0x08003afc       0x40 C:/ST/STM32CubeCLT_1.17.0/GNU-tools-for-STM32/bin/../lib/gcc/arm-none-eabi/12.3.1/../../../../arm-none-eabi/lib/thumb/v7-m/nofp\libg_nano.a(libc_a-sprintf.o)
                0x08003afc                siprintf
                0x08003afc                sprintf
 .text.__errno  0x08003b3c        0xc C:/ST/STM32CubeCLT_1.17.0/GNU-tools-for-STM32/bin/../lib/gcc/arm-none-eabi/12.3.1/../../../../arm-none-eabi/lib/thumb/v7-m/nofp\libg_nano.a(libc_a-errno.o)
                0x08003b3c                __errno
 .text.__ssputs_r
                0x08003b48       0xb6 C:/ST/STM32CubeCLT_1.17.0/GNU-tools-for-STM32/bin/../lib/gcc/arm-none-eabi/12.3.1/../../../../arm-none-eabi/lib/thumb/v7-m/nofp\libg_nano.a(libc_a-nano-svfprintf.o)
                0x08003b48                __ssputs_r
 *fill*         0x08003bfe        0x2 
 .text._svfprintf_r
                0x08003c00      0x1f8 C:/ST/STM32CubeCLT_1.17.0/GNU-tools-for-STM32/bin/../lib/gcc/arm-none-eabi/12.3.1/../../../../arm-none-eabi/lib/thumb/v7-m/nofp\libg_nano.a(libc_a-nano-svfprintf.o)
                0x08003c00                _svfiprintf_r
                0x08003c00                _svfprintf_r
 .text._printf_common
                0x08003df8       0xe4 C:/ST/STM32CubeCLT_1.17.0/GNU-tools-for-STM32/bin/../lib/gcc/arm-none-eabi/12.3.1/../../../../arm-none-eabi/lib/thumb/v7-m/nofp\libg_nano.a(libc_a-nano-vfprintf_i.o)
                0x08003df8                _printf_common
 .text._printf_i
                0x08003edc      0x240 C:/ST/STM32CubeCLT_1.17.0/GNU-tools-for-STM32/bin/../lib/gcc/arm-none-eabi/12.3.1/../../../../arm-none-eabi/lib/thumb/v7-m/nofp\libg_nano.a(libc_a-nano-vfprintf_i.o)
                0x08003edc                _printf_i
 .text.memmove  0x0800411c       0x34 C:/ST/STM32CubeCLT_1.17.0/GNU-tools-for-STM32/bin/../lib/gcc/arm-none-eabi/12.3.1/../../../../arm-none-eabi/lib/thumb/v7-m/nofp\libg_nano.a(libc_a-memmove.o)
                0x0800411c                memmove
 .text.memchr   0x08004150       0x1c C:/ST/STM32CubeCLT_1.17.0/GNU-tools-for-STM32/bin/../lib/gcc/arm-none-eabi/12.3.1/../../../../arm-none-eabi/lib/thumb/v7-m/nofp\libg_nano.a(libc_a-memchr-stub.o)
                0x08004150                memchr
 .text.memcpy   0x0800416c       0x1c C:/ST/STM32CubeCLT_1.17.0/GNU-tools-for-STM32/bin/../lib/gcc/arm-none-eabi/12.3.1/../../../../arm-none-eabi/lib/thumb/v7-m/nofp\libg_nano.a(libc_a-memcpy-stub.o)
                0x0800416c                memcpy
 .text._realloc_r
                0x08004188       0x5c C:/ST/STM32CubeCLT_1.17.0/GNU-tools-for-STM32/bin/../lib/gcc/arm-none-eabi/12.3.1/../../../../arm-none-eabi/lib/thumb/v7-m/nofp\libg_nano.a(libc_a-reallocr.o)
                0x08004188                _realloc_r
 .text._malloc_usable_size_r
                0x080041e4       0x10 C:/ST/STM32CubeCLT_1.17.0/GNU-tools-for-STM32/bin/../lib/gcc/arm-none-eabi/12.3.1/../../../../arm-none-eabi/lib/thumb/v7-m/nofp\libg_nano.a(libc_a-msizer.o)
                0x080041e4                _malloc_usable_size_r
 *(.glue_7)
 .glue_7        0x080041f4        0x0 linker stubs
 *(.glue_7t)
 .glue_7t       0x080041f4        0x0 linker stubs
 *(.eh_frame)
 .eh_frame      0x080041f4        0x0 C:/ST/STM32CubeCLT_1.17.0/GNU-tools-for-STM32/bin/../lib/gcc/arm-none-eabi/12.3.1/thumb/v7-m/nofp/crtbegin.o
 *(.init)
 .init          0x080041f4        0x4 C:/ST/STM32CubeCLT_1.17.0/GNU-tools-for-STM32/bin/../lib/gcc/arm-none-eabi/12.3.1/thumb/v7-m/nofp/crti.o
                0x080041f4                _init
 .init          0x080041f8        0x8 C:/ST/STM32CubeCLT_1.17.0/GNU-tools-for-STM32/bin/../lib/gcc/arm-none-eabi/12.3.1/thumb/v7-m/nofp/crtn.o
 *(.fini)
 .fini          0x08004200        0x4 C:/ST/STM32CubeCLT_1.17.0/GNU-tools-for-STM32/bin/../lib/gcc/arm-none-eabi/12.3.1/thumb/v7-m/nofp/crti.o
                0x08004200                _fini
 .fini          0x08004204        0x8 C:/ST/STM32CubeCLT_1.17.0/GNU-tools-for-STM32/bin/../lib/gcc/arm-none-eabi/12.3.1/thumb/v7-m/nofp/crtn.o
                0x0800420c                        . = ALIGN (0x4)
                0x0800420c                        _etext = .

.vfp11_veneer   0x0800420c        0x0
 .vfp11_veneer  0x0800420c        0x0 linker stubs

.v4_bx          0x0800420c        0x0
 .v4_bx         0x0800420c        0x0 linker stubs

.iplt           0x0800420c        0x0
 .iplt          0x0800420c        0x0 C:/ST/STM32CubeCLT_1.17.0/GNU-tools-for-STM32/bin/../lib/gcc/arm-none-eabi/12.3.1/thumb/v7-m/nofp/crtbegin.o

.rodata         0x0800420c       0x7c
                0x0800420c                        . = ALIGN (0x4)
 *(.rodata)
 .rodata        0x0800420c       0x1a CMakeFiles/PDM_Firmware.dir/Core/Src/main.c.obj
 *(.rodata*)
 *fill*         0x08004226        0x2 
 .rodata.aPLLMULFactorTable.1
                0x08004228       0x10 CMakeFiles/PDM_Firmware.dir/Drivers/STM32F1xx_HAL_Driver/Src/stm32f1xx_hal_rcc.c.obj
 .rodata.aPredivFactorTable.0
                0x08004238        0x2 CMakeFiles/PDM_Firmware.dir/Drivers/STM32F1xx_HAL_Driver/Src/stm32f1xx_hal_rcc.c.obj
 *fill*         0x0800423a        0x2 
 .rodata.AHBPrescTable
                0x0800423c       0x10 CMakeFiles/PDM_Firmware.dir/Core/Src/system_stm32f1xx.c.obj
                0x0800423c                AHBPrescTable
 .rodata.APBPrescTable
                0x0800424c        0x8 CMakeFiles/PDM_Firmware.dir/Core/Src/system_stm32f1xx.c.obj
                0x0800424c                APBPrescTable
 .rodata._svfprintf_r.str1.1
                0x08004254       0x11 C:/ST/STM32CubeCLT_1.17.0/GNU-tools-for-STM32/bin/../lib/gcc/arm-none-eabi/12.3.1/../../../../arm-none-eabi/lib/thumb/v7-m/nofp\libg_nano.a(libc_a-nano-svfprintf.o)
 .rodata._printf_i.str1.1
                0x08004265       0x22 C:/ST/STM32CubeCLT_1.17.0/GNU-tools-for-STM32/bin/../lib/gcc/arm-none-eabi/12.3.1/../../../../arm-none-eabi/lib/thumb/v7-m/nofp\libg_nano.a(libc_a-nano-vfprintf_i.o)
                0x08004288                        . = ALIGN (0x4)
 *fill*         0x08004287        0x1 

.ARM.extab
 *(.ARM.extab* .gnu.linkonce.armextab.*)

.ARM            0x08004288        0x8
                0x08004288                        __exidx_start = .
 *(.ARM.exidx*)
 .ARM.exidx     0x08004288        0x8 C:/ST/STM32CubeCLT_1.17.0/GNU-tools-for-STM32/bin/../lib/gcc/arm-none-eabi/12.3.1/../../../../arm-none-eabi/lib/thumb/v7-m/nofp\libg_nano.a(libc_a-strlen.o)
                0x08004290                        __exidx_end = .

.rel.dyn        0x08004290        0x0
 .rel.iplt      0x08004290        0x0 C:/ST/STM32CubeCLT_1.17.0/GNU-tools-for-STM32/bin/../lib/gcc/arm-none-eabi/12.3.1/thumb/v7-m/nofp/crtbegin.o

.preinit_array  0x08004290        0x0
                0x08004290                        PROVIDE (__preinit_array_start = .)
 *(.preinit_array*)
                0x08004290                        PROVIDE (__preinit_array_end = .)

.init_array     0x08004290        0x4
                0x08004290                        PROVIDE (__init_array_start = .)
 *(SORT_BY_NAME(.init_array.*))
 *(.init_array*)
 .init_array    0x08004290        0x4 C:/ST/STM32CubeCLT_1.17.0/GNU-tools-for-STM32/bin/../lib/gcc/arm-none-eabi/12.3.1/thumb/v7-m/nofp/crtbegin.o
                0x08004294                        PROVIDE (__init_array_end = .)

.fini_array     0x08004294        0x4
                [!provide]                        PROVIDE (__fini_array_start = .)
 *(SORT_BY_NAME(.fini_array.*))
 *(.fini_array*)
 .fini_array    0x08004294        0x4 C:/ST/STM32CubeCLT_1.17.0/GNU-tools-for-STM32/bin/../lib/gcc/arm-none-eabi/12.3.1/thumb/v7-m/nofp/crtbegin.o
                [!provide]                        PROVIDE (__fini_array_end = .)
                0x08004298                        _sidata = LOADADDR (.data)

.data           0x20000000       0x5c load address 0x08004298
                0x20000000                        . = ALIGN (0x4)
                0x20000000                        _sdata = .
 *(.data)
 *(.data*)
 .data._impure_ptr
                0x20000000        0x4 C:/ST/STM32CubeCLT_1.17.0/GNU-tools-for-STM32/bin/../lib/gcc/arm-none-eabi/12.3.1/../../../../arm-none-eabi/lib/thumb/v7-m/nofp\libc_nano.a(libc_a-impure.o)
                0x20000000                _impure_ptr
 .data._impure_data
                0x20000004       0x4c C:/ST/STM32CubeCLT_1.17.0/GNU-tools-for-STM32/bin/../lib/gcc/arm-none-eabi/12.3.1/../../../../arm-none-eabi/lib/thumb/v7-m/nofp\libc_nano.a(libc_a-impure.o)
                0x20000004                _impure_data
 .data.uwTickPrio
                0x20000050        0x4 CMakeFiles/PDM_Firmware.dir/Drivers/STM32F1xx_HAL_Driver/Src/stm32f1xx_hal.c.obj
                0x20000050                uwTickPrio
 .data.uwTickFreq
                0x20000054        0x1 CMakeFiles/PDM_Firmware.dir/Drivers/STM32F1xx_HAL_Driver/Src/stm32f1xx_hal.c.obj
                0x20000054                uwTickFreq
 *fill*         0x20000055        0x3 
 .data.SystemCoreClock
                0x20000058        0x4 CMakeFiles/PDM_Firmware.dir/Core/Src/system_stm32f1xx.c.obj
                0x20000058                SystemCoreClock
                0x2000005c                        . = ALIGN (0x4)
                0x2000005c                        _edata = .

.igot.plt       0x2000005c        0x0 load address 0x080042f4
 .igot.plt      0x2000005c        0x0 C:/ST/STM32CubeCLT_1.17.0/GNU-tools-for-STM32/bin/../lib/gcc/arm-none-eabi/12.3.1/thumb/v7-m/nofp/crtbegin.o
                0x2000005c                        . = ALIGN (0x4)

.bss            0x2000005c      0x2d4 load address 0x080042f4
                0x2000005c                        _sbss = .
                0x2000005c                        __bss_start__ = _sbss
 *(.bss)
 .bss           0x2000005c       0x1c C:/ST/STM32CubeCLT_1.17.0/GNU-tools-for-STM32/bin/../lib/gcc/arm-none-eabi/12.3.1/thumb/v7-m/nofp/crtbegin.o
 *(.bss*)
 .bss.__sf      0x20000078      0x138 C:/ST/STM32CubeCLT_1.17.0/GNU-tools-for-STM32/bin/../lib/gcc/arm-none-eabi/12.3.1/../../../../arm-none-eabi/lib/thumb/v7-m/nofp\libc_nano.a(libc_a-findfp.o)
                0x20000078                __sf
 .bss.errno     0x200001b0        0x4 C:/ST/STM32CubeCLT_1.17.0/GNU-tools-for-STM32/bin/../lib/gcc/arm-none-eabi/12.3.1/../../../../arm-none-eabi/lib/thumb/v7-m/nofp\libc_nano.a(libc_a-reent.o)
                0x200001b0                errno
 .bss.__lock___malloc_recursive_mutex
                0x200001b4        0x1 C:/ST/STM32CubeCLT_1.17.0/GNU-tools-for-STM32/bin/../lib/gcc/arm-none-eabi/12.3.1/../../../../arm-none-eabi/lib/thumb/v7-m/nofp\libc_nano.a(libc_a-lock.o)
                0x200001b4                __lock___malloc_recursive_mutex
 *fill*         0x200001b5        0x3 
 .bss.__malloc_sbrk_start
                0x200001b8        0x4 C:/ST/STM32CubeCLT_1.17.0/GNU-tools-for-STM32/bin/../lib/gcc/arm-none-eabi/12.3.1/../../../../arm-none-eabi/lib/thumb/v7-m/nofp\libc_nano.a(libc_a-mallocr.o)
                0x200001b8                __malloc_sbrk_start
 .bss.__malloc_free_list
                0x200001bc        0x4 C:/ST/STM32CubeCLT_1.17.0/GNU-tools-for-STM32/bin/../lib/gcc/arm-none-eabi/12.3.1/../../../../arm-none-eabi/lib/thumb/v7-m/nofp\libc_nano.a(libc_a-mallocr.o)
                0x200001bc                __malloc_free_list
 .bss.current   0x200001c0        0x2 CMakeFiles/PDM_Firmware.dir/Core/Src/main.c.obj
                0x200001c0                current
 .bss.voltage   0x200001c2        0x2 CMakeFiles/PDM_Firmware.dir/Core/Src/main.c.obj
                0x200001c2                voltage
 .bss.rawValeus
                0x200001c4        0x4 CMakeFiles/PDM_Firmware.dir/Core/Src/main.c.obj
                0x200001c4                rawValeus
 .bss.msg       0x200001c8       0x32 CMakeFiles/PDM_Firmware.dir/Core/Src/main.c.obj
                0x200001c8                msg
 .bss.convCompleted
                0x200001fa        0x1 CMakeFiles/PDM_Firmware.dir/Core/Src/main.c.obj
                0x200001fa                convCompleted
 *fill*         0x200001fb        0x1 
 .bss.hadc1     0x200001fc       0x30 CMakeFiles/PDM_Firmware.dir/Core/Src/adc.c.obj
                0x200001fc                hadc1
 .bss.hdma_adc1
                0x2000022c       0x44 CMakeFiles/PDM_Firmware.dir/Core/Src/adc.c.obj
                0x2000022c                hdma_adc1
 .bss.hcan      0x20000270       0x28 CMakeFiles/PDM_Firmware.dir/Core/Src/can.c.obj
                0x20000270                hcan
 .bss.htim4     0x20000298       0x48 CMakeFiles/PDM_Firmware.dir/Core/Src/tim.c.obj
                0x20000298                htim4
 .bss.huart1    0x200002e0       0x48 CMakeFiles/PDM_Firmware.dir/Core/Src/usart.c.obj
                0x200002e0                huart1
 .bss.uwTick    0x20000328        0x4 CMakeFiles/PDM_Firmware.dir/Drivers/STM32F1xx_HAL_Driver/Src/stm32f1xx_hal.c.obj
                0x20000328                uwTick
 .bss.__sbrk_heap_end
                0x2000032c        0x4 CMakeFiles/PDM_Firmware.dir/Core/Src/sysmem.c.obj
 *(COMMON)
                0x20000330                        . = ALIGN (0x4)
                0x20000330                        _ebss = .
                0x20000330                        __bss_end__ = _ebss

._user_heap_stack
                0x20000330      0x600 load address 0x080042f4
                0x20000330                        . = ALIGN (0x8)
                [!provide]                        PROVIDE (end = .)
                0x20000330                        PROVIDE (_end = .)
                0x20000530                        . = (. + _Min_Heap_Size)
 *fill*         0x20000330      0x200 
                0x20000930                        . = (. + _Min_Stack_Size)
 *fill*         0x20000530      0x400 
                0x20000930                        . = ALIGN (0x8)

/DISCARD/
 libc.a(*)
 libm.a(*)
 libgcc.a(*)
OUTPUT(PDM_Firmware.elf elf32-littlearm)
LOAD linker stubs
LOAD C:/ST/STM32CubeCLT_1.17.0/GNU-tools-for-STM32/bin/../lib/gcc/arm-none-eabi/12.3.1/../../../../arm-none-eabi/lib/thumb/v7-m/nofp\libc.a
LOAD C:/ST/STM32CubeCLT_1.17.0/GNU-tools-for-STM32/bin/../lib/gcc/arm-none-eabi/12.3.1/../../../../arm-none-eabi/lib/thumb/v7-m/nofp\libm.a
LOAD C:/ST/STM32CubeCLT_1.17.0/GNU-tools-for-STM32/bin/../lib/gcc/arm-none-eabi/12.3.1/thumb/v7-m/nofp\libgcc.a

.ARM.attributes
                0x00000000       0x29
 .ARM.attributes
                0x00000000       0x1d C:/ST/STM32CubeCLT_1.17.0/GNU-tools-for-STM32/bin/../lib/gcc/arm-none-eabi/12.3.1/thumb/v7-m/nofp/crti.o
 .ARM.attributes
                0x0000001d       0x2d C:/ST/STM32CubeCLT_1.17.0/GNU-tools-for-STM32/bin/../lib/gcc/arm-none-eabi/12.3.1/thumb/v7-m/nofp/crtbegin.o
 .ARM.attributes
                0x0000004a       0x2d C:/ST/STM32CubeCLT_1.17.0/GNU-tools-for-STM32/bin/../lib/gcc/arm-none-eabi/12.3.1/../../../../arm-none-eabi/lib/thumb/v7-m/nofp\libc_nano.a(libc_a-findfp.o)
 .ARM.attributes
                0x00000077       0x2d C:/ST/STM32CubeCLT_1.17.0/GNU-tools-for-STM32/bin/../lib/gcc/arm-none-eabi/12.3.1/../../../../arm-none-eabi/lib/thumb/v7-m/nofp\libc_nano.a(libc_a-memset.o)
 .ARM.attributes
                0x000000a4       0x2d C:/ST/STM32CubeCLT_1.17.0/GNU-tools-for-STM32/bin/../lib/gcc/arm-none-eabi/12.3.1/../../../../arm-none-eabi/lib/thumb/v7-m/nofp\libc_nano.a(libc_a-reent.o)
 .ARM.attributes
                0x000000d1       0x2d C:/ST/STM32CubeCLT_1.17.0/GNU-tools-for-STM32/bin/../lib/gcc/arm-none-eabi/12.3.1/../../../../arm-none-eabi/lib/thumb/v7-m/nofp\libc_nano.a(libc_a-impure.o)
 .ARM.attributes
                0x000000fe       0x2d C:/ST/STM32CubeCLT_1.17.0/GNU-tools-for-STM32/bin/../lib/gcc/arm-none-eabi/12.3.1/../../../../arm-none-eabi/lib/thumb/v7-m/nofp\libc_nano.a(libc_a-init.o)
 .ARM.attributes
                0x0000012b       0x2d C:/ST/STM32CubeCLT_1.17.0/GNU-tools-for-STM32/bin/../lib/gcc/arm-none-eabi/12.3.1/../../../../arm-none-eabi/lib/thumb/v7-m/nofp\libc_nano.a(libc_a-lock.o)
 .ARM.attributes
                0x00000158       0x2d C:/ST/STM32CubeCLT_1.17.0/GNU-tools-for-STM32/bin/../lib/gcc/arm-none-eabi/12.3.1/../../../../arm-none-eabi/lib/thumb/v7-m/nofp\libc_nano.a(libc_a-freer.o)
 .ARM.attributes
                0x00000185       0x2d C:/ST/STM32CubeCLT_1.17.0/GNU-tools-for-STM32/bin/../lib/gcc/arm-none-eabi/12.3.1/../../../../arm-none-eabi/lib/thumb/v7-m/nofp\libc_nano.a(libc_a-mallocr.o)
 .ARM.attributes
                0x000001b2       0x2d C:/ST/STM32CubeCLT_1.17.0/GNU-tools-for-STM32/bin/../lib/gcc/arm-none-eabi/12.3.1/../../../../arm-none-eabi/lib/thumb/v7-m/nofp\libc_nano.a(libc_a-mlock.o)
 .ARM.attributes
                0x000001df       0x2d C:/ST/STM32CubeCLT_1.17.0/GNU-tools-for-STM32/bin/../lib/gcc/arm-none-eabi/12.3.1/../../../../arm-none-eabi/lib/thumb/v7-m/nofp\libc_nano.a(libc_a-sbrkr.o)
 .ARM.attributes
                0x0000020c       0x2d CMakeFiles/PDM_Firmware.dir/Core/Src/main.c.obj
 .ARM.attributes
                0x00000239       0x2d CMakeFiles/PDM_Firmware.dir/Core/Src/gpio.c.obj
 .ARM.attributes
                0x00000266       0x2d CMakeFiles/PDM_Firmware.dir/Core/Src/adc.c.obj
 .ARM.attributes
                0x00000293       0x2d CMakeFiles/PDM_Firmware.dir/Core/Src/can.c.obj
 .ARM.attributes
                0x000002c0       0x2d CMakeFiles/PDM_Firmware.dir/Core/Src/dma.c.obj
 .ARM.attributes
                0x000002ed       0x2d CMakeFiles/PDM_Firmware.dir/Core/Src/tim.c.obj
 .ARM.attributes
                0x0000031a       0x2d CMakeFiles/PDM_Firmware.dir/Core/Src/usart.c.obj
 .ARM.attributes
                0x00000347       0x2d CMakeFiles/PDM_Firmware.dir/Core/Src/stm32f1xx_it.c.obj
 .ARM.attributes
                0x00000374       0x2d CMakeFiles/PDM_Firmware.dir/Core/Src/stm32f1xx_hal_msp.c.obj
 .ARM.attributes
                0x000003a1       0x2d CMakeFiles/PDM_Firmware.dir/Drivers/STM32F1xx_HAL_Driver/Src/stm32f1xx_hal_adc.c.obj
 .ARM.attributes
                0x000003ce       0x2d CMakeFiles/PDM_Firmware.dir/Drivers/STM32F1xx_HAL_Driver/Src/stm32f1xx_hal_adc_ex.c.obj
 .ARM.attributes
                0x000003fb       0x2d CMakeFiles/PDM_Firmware.dir/Drivers/STM32F1xx_HAL_Driver/Src/stm32f1xx_hal.c.obj
 .ARM.attributes
                0x00000428       0x2d CMakeFiles/PDM_Firmware.dir/Drivers/STM32F1xx_HAL_Driver/Src/stm32f1xx_hal_rcc.c.obj
 .ARM.attributes
                0x00000455       0x2d CMakeFiles/PDM_Firmware.dir/Drivers/STM32F1xx_HAL_Driver/Src/stm32f1xx_hal_rcc_ex.c.obj
 .ARM.attributes
                0x00000482       0x2d CMakeFiles/PDM_Firmware.dir/Drivers/STM32F1xx_HAL_Driver/Src/stm32f1xx_hal_gpio.c.obj
 .ARM.attributes
                0x000004af       0x2d CMakeFiles/PDM_Firmware.dir/Drivers/STM32F1xx_HAL_Driver/Src/stm32f1xx_hal_dma.c.obj
 .ARM.attributes
                0x000004dc       0x2d CMakeFiles/PDM_Firmware.dir/Drivers/STM32F1xx_HAL_Driver/Src/stm32f1xx_hal_cortex.c.obj
 .ARM.attributes
                0x00000509       0x2d CMakeFiles/PDM_Firmware.dir/Drivers/STM32F1xx_HAL_Driver/Src/stm32f1xx_hal_can.c.obj
 .ARM.attributes
                0x00000536       0x2d CMakeFiles/PDM_Firmware.dir/Drivers/STM32F1xx_HAL_Driver/Src/stm32f1xx_hal_tim.c.obj
 .ARM.attributes
                0x00000563       0x2d CMakeFiles/PDM_Firmware.dir/Drivers/STM32F1xx_HAL_Driver/Src/stm32f1xx_hal_tim_ex.c.obj
 .ARM.attributes
                0x00000590       0x2d CMakeFiles/PDM_Firmware.dir/Drivers/STM32F1xx_HAL_Driver/Src/stm32f1xx_hal_uart.c.obj
 .ARM.attributes
                0x000005bd       0x2d CMakeFiles/PDM_Firmware.dir/Core/Src/system_stm32f1xx.c.obj
 .ARM.attributes
                0x000005ea       0x2d CMakeFiles/PDM_Firmware.dir/Core/Src/sysmem.c.obj
 .ARM.attributes
                0x00000617       0x21 CMakeFiles/PDM_Firmware.dir/startup_stm32f103xb.s.obj
 .ARM.attributes
                0x00000638       0x2d C:/ST/STM32CubeCLT_1.17.0/GNU-tools-for-STM32/bin/../lib/gcc/arm-none-eabi/12.3.1/../../../../arm-none-eabi/lib/thumb/v7-m/nofp\libg_nano.a(libc_a-sprintf.o)
 .ARM.attributes
                0x00000665       0x2d C:/ST/STM32CubeCLT_1.17.0/GNU-tools-for-STM32/bin/../lib/gcc/arm-none-eabi/12.3.1/../../../../arm-none-eabi/lib/thumb/v7-m/nofp\libg_nano.a(libc_a-errno.o)
 .ARM.attributes
                0x00000692       0x17 C:/ST/STM32CubeCLT_1.17.0/GNU-tools-for-STM32/bin/../lib/gcc/arm-none-eabi/12.3.1/../../../../arm-none-eabi/lib/thumb/v7-m/nofp\libg_nano.a(libc_a-strlen.o)
 .ARM.attributes
                0x000006a9       0x2d C:/ST/STM32CubeCLT_1.17.0/GNU-tools-for-STM32/bin/../lib/gcc/arm-none-eabi/12.3.1/../../../../arm-none-eabi/lib/thumb/v7-m/nofp\libg_nano.a(libc_a-nano-svfprintf.o)
 .ARM.attributes
                0x000006d6       0x2d C:/ST/STM32CubeCLT_1.17.0/GNU-tools-for-STM32/bin/../lib/gcc/arm-none-eabi/12.3.1/../../../../arm-none-eabi/lib/thumb/v7-m/nofp\libg_nano.a(libc_a-nano-vfprintf_i.o)
 .ARM.attributes
                0x00000703       0x2d C:/ST/STM32CubeCLT_1.17.0/GNU-tools-for-STM32/bin/../lib/gcc/arm-none-eabi/12.3.1/../../../../arm-none-eabi/lib/thumb/v7-m/nofp\libg_nano.a(libc_a-memmove.o)
 .ARM.attributes
                0x00000730       0x2d C:/ST/STM32CubeCLT_1.17.0/GNU-tools-for-STM32/bin/../lib/gcc/arm-none-eabi/12.3.1/../../../../arm-none-eabi/lib/thumb/v7-m/nofp\libg_nano.a(libc_a-memchr-stub.o)
 .ARM.attributes
                0x0000075d       0x2d C:/ST/STM32CubeCLT_1.17.0/GNU-tools-for-STM32/bin/../lib/gcc/arm-none-eabi/12.3.1/../../../../arm-none-eabi/lib/thumb/v7-m/nofp\libg_nano.a(libc_a-memcpy-stub.o)
 .ARM.attributes
                0x0000078a       0x2d C:/ST/STM32CubeCLT_1.17.0/GNU-tools-for-STM32/bin/../lib/gcc/arm-none-eabi/12.3.1/../../../../arm-none-eabi/lib/thumb/v7-m/nofp\libg_nano.a(libc_a-reallocr.o)
 .ARM.attributes
                0x000007b7       0x2d C:/ST/STM32CubeCLT_1.17.0/GNU-tools-for-STM32/bin/../lib/gcc/arm-none-eabi/12.3.1/../../../../arm-none-eabi/lib/thumb/v7-m/nofp\libg_nano.a(libc_a-msizer.o)
 .ARM.attributes
                0x000007e4       0x1d C:/ST/STM32CubeCLT_1.17.0/GNU-tools-for-STM32/bin/../lib/gcc/arm-none-eabi/12.3.1/thumb/v7-m/nofp/crtn.o

.comment        0x00000000       0x43
 .comment       0x00000000       0x43 CMakeFiles/PDM_Firmware.dir/Core/Src/main.c.obj
                                 0x44 (size before relaxing)
 .comment       0x00000043       0x44 CMakeFiles/PDM_Firmware.dir/Core/Src/gpio.c.obj
 .comment       0x00000043       0x44 CMakeFiles/PDM_Firmware.dir/Core/Src/adc.c.obj
 .comment       0x00000043       0x44 CMakeFiles/PDM_Firmware.dir/Core/Src/can.c.obj
 .comment       0x00000043       0x44 CMakeFiles/PDM_Firmware.dir/Core/Src/dma.c.obj
 .comment       0x00000043       0x44 CMakeFiles/PDM_Firmware.dir/Core/Src/tim.c.obj
 .comment       0x00000043       0x44 CMakeFiles/PDM_Firmware.dir/Core/Src/usart.c.obj
 .comment       0x00000043       0x44 CMakeFiles/PDM_Firmware.dir/Core/Src/stm32f1xx_it.c.obj
 .comment       0x00000043       0x44 CMakeFiles/PDM_Firmware.dir/Core/Src/stm32f1xx_hal_msp.c.obj
 .comment       0x00000043       0x44 CMakeFiles/PDM_Firmware.dir/Drivers/STM32F1xx_HAL_Driver/Src/stm32f1xx_hal_adc.c.obj
 .comment       0x00000043       0x44 CMakeFiles/PDM_Firmware.dir/Drivers/STM32F1xx_HAL_Driver/Src/stm32f1xx_hal_adc_ex.c.obj
 .comment       0x00000043       0x44 CMakeFiles/PDM_Firmware.dir/Drivers/STM32F1xx_HAL_Driver/Src/stm32f1xx_hal.c.obj
 .comment       0x00000043       0x44 CMakeFiles/PDM_Firmware.dir/Drivers/STM32F1xx_HAL_Driver/Src/stm32f1xx_hal_rcc.c.obj
 .comment       0x00000043       0x44 CMakeFiles/PDM_Firmware.dir/Drivers/STM32F1xx_HAL_Driver/Src/stm32f1xx_hal_rcc_ex.c.obj
 .comment       0x00000043       0x44 CMakeFiles/PDM_Firmware.dir/Drivers/STM32F1xx_HAL_Driver/Src/stm32f1xx_hal_gpio.c.obj
 .comment       0x00000043       0x44 CMakeFiles/PDM_Firmware.dir/Drivers/STM32F1xx_HAL_Driver/Src/stm32f1xx_hal_dma.c.obj
 .comment       0x00000043       0x44 CMakeFiles/PDM_Firmware.dir/Drivers/STM32F1xx_HAL_Driver/Src/stm32f1xx_hal_cortex.c.obj
 .comment       0x00000043       0x44 CMakeFiles/PDM_Firmware.dir/Drivers/STM32F1xx_HAL_Driver/Src/stm32f1xx_hal_can.c.obj
 .comment       0x00000043       0x44 CMakeFiles/PDM_Firmware.dir/Drivers/STM32F1xx_HAL_Driver/Src/stm32f1xx_hal_tim.c.obj
 .comment       0x00000043       0x44 CMakeFiles/PDM_Firmware.dir/Drivers/STM32F1xx_HAL_Driver/Src/stm32f1xx_hal_tim_ex.c.obj
 .comment       0x00000043       0x44 CMakeFiles/PDM_Firmware.dir/Drivers/STM32F1xx_HAL_Driver/Src/stm32f1xx_hal_uart.c.obj
 .comment       0x00000043       0x44 CMakeFiles/PDM_Firmware.dir/Core/Src/system_stm32f1xx.c.obj
 .comment       0x00000043       0x44 CMakeFiles/PDM_Firmware.dir/Core/Src/sysmem.c.obj
 .comment       0x00000043       0x44 C:/ST/STM32CubeCLT_1.17.0/GNU-tools-for-STM32/bin/../lib/gcc/arm-none-eabi/12.3.1/../../../../arm-none-eabi/lib/thumb/v7-m/nofp\libg_nano.a(libc_a-sprintf.o)
 .comment       0x00000043       0x44 C:/ST/STM32CubeCLT_1.17.0/GNU-tools-for-STM32/bin/../lib/gcc/arm-none-eabi/12.3.1/../../../../arm-none-eabi/lib/thumb/v7-m/nofp\libg_nano.a(libc_a-errno.o)
 .comment       0x00000043       0x44 C:/ST/STM32CubeCLT_1.17.0/GNU-tools-for-STM32/bin/../lib/gcc/arm-none-eabi/12.3.1/../../../../arm-none-eabi/lib/thumb/v7-m/nofp\libg_nano.a(libc_a-nano-svfprintf.o)
 .comment       0x00000043       0x44 C:/ST/STM32CubeCLT_1.17.0/GNU-tools-for-STM32/bin/../lib/gcc/arm-none-eabi/12.3.1/../../../../arm-none-eabi/lib/thumb/v7-m/nofp\libg_nano.a(libc_a-nano-vfprintf_i.o)
 .comment       0x00000043       0x44 C:/ST/STM32CubeCLT_1.17.0/GNU-tools-for-STM32/bin/../lib/gcc/arm-none-eabi/12.3.1/../../../../arm-none-eabi/lib/thumb/v7-m/nofp\libg_nano.a(libc_a-memmove.o)
 .comment       0x00000043       0x44 C:/ST/STM32CubeCLT_1.17.0/GNU-tools-for-STM32/bin/../lib/gcc/arm-none-eabi/12.3.1/../../../../arm-none-eabi/lib/thumb/v7-m/nofp\libg_nano.a(libc_a-memchr-stub.o)
 .comment       0x00000043       0x44 C:/ST/STM32CubeCLT_1.17.0/GNU-tools-for-STM32/bin/../lib/gcc/arm-none-eabi/12.3.1/../../../../arm-none-eabi/lib/thumb/v7-m/nofp\libg_nano.a(libc_a-memcpy-stub.o)
 .comment       0x00000043       0x44 C:/ST/STM32CubeCLT_1.17.0/GNU-tools-for-STM32/bin/../lib/gcc/arm-none-eabi/12.3.1/../../../../arm-none-eabi/lib/thumb/v7-m/nofp\libg_nano.a(libc_a-reallocr.o)
 .comment       0x00000043       0x44 C:/ST/STM32CubeCLT_1.17.0/GNU-tools-for-STM32/bin/../lib/gcc/arm-none-eabi/12.3.1/../../../../arm-none-eabi/lib/thumb/v7-m/nofp\libg_nano.a(libc_a-msizer.o)

.debug_frame    0x00000000     0x4500
 .debug_frame   0x00000000      0x144 C:/ST/STM32CubeCLT_1.17.0/GNU-tools-for-STM32/bin/../lib/gcc/arm-none-eabi/12.3.1/../../../../arm-none-eabi/lib/thumb/v7-m/nofp\libc_nano.a(libc_a-findfp.o)
 .debug_frame   0x00000144       0x20 C:/ST/STM32CubeCLT_1.17.0/GNU-tools-for-STM32/bin/../lib/gcc/arm-none-eabi/12.3.1/../../../../arm-none-eabi/lib/thumb/v7-m/nofp\libc_nano.a(libc_a-memset.o)
 .debug_frame   0x00000164       0x38 C:/ST/STM32CubeCLT_1.17.0/GNU-tools-for-STM32/bin/../lib/gcc/arm-none-eabi/12.3.1/../../../../arm-none-eabi/lib/thumb/v7-m/nofp\libc_nano.a(libc_a-reent.o)
 .debug_frame   0x0000019c       0x2c C:/ST/STM32CubeCLT_1.17.0/GNU-tools-for-STM32/bin/../lib/gcc/arm-none-eabi/12.3.1/../../../../arm-none-eabi/lib/thumb/v7-m/nofp\libc_nano.a(libc_a-init.o)
 .debug_frame   0x000001c8       0xb0 C:/ST/STM32CubeCLT_1.17.0/GNU-tools-for-STM32/bin/../lib/gcc/arm-none-eabi/12.3.1/../../../../arm-none-eabi/lib/thumb/v7-m/nofp\libc_nano.a(libc_a-lock.o)
 .debug_frame   0x00000278       0x38 C:/ST/STM32CubeCLT_1.17.0/GNU-tools-for-STM32/bin/../lib/gcc/arm-none-eabi/12.3.1/../../../../arm-none-eabi/lib/thumb/v7-m/nofp\libc_nano.a(libc_a-freer.o)
 .debug_frame   0x000002b0       0x50 C:/ST/STM32CubeCLT_1.17.0/GNU-tools-for-STM32/bin/../lib/gcc/arm-none-eabi/12.3.1/../../../../arm-none-eabi/lib/thumb/v7-m/nofp\libc_nano.a(libc_a-mallocr.o)
 .debug_frame   0x00000300       0x30 C:/ST/STM32CubeCLT_1.17.0/GNU-tools-for-STM32/bin/../lib/gcc/arm-none-eabi/12.3.1/../../../../arm-none-eabi/lib/thumb/v7-m/nofp\libc_nano.a(libc_a-mlock.o)
 .debug_frame   0x00000330       0x2c C:/ST/STM32CubeCLT_1.17.0/GNU-tools-for-STM32/bin/../lib/gcc/arm-none-eabi/12.3.1/../../../../arm-none-eabi/lib/thumb/v7-m/nofp\libc_nano.a(libc_a-sbrkr.o)
 .debug_frame   0x0000035c       0xb8 CMakeFiles/PDM_Firmware.dir/Core/Src/main.c.obj
 .debug_frame   0x00000414       0x34 CMakeFiles/PDM_Firmware.dir/Core/Src/gpio.c.obj
 .debug_frame   0x00000448       0x7c CMakeFiles/PDM_Firmware.dir/Core/Src/adc.c.obj
 .debug_frame   0x000004c4       0x74 CMakeFiles/PDM_Firmware.dir/Core/Src/can.c.obj
 .debug_frame   0x00000538       0x34 CMakeFiles/PDM_Firmware.dir/Core/Src/dma.c.obj
 .debug_frame   0x0000056c       0xa8 CMakeFiles/PDM_Firmware.dir/Core/Src/tim.c.obj
 .debug_frame   0x00000614       0x74 CMakeFiles/PDM_Firmware.dir/Core/Src/usart.c.obj
 .debug_frame   0x00000688      0x13c CMakeFiles/PDM_Firmware.dir/Core/Src/stm32f1xx_it.c.obj
 .debug_frame   0x000007c4       0x38 CMakeFiles/PDM_Firmware.dir/Core/Src/stm32f1xx_hal_msp.c.obj
 .debug_frame   0x000007fc      0x40c CMakeFiles/PDM_Firmware.dir/Drivers/STM32F1xx_HAL_Driver/Src/stm32f1xx_hal_adc.c.obj
 .debug_frame   0x00000c08      0x200 CMakeFiles/PDM_Firmware.dir/Drivers/STM32F1xx_HAL_Driver/Src/stm32f1xx_hal_adc_ex.c.obj
 .debug_frame   0x00000e08      0x334 CMakeFiles/PDM_Firmware.dir/Drivers/STM32F1xx_HAL_Driver/Src/stm32f1xx_hal.c.obj
 .debug_frame   0x0000113c      0x218 CMakeFiles/PDM_Firmware.dir/Drivers/STM32F1xx_HAL_Driver/Src/stm32f1xx_hal_rcc.c.obj
 .debug_frame   0x00001354       0x80 CMakeFiles/PDM_Firmware.dir/Drivers/STM32F1xx_HAL_Driver/Src/stm32f1xx_hal_rcc_ex.c.obj
 .debug_frame   0x000013d4      0x14c CMakeFiles/PDM_Firmware.dir/Drivers/STM32F1xx_HAL_Driver/Src/stm32f1xx_hal_gpio.c.obj
 .debug_frame   0x00001520      0x208 CMakeFiles/PDM_Firmware.dir/Drivers/STM32F1xx_HAL_Driver/Src/stm32f1xx_hal_dma.c.obj
 .debug_frame   0x00001728      0x428 CMakeFiles/PDM_Firmware.dir/Drivers/STM32F1xx_HAL_Driver/Src/stm32f1xx_hal_cortex.c.obj
 .debug_frame   0x00001b50      0x5a0 CMakeFiles/PDM_Firmware.dir/Drivers/STM32F1xx_HAL_Driver/Src/stm32f1xx_hal_can.c.obj
 .debug_frame   0x000020f0     0x11b8 CMakeFiles/PDM_Firmware.dir/Drivers/STM32F1xx_HAL_Driver/Src/stm32f1xx_hal_tim.c.obj
 .debug_frame   0x000032a8      0x638 CMakeFiles/PDM_Firmware.dir/Drivers/STM32F1xx_HAL_Driver/Src/stm32f1xx_hal_tim_ex.c.obj
 .debug_frame   0x000038e0      0x944 CMakeFiles/PDM_Firmware.dir/Drivers/STM32F1xx_HAL_Driver/Src/stm32f1xx_hal_uart.c.obj
 .debug_frame   0x00004224       0x58 CMakeFiles/PDM_Firmware.dir/Core/Src/system_stm32f1xx.c.obj
 .debug_frame   0x0000427c       0x34 CMakeFiles/PDM_Firmware.dir/Core/Src/sysmem.c.obj
 .debug_frame   0x000042b0       0x6c C:/ST/STM32CubeCLT_1.17.0/GNU-tools-for-STM32/bin/../lib/gcc/arm-none-eabi/12.3.1/../../../../arm-none-eabi/lib/thumb/v7-m/nofp\libg_nano.a(libc_a-sprintf.o)
 .debug_frame   0x0000431c       0x20 C:/ST/STM32CubeCLT_1.17.0/GNU-tools-for-STM32/bin/../lib/gcc/arm-none-eabi/12.3.1/../../../../arm-none-eabi/lib/thumb/v7-m/nofp\libg_nano.a(libc_a-errno.o)
 .debug_frame   0x0000433c       0x90 C:/ST/STM32CubeCLT_1.17.0/GNU-tools-for-STM32/bin/../lib/gcc/arm-none-eabi/12.3.1/../../../../arm-none-eabi/lib/thumb/v7-m/nofp\libg_nano.a(libc_a-nano-svfprintf.o)
 .debug_frame   0x000043cc       0x60 C:/ST/STM32CubeCLT_1.17.0/GNU-tools-for-STM32/bin/../lib/gcc/arm-none-eabi/12.3.1/../../../../arm-none-eabi/lib/thumb/v7-m/nofp\libg_nano.a(libc_a-nano-vfprintf_i.o)
 .debug_frame   0x0000442c       0x28 C:/ST/STM32CubeCLT_1.17.0/GNU-tools-for-STM32/bin/../lib/gcc/arm-none-eabi/12.3.1/../../../../arm-none-eabi/lib/thumb/v7-m/nofp\libg_nano.a(libc_a-memmove.o)
 .debug_frame   0x00004454       0x28 C:/ST/STM32CubeCLT_1.17.0/GNU-tools-for-STM32/bin/../lib/gcc/arm-none-eabi/12.3.1/../../../../arm-none-eabi/lib/thumb/v7-m/nofp\libg_nano.a(libc_a-memchr-stub.o)
 .debug_frame   0x0000447c       0x28 C:/ST/STM32CubeCLT_1.17.0/GNU-tools-for-STM32/bin/../lib/gcc/arm-none-eabi/12.3.1/../../../../arm-none-eabi/lib/thumb/v7-m/nofp\libg_nano.a(libc_a-memcpy-stub.o)
 .debug_frame   0x000044a4       0x3c C:/ST/STM32CubeCLT_1.17.0/GNU-tools-for-STM32/bin/../lib/gcc/arm-none-eabi/12.3.1/../../../../arm-none-eabi/lib/thumb/v7-m/nofp\libg_nano.a(libc_a-reallocr.o)
 .debug_frame   0x000044e0       0x20 C:/ST/STM32CubeCLT_1.17.0/GNU-tools-for-STM32/bin/../lib/gcc/arm-none-eabi/12.3.1/../../../../arm-none-eabi/lib/thumb/v7-m/nofp\libg_nano.a(libc_a-msizer.o)

.debug_info     0x00000000    0x1410c
 .debug_info    0x00000000      0xf88 CMakeFiles/PDM_Firmware.dir/Core/Src/main.c.obj
 .debug_info    0x00000f88      0x2d3 CMakeFiles/PDM_Firmware.dir/Core/Src/gpio.c.obj
 .debug_info    0x0000125b      0x98e CMakeFiles/PDM_Firmware.dir/Core/Src/adc.c.obj
 .debug_info    0x00001be9      0x765 CMakeFiles/PDM_Firmware.dir/Core/Src/can.c.obj
 .debug_info    0x0000234e      0x2cf CMakeFiles/PDM_Firmware.dir/Core/Src/dma.c.obj
 .debug_info    0x0000261d      0xa22 CMakeFiles/PDM_Firmware.dir/Core/Src/tim.c.obj
 .debug_info    0x0000303f      0x798 CMakeFiles/PDM_Firmware.dir/Core/Src/usart.c.obj
 .debug_info    0x000037d7      0x5aa CMakeFiles/PDM_Firmware.dir/Core/Src/stm32f1xx_it.c.obj
 .debug_info    0x00003d81      0x1f1 CMakeFiles/PDM_Firmware.dir/Core/Src/stm32f1xx_hal_msp.c.obj
 .debug_info    0x00003f72      0xc50 CMakeFiles/PDM_Firmware.dir/Drivers/STM32F1xx_HAL_Driver/Src/stm32f1xx_hal_adc.c.obj
 .debug_info    0x00004bc2      0xa10 CMakeFiles/PDM_Firmware.dir/Drivers/STM32F1xx_HAL_Driver/Src/stm32f1xx_hal_adc_ex.c.obj
 .debug_info    0x000055d2      0x704 CMakeFiles/PDM_Firmware.dir/Drivers/STM32F1xx_HAL_Driver/Src/stm32f1xx_hal.c.obj
 .debug_info    0x00005cd6      0x7d5 CMakeFiles/PDM_Firmware.dir/Drivers/STM32F1xx_HAL_Driver/Src/stm32f1xx_hal_rcc.c.obj
 .debug_info    0x000064ab      0x3c0 CMakeFiles/PDM_Firmware.dir/Drivers/STM32F1xx_HAL_Driver/Src/stm32f1xx_hal_rcc_ex.c.obj
 .debug_info    0x0000686b      0x5ab CMakeFiles/PDM_Firmware.dir/Drivers/STM32F1xx_HAL_Driver/Src/stm32f1xx_hal_gpio.c.obj
 .debug_info    0x00006e16      0x6d2 CMakeFiles/PDM_Firmware.dir/Drivers/STM32F1xx_HAL_Driver/Src/stm32f1xx_hal_dma.c.obj
 .debug_info    0x000074e8      0xa87 CMakeFiles/PDM_Firmware.dir/Drivers/STM32F1xx_HAL_Driver/Src/stm32f1xx_hal_cortex.c.obj
 .debug_info    0x00007f6f      0xf13 CMakeFiles/PDM_Firmware.dir/Drivers/STM32F1xx_HAL_Driver/Src/stm32f1xx_hal_can.c.obj
 .debug_info    0x00008e82     0x2959 CMakeFiles/PDM_Firmware.dir/Drivers/STM32F1xx_HAL_Driver/Src/stm32f1xx_hal_tim.c.obj
 .debug_info    0x0000b7db     0x149b CMakeFiles/PDM_Firmware.dir/Drivers/STM32F1xx_HAL_Driver/Src/stm32f1xx_hal_tim_ex.c.obj
 .debug_info    0x0000cc76     0x2eed CMakeFiles/PDM_Firmware.dir/Drivers/STM32F1xx_HAL_Driver/Src/stm32f1xx_hal_uart.c.obj
 .debug_info    0x0000fb63      0x222 CMakeFiles/PDM_Firmware.dir/Core/Src/system_stm32f1xx.c.obj
 .debug_info    0x0000fd85      0x168 CMakeFiles/PDM_Firmware.dir/Core/Src/sysmem.c.obj
 .debug_info    0x0000feed       0x30 CMakeFiles/PDM_Firmware.dir/startup_stm32f103xb.s.obj
 .debug_info    0x0000ff1d      0x87f C:/ST/STM32CubeCLT_1.17.0/GNU-tools-for-STM32/bin/../lib/gcc/arm-none-eabi/12.3.1/../../../../arm-none-eabi/lib/thumb/v7-m/nofp\libg_nano.a(libc_a-sprintf.o)
 .debug_info    0x0001079c      0x6fb C:/ST/STM32CubeCLT_1.17.0/GNU-tools-for-STM32/bin/../lib/gcc/arm-none-eabi/12.3.1/../../../../arm-none-eabi/lib/thumb/v7-m/nofp\libg_nano.a(libc_a-errno.o)
 .debug_info    0x00010e97       0x31 C:/ST/STM32CubeCLT_1.17.0/GNU-tools-for-STM32/bin/../lib/gcc/arm-none-eabi/12.3.1/../../../../arm-none-eabi/lib/thumb/v7-m/nofp\libg_nano.a(libc_a-strlen.o)
 .debug_info    0x00010ec8     0x10c7 C:/ST/STM32CubeCLT_1.17.0/GNU-tools-for-STM32/bin/../lib/gcc/arm-none-eabi/12.3.1/../../../../arm-none-eabi/lib/thumb/v7-m/nofp\libg_nano.a(libc_a-nano-svfprintf.o)
 .debug_info    0x00011f8f      0xde2 C:/ST/STM32CubeCLT_1.17.0/GNU-tools-for-STM32/bin/../lib/gcc/arm-none-eabi/12.3.1/../../../../arm-none-eabi/lib/thumb/v7-m/nofp\libg_nano.a(libc_a-nano-vfprintf_i.o)
 .debug_info    0x00012d71      0x10f C:/ST/STM32CubeCLT_1.17.0/GNU-tools-for-STM32/bin/../lib/gcc/arm-none-eabi/12.3.1/../../../../arm-none-eabi/lib/thumb/v7-m/nofp\libg_nano.a(libc_a-memmove.o)
 .debug_info    0x00012e80      0x110 C:/ST/STM32CubeCLT_1.17.0/GNU-tools-for-STM32/bin/../lib/gcc/arm-none-eabi/12.3.1/../../../../arm-none-eabi/lib/thumb/v7-m/nofp\libg_nano.a(libc_a-memchr-stub.o)
 .debug_info    0x00012f90      0x121 C:/ST/STM32CubeCLT_1.17.0/GNU-tools-for-STM32/bin/../lib/gcc/arm-none-eabi/12.3.1/../../../../arm-none-eabi/lib/thumb/v7-m/nofp\libg_nano.a(libc_a-memcpy-stub.o)
 .debug_info    0x000130b1      0x8c7 C:/ST/STM32CubeCLT_1.17.0/GNU-tools-for-STM32/bin/../lib/gcc/arm-none-eabi/12.3.1/../../../../arm-none-eabi/lib/thumb/v7-m/nofp\libg_nano.a(libc_a-reallocr.o)
 .debug_info    0x00013978      0x794 C:/ST/STM32CubeCLT_1.17.0/GNU-tools-for-STM32/bin/../lib/gcc/arm-none-eabi/12.3.1/../../../../arm-none-eabi/lib/thumb/v7-m/nofp\libg_nano.a(libc_a-msizer.o)

.debug_abbrev   0x00000000     0x3c40
 .debug_abbrev  0x00000000      0x2b1 CMakeFiles/PDM_Firmware.dir/Core/Src/main.c.obj
 .debug_abbrev  0x000002b1      0x13f CMakeFiles/PDM_Firmware.dir/Core/Src/gpio.c.obj
 .debug_abbrev  0x000003f0      0x211 CMakeFiles/PDM_Firmware.dir/Core/Src/adc.c.obj
 .debug_abbrev  0x00000601      0x212 CMakeFiles/PDM_Firmware.dir/Core/Src/can.c.obj
 .debug_abbrev  0x00000813       0xfc CMakeFiles/PDM_Firmware.dir/Core/Src/dma.c.obj
 .debug_abbrev  0x0000090f      0x230 CMakeFiles/PDM_Firmware.dir/Core/Src/tim.c.obj
 .debug_abbrev  0x00000b3f      0x1e6 CMakeFiles/PDM_Firmware.dir/Core/Src/usart.c.obj
 .debug_abbrev  0x00000d25      0x184 CMakeFiles/PDM_Firmware.dir/Core/Src/stm32f1xx_it.c.obj
 .debug_abbrev  0x00000ea9       0xdb CMakeFiles/PDM_Firmware.dir/Core/Src/stm32f1xx_hal_msp.c.obj
 .debug_abbrev  0x00000f84      0x225 CMakeFiles/PDM_Firmware.dir/Drivers/STM32F1xx_HAL_Driver/Src/stm32f1xx_hal_adc.c.obj
 .debug_abbrev  0x000011a9      0x249 CMakeFiles/PDM_Firmware.dir/Drivers/STM32F1xx_HAL_Driver/Src/stm32f1xx_hal_adc_ex.c.obj
 .debug_abbrev  0x000013f2      0x201 CMakeFiles/PDM_Firmware.dir/Drivers/STM32F1xx_HAL_Driver/Src/stm32f1xx_hal.c.obj
 .debug_abbrev  0x000015f3      0x2b3 CMakeFiles/PDM_Firmware.dir/Drivers/STM32F1xx_HAL_Driver/Src/stm32f1xx_hal_rcc.c.obj
 .debug_abbrev  0x000018a6      0x188 CMakeFiles/PDM_Firmware.dir/Drivers/STM32F1xx_HAL_Driver/Src/stm32f1xx_hal_rcc_ex.c.obj
 .debug_abbrev  0x00001a2e      0x1ca CMakeFiles/PDM_Firmware.dir/Drivers/STM32F1xx_HAL_Driver/Src/stm32f1xx_hal_gpio.c.obj
 .debug_abbrev  0x00001bf8      0x20b CMakeFiles/PDM_Firmware.dir/Drivers/STM32F1xx_HAL_Driver/Src/stm32f1xx_hal_dma.c.obj
 .debug_abbrev  0x00001e03      0x2f8 CMakeFiles/PDM_Firmware.dir/Drivers/STM32F1xx_HAL_Driver/Src/stm32f1xx_hal_cortex.c.obj
 .debug_abbrev  0x000020fb      0x21c CMakeFiles/PDM_Firmware.dir/Drivers/STM32F1xx_HAL_Driver/Src/stm32f1xx_hal_can.c.obj
 .debug_abbrev  0x00002317      0x277 CMakeFiles/PDM_Firmware.dir/Drivers/STM32F1xx_HAL_Driver/Src/stm32f1xx_hal_tim.c.obj
 .debug_abbrev  0x0000258e      0x282 CMakeFiles/PDM_Firmware.dir/Drivers/STM32F1xx_HAL_Driver/Src/stm32f1xx_hal_tim_ex.c.obj
 .debug_abbrev  0x00002810      0x2f8 CMakeFiles/PDM_Firmware.dir/Drivers/STM32F1xx_HAL_Driver/Src/stm32f1xx_hal_uart.c.obj
 .debug_abbrev  0x00002b08      0x13f CMakeFiles/PDM_Firmware.dir/Core/Src/system_stm32f1xx.c.obj
 .debug_abbrev  0x00002c47       0xbc CMakeFiles/PDM_Firmware.dir/Core/Src/sysmem.c.obj
 .debug_abbrev  0x00002d03       0x24 CMakeFiles/PDM_Firmware.dir/startup_stm32f103xb.s.obj
 .debug_abbrev  0x00002d27      0x21c C:/ST/STM32CubeCLT_1.17.0/GNU-tools-for-STM32/bin/../lib/gcc/arm-none-eabi/12.3.1/../../../../arm-none-eabi/lib/thumb/v7-m/nofp\libg_nano.a(libc_a-sprintf.o)
 .debug_abbrev  0x00002f43      0x15e C:/ST/STM32CubeCLT_1.17.0/GNU-tools-for-STM32/bin/../lib/gcc/arm-none-eabi/12.3.1/../../../../arm-none-eabi/lib/thumb/v7-m/nofp\libg_nano.a(libc_a-errno.o)
 .debug_abbrev  0x000030a1       0x28 C:/ST/STM32CubeCLT_1.17.0/GNU-tools-for-STM32/bin/../lib/gcc/arm-none-eabi/12.3.1/../../../../arm-none-eabi/lib/thumb/v7-m/nofp\libg_nano.a(libc_a-strlen.o)
 .debug_abbrev  0x000030c9      0x31e C:/ST/STM32CubeCLT_1.17.0/GNU-tools-for-STM32/bin/../lib/gcc/arm-none-eabi/12.3.1/../../../../arm-none-eabi/lib/thumb/v7-m/nofp\libg_nano.a(libc_a-nano-svfprintf.o)
 .debug_abbrev  0x000033e7      0x28e C:/ST/STM32CubeCLT_1.17.0/GNU-tools-for-STM32/bin/../lib/gcc/arm-none-eabi/12.3.1/../../../../arm-none-eabi/lib/thumb/v7-m/nofp\libg_nano.a(libc_a-nano-vfprintf_i.o)
 .debug_abbrev  0x00003675       0xac C:/ST/STM32CubeCLT_1.17.0/GNU-tools-for-STM32/bin/../lib/gcc/arm-none-eabi/12.3.1/../../../../arm-none-eabi/lib/thumb/v7-m/nofp\libg_nano.a(libc_a-memmove.o)
 .debug_abbrev  0x00003721       0xb1 C:/ST/STM32CubeCLT_1.17.0/GNU-tools-for-STM32/bin/../lib/gcc/arm-none-eabi/12.3.1/../../../../arm-none-eabi/lib/thumb/v7-m/nofp\libg_nano.a(libc_a-memchr-stub.o)
 .debug_abbrev  0x000037d2       0xc1 C:/ST/STM32CubeCLT_1.17.0/GNU-tools-for-STM32/bin/../lib/gcc/arm-none-eabi/12.3.1/../../../../arm-none-eabi/lib/thumb/v7-m/nofp\libg_nano.a(libc_a-memcpy-stub.o)
 .debug_abbrev  0x00003893      0x217 C:/ST/STM32CubeCLT_1.17.0/GNU-tools-for-STM32/bin/../lib/gcc/arm-none-eabi/12.3.1/../../../../arm-none-eabi/lib/thumb/v7-m/nofp\libg_nano.a(libc_a-reallocr.o)
 .debug_abbrev  0x00003aaa      0x196 C:/ST/STM32CubeCLT_1.17.0/GNU-tools-for-STM32/bin/../lib/gcc/arm-none-eabi/12.3.1/../../../../arm-none-eabi/lib/thumb/v7-m/nofp\libg_nano.a(libc_a-msizer.o)

.debug_aranges  0x00000000     0x1108
 .debug_aranges
                0x00000000       0x40 CMakeFiles/PDM_Firmware.dir/Core/Src/main.c.obj
 .debug_aranges
                0x00000040       0x20 CMakeFiles/PDM_Firmware.dir/Core/Src/gpio.c.obj
 .debug_aranges
                0x00000060       0x30 CMakeFiles/PDM_Firmware.dir/Core/Src/adc.c.obj
 .debug_aranges
                0x00000090       0x30 CMakeFiles/PDM_Firmware.dir/Core/Src/can.c.obj
 .debug_aranges
                0x000000c0       0x20 CMakeFiles/PDM_Firmware.dir/Core/Src/dma.c.obj
 .debug_aranges
                0x000000e0       0x38 CMakeFiles/PDM_Firmware.dir/Core/Src/tim.c.obj
 .debug_aranges
                0x00000118       0x30 CMakeFiles/PDM_Firmware.dir/Core/Src/usart.c.obj
 .debug_aranges
                0x00000148       0x70 CMakeFiles/PDM_Firmware.dir/Core/Src/stm32f1xx_it.c.obj
 .debug_aranges
                0x000001b8       0x20 CMakeFiles/PDM_Firmware.dir/Core/Src/stm32f1xx_hal_msp.c.obj
 .debug_aranges
                0x000001d8       0xf0 CMakeFiles/PDM_Firmware.dir/Drivers/STM32F1xx_HAL_Driver/Src/stm32f1xx_hal_adc.c.obj
 .debug_aranges
                0x000002c8       0x80 CMakeFiles/PDM_Firmware.dir/Drivers/STM32F1xx_HAL_Driver/Src/stm32f1xx_hal_adc_ex.c.obj
 .debug_aranges
                0x00000348       0xe0 CMakeFiles/PDM_Firmware.dir/Drivers/STM32F1xx_HAL_Driver/Src/stm32f1xx_hal.c.obj
 .debug_aranges
                0x00000428       0x90 CMakeFiles/PDM_Firmware.dir/Drivers/STM32F1xx_HAL_Driver/Src/stm32f1xx_hal_rcc.c.obj
 .debug_aranges
                0x000004b8       0x30 CMakeFiles/PDM_Firmware.dir/Drivers/STM32F1xx_HAL_Driver/Src/stm32f1xx_hal_rcc_ex.c.obj
 .debug_aranges
                0x000004e8       0x58 CMakeFiles/PDM_Firmware.dir/Drivers/STM32F1xx_HAL_Driver/Src/stm32f1xx_hal_gpio.c.obj
 .debug_aranges
                0x00000540       0x80 CMakeFiles/PDM_Firmware.dir/Drivers/STM32F1xx_HAL_Driver/Src/stm32f1xx_hal_dma.c.obj
 .debug_aranges
                0x000005c0      0x100 CMakeFiles/PDM_Firmware.dir/Drivers/STM32F1xx_HAL_Driver/Src/stm32f1xx_hal_cortex.c.obj
 .debug_aranges
                0x000006c0      0x138 CMakeFiles/PDM_Firmware.dir/Drivers/STM32F1xx_HAL_Driver/Src/stm32f1xx_hal_can.c.obj
 .debug_aranges
                0x000007f8      0x3d0 CMakeFiles/PDM_Firmware.dir/Drivers/STM32F1xx_HAL_Driver/Src/stm32f1xx_hal_tim.c.obj
 .debug_aranges
                0x00000bc8      0x168 CMakeFiles/PDM_Firmware.dir/Drivers/STM32F1xx_HAL_Driver/Src/stm32f1xx_hal_tim_ex.c.obj
 .debug_aranges
                0x00000d30      0x208 CMakeFiles/PDM_Firmware.dir/Drivers/STM32F1xx_HAL_Driver/Src/stm32f1xx_hal_uart.c.obj
 .debug_aranges
                0x00000f38       0x28 CMakeFiles/PDM_Firmware.dir/Core/Src/system_stm32f1xx.c.obj
 .debug_aranges
                0x00000f60       0x20 CMakeFiles/PDM_Firmware.dir/Core/Src/sysmem.c.obj
 .debug_aranges
                0x00000f80       0x28 CMakeFiles/PDM_Firmware.dir/startup_stm32f103xb.s.obj
 .debug_aranges
                0x00000fa8       0x28 C:/ST/STM32CubeCLT_1.17.0/GNU-tools-for-STM32/bin/../lib/gcc/arm-none-eabi/12.3.1/../../../../arm-none-eabi/lib/thumb/v7-m/nofp\libg_nano.a(libc_a-sprintf.o)
 .debug_aranges
                0x00000fd0       0x20 C:/ST/STM32CubeCLT_1.17.0/GNU-tools-for-STM32/bin/../lib/gcc/arm-none-eabi/12.3.1/../../../../arm-none-eabi/lib/thumb/v7-m/nofp\libg_nano.a(libc_a-errno.o)
 .debug_aranges
                0x00000ff0       0x20 C:/ST/STM32CubeCLT_1.17.0/GNU-tools-for-STM32/bin/../lib/gcc/arm-none-eabi/12.3.1/../../../../arm-none-eabi/lib/thumb/v7-m/nofp\libg_nano.a(libc_a-strlen.o)
 .debug_aranges
                0x00001010       0x30 C:/ST/STM32CubeCLT_1.17.0/GNU-tools-for-STM32/bin/../lib/gcc/arm-none-eabi/12.3.1/../../../../arm-none-eabi/lib/thumb/v7-m/nofp\libg_nano.a(libc_a-nano-svfprintf.o)
 .debug_aranges
                0x00001040       0x28 C:/ST/STM32CubeCLT_1.17.0/GNU-tools-for-STM32/bin/../lib/gcc/arm-none-eabi/12.3.1/../../../../arm-none-eabi/lib/thumb/v7-m/nofp\libg_nano.a(libc_a-nano-vfprintf_i.o)
 .debug_aranges
                0x00001068       0x20 C:/ST/STM32CubeCLT_1.17.0/GNU-tools-for-STM32/bin/../lib/gcc/arm-none-eabi/12.3.1/../../../../arm-none-eabi/lib/thumb/v7-m/nofp\libg_nano.a(libc_a-memmove.o)
 .debug_aranges
                0x00001088       0x20 C:/ST/STM32CubeCLT_1.17.0/GNU-tools-for-STM32/bin/../lib/gcc/arm-none-eabi/12.3.1/../../../../arm-none-eabi/lib/thumb/v7-m/nofp\libg_nano.a(libc_a-memchr-stub.o)
 .debug_aranges
                0x000010a8       0x20 C:/ST/STM32CubeCLT_1.17.0/GNU-tools-for-STM32/bin/../lib/gcc/arm-none-eabi/12.3.1/../../../../arm-none-eabi/lib/thumb/v7-m/nofp\libg_nano.a(libc_a-memcpy-stub.o)
 .debug_aranges
                0x000010c8       0x20 C:/ST/STM32CubeCLT_1.17.0/GNU-tools-for-STM32/bin/../lib/gcc/arm-none-eabi/12.3.1/../../../../arm-none-eabi/lib/thumb/v7-m/nofp\libg_nano.a(libc_a-reallocr.o)
 .debug_aranges
                0x000010e8       0x20 C:/ST/STM32CubeCLT_1.17.0/GNU-tools-for-STM32/bin/../lib/gcc/arm-none-eabi/12.3.1/../../../../arm-none-eabi/lib/thumb/v7-m/nofp\libg_nano.a(libc_a-msizer.o)

.debug_rnglists
                0x00000000      0xd5a
 .debug_rnglists
                0x00000000       0x2d CMakeFiles/PDM_Firmware.dir/Core/Src/main.c.obj
 .debug_rnglists
                0x0000002d       0x14 CMakeFiles/PDM_Firmware.dir/Core/Src/gpio.c.obj
 .debug_rnglists
                0x00000041       0x21 CMakeFiles/PDM_Firmware.dir/Core/Src/adc.c.obj
 .debug_rnglists
                0x00000062       0x20 CMakeFiles/PDM_Firmware.dir/Core/Src/can.c.obj
 .debug_rnglists
                0x00000082       0x13 CMakeFiles/PDM_Firmware.dir/Core/Src/dma.c.obj
 .debug_rnglists
                0x00000095       0x26 CMakeFiles/PDM_Firmware.dir/Core/Src/tim.c.obj
 .debug_rnglists
                0x000000bb       0x20 CMakeFiles/PDM_Firmware.dir/Core/Src/usart.c.obj
 .debug_rnglists
                0x000000db       0x4f CMakeFiles/PDM_Firmware.dir/Core/Src/stm32f1xx_it.c.obj
 .debug_rnglists
                0x0000012a       0x13 CMakeFiles/PDM_Firmware.dir/Core/Src/stm32f1xx_hal_msp.c.obj
 .debug_rnglists
                0x0000013d       0xbc CMakeFiles/PDM_Firmware.dir/Drivers/STM32F1xx_HAL_Driver/Src/stm32f1xx_hal_adc.c.obj
 .debug_rnglists
                0x000001f9       0x65 CMakeFiles/PDM_Firmware.dir/Drivers/STM32F1xx_HAL_Driver/Src/stm32f1xx_hal_adc_ex.c.obj
 .debug_rnglists
                0x0000025e       0xa3 CMakeFiles/PDM_Firmware.dir/Drivers/STM32F1xx_HAL_Driver/Src/stm32f1xx_hal.c.obj
 .debug_rnglists
                0x00000301       0x6c CMakeFiles/PDM_Firmware.dir/Drivers/STM32F1xx_HAL_Driver/Src/stm32f1xx_hal_rcc.c.obj
 .debug_rnglists
                0x0000036d       0x21 CMakeFiles/PDM_Firmware.dir/Drivers/STM32F1xx_HAL_Driver/Src/stm32f1xx_hal_rcc_ex.c.obj
 .debug_rnglists
                0x0000038e       0x3f CMakeFiles/PDM_Firmware.dir/Drivers/STM32F1xx_HAL_Driver/Src/stm32f1xx_hal_gpio.c.obj
 .debug_rnglists
                0x000003cd       0x64 CMakeFiles/PDM_Firmware.dir/Drivers/STM32F1xx_HAL_Driver/Src/stm32f1xx_hal_dma.c.obj
 .debug_rnglists
                0x00000431       0xbb CMakeFiles/PDM_Firmware.dir/Drivers/STM32F1xx_HAL_Driver/Src/stm32f1xx_hal_cortex.c.obj
 .debug_rnglists
                0x000004ec       0xed CMakeFiles/PDM_Firmware.dir/Drivers/STM32F1xx_HAL_Driver/Src/stm32f1xx_hal_can.c.obj
 .debug_rnglists
                0x000005d9      0x31a CMakeFiles/PDM_Firmware.dir/Drivers/STM32F1xx_HAL_Driver/Src/stm32f1xx_hal_tim.c.obj
 .debug_rnglists
                0x000008f3      0x125 CMakeFiles/PDM_Firmware.dir/Drivers/STM32F1xx_HAL_Driver/Src/stm32f1xx_hal_tim_ex.c.obj
 .debug_rnglists
                0x00000a18      0x1bc CMakeFiles/PDM_Firmware.dir/Drivers/STM32F1xx_HAL_Driver/Src/stm32f1xx_hal_uart.c.obj
 .debug_rnglists
                0x00000bd4       0x1a CMakeFiles/PDM_Firmware.dir/Core/Src/system_stm32f1xx.c.obj
 .debug_rnglists
                0x00000bee       0x13 CMakeFiles/PDM_Firmware.dir/Core/Src/sysmem.c.obj
 .debug_rnglists
                0x00000c01       0x19 CMakeFiles/PDM_Firmware.dir/startup_stm32f103xb.s.obj
 .debug_rnglists
                0x00000c1a       0x19 C:/ST/STM32CubeCLT_1.17.0/GNU-tools-for-STM32/bin/../lib/gcc/arm-none-eabi/12.3.1/../../../../arm-none-eabi/lib/thumb/v7-m/nofp\libg_nano.a(libc_a-sprintf.o)
 .debug_rnglists
                0x00000c33       0x13 C:/ST/STM32CubeCLT_1.17.0/GNU-tools-for-STM32/bin/../lib/gcc/arm-none-eabi/12.3.1/../../../../arm-none-eabi/lib/thumb/v7-m/nofp\libg_nano.a(libc_a-errno.o)
 .debug_rnglists
                0x00000c46       0x48 C:/ST/STM32CubeCLT_1.17.0/GNU-tools-for-STM32/bin/../lib/gcc/arm-none-eabi/12.3.1/../../../../arm-none-eabi/lib/thumb/v7-m/nofp\libg_nano.a(libc_a-nano-svfprintf.o)
 .debug_rnglists
                0x00000c8e       0x6d C:/ST/STM32CubeCLT_1.17.0/GNU-tools-for-STM32/bin/../lib/gcc/arm-none-eabi/12.3.1/../../../../arm-none-eabi/lib/thumb/v7-m/nofp\libg_nano.a(libc_a-nano-vfprintf_i.o)
 .debug_rnglists
                0x00000cfb       0x13 C:/ST/STM32CubeCLT_1.17.0/GNU-tools-for-STM32/bin/../lib/gcc/arm-none-eabi/12.3.1/../../../../arm-none-eabi/lib/thumb/v7-m/nofp\libg_nano.a(libc_a-memmove.o)
 .debug_rnglists
                0x00000d0e       0x13 C:/ST/STM32CubeCLT_1.17.0/GNU-tools-for-STM32/bin/../lib/gcc/arm-none-eabi/12.3.1/../../../../arm-none-eabi/lib/thumb/v7-m/nofp\libg_nano.a(libc_a-memchr-stub.o)
 .debug_rnglists
                0x00000d21       0x13 C:/ST/STM32CubeCLT_1.17.0/GNU-tools-for-STM32/bin/../lib/gcc/arm-none-eabi/12.3.1/../../../../arm-none-eabi/lib/thumb/v7-m/nofp\libg_nano.a(libc_a-memcpy-stub.o)
 .debug_rnglists
                0x00000d34       0x13 C:/ST/STM32CubeCLT_1.17.0/GNU-tools-for-STM32/bin/../lib/gcc/arm-none-eabi/12.3.1/../../../../arm-none-eabi/lib/thumb/v7-m/nofp\libg_nano.a(libc_a-reallocr.o)
 .debug_rnglists
                0x00000d47       0x13 C:/ST/STM32CubeCLT_1.17.0/GNU-tools-for-STM32/bin/../lib/gcc/arm-none-eabi/12.3.1/../../../../arm-none-eabi/lib/thumb/v7-m/nofp\libg_nano.a(libc_a-msizer.o)

.debug_macro    0x00000000    0x199cf
 .debug_macro   0x00000000      0x309 CMakeFiles/PDM_Firmware.dir/Core/Src/main.c.obj
 .debug_macro   0x00000309      0xaa8 CMakeFiles/PDM_Firmware.dir/Core/Src/main.c.obj
 .debug_macro   0x00000db1      0x22d CMakeFiles/PDM_Firmware.dir/Core/Src/main.c.obj
 .debug_macro   0x00000fde       0x2e CMakeFiles/PDM_Firmware.dir/Core/Src/main.c.obj
 .debug_macro   0x0000100c       0x22 CMakeFiles/PDM_Firmware.dir/Core/Src/main.c.obj
 .debug_macro   0x0000102e       0x22 CMakeFiles/PDM_Firmware.dir/Core/Src/main.c.obj
 .debug_macro   0x00001050       0x8e CMakeFiles/PDM_Firmware.dir/Core/Src/main.c.obj
 .debug_macro   0x000010de       0x51 CMakeFiles/PDM_Firmware.dir/Core/Src/main.c.obj
 .debug_macro   0x0000112f      0x103 CMakeFiles/PDM_Firmware.dir/Core/Src/main.c.obj
 .debug_macro   0x00001232       0x6a CMakeFiles/PDM_Firmware.dir/Core/Src/main.c.obj
 .debug_macro   0x0000129c      0x1df CMakeFiles/PDM_Firmware.dir/Core/Src/main.c.obj
 .debug_macro   0x0000147b       0x1c CMakeFiles/PDM_Firmware.dir/Core/Src/main.c.obj
 .debug_macro   0x00001497       0x22 CMakeFiles/PDM_Firmware.dir/Core/Src/main.c.obj
 .debug_macro   0x000014b9       0xbd CMakeFiles/PDM_Firmware.dir/Core/Src/main.c.obj
 .debug_macro   0x00001576      0xd23 CMakeFiles/PDM_Firmware.dir/Core/Src/main.c.obj
 .debug_macro   0x00002299     0xe09e CMakeFiles/PDM_Firmware.dir/Core/Src/main.c.obj
 .debug_macro   0x00010337       0x6d CMakeFiles/PDM_Firmware.dir/Core/Src/main.c.obj
 .debug_macro   0x000103a4     0x34a2 CMakeFiles/PDM_Firmware.dir/Core/Src/main.c.obj
 .debug_macro   0x00013846      0x189 CMakeFiles/PDM_Firmware.dir/Core/Src/main.c.obj
 .debug_macro   0x000139cf       0x5c CMakeFiles/PDM_Firmware.dir/Core/Src/main.c.obj
 .debug_macro   0x00013a2b      0x5bc CMakeFiles/PDM_Firmware.dir/Core/Src/main.c.obj
 .debug_macro   0x00013fe7      0x289 CMakeFiles/PDM_Firmware.dir/Core/Src/main.c.obj
 .debug_macro   0x00014270      0x1cb CMakeFiles/PDM_Firmware.dir/Core/Src/main.c.obj
 .debug_macro   0x0001443b      0x114 CMakeFiles/PDM_Firmware.dir/Core/Src/main.c.obj
 .debug_macro   0x0001454f      0x1b2 CMakeFiles/PDM_Firmware.dir/Core/Src/main.c.obj
 .debug_macro   0x00014701       0x27 CMakeFiles/PDM_Firmware.dir/Core/Src/main.c.obj
 .debug_macro   0x00014728      0x136 CMakeFiles/PDM_Firmware.dir/Core/Src/main.c.obj
 .debug_macro   0x0001485e      0x1bc CMakeFiles/PDM_Firmware.dir/Core/Src/main.c.obj
 .debug_macro   0x00014a1a       0x34 CMakeFiles/PDM_Firmware.dir/Core/Src/main.c.obj
 .debug_macro   0x00014a4e       0x3c CMakeFiles/PDM_Firmware.dir/Core/Src/main.c.obj
 .debug_macro   0x00014a8a      0x408 CMakeFiles/PDM_Firmware.dir/Core/Src/main.c.obj
 .debug_macro   0x00014e92       0x57 CMakeFiles/PDM_Firmware.dir/Core/Src/main.c.obj
 .debug_macro   0x00014ee9      0x46a CMakeFiles/PDM_Firmware.dir/Core/Src/main.c.obj
 .debug_macro   0x00015353      0x1b5 CMakeFiles/PDM_Firmware.dir/Core/Src/main.c.obj
 .debug_macro   0x00015508       0x87 CMakeFiles/PDM_Firmware.dir/Core/Src/main.c.obj
 .debug_macro   0x0001558f      0x240 CMakeFiles/PDM_Firmware.dir/Core/Src/main.c.obj
 .debug_macro   0x000157cf      0x140 CMakeFiles/PDM_Firmware.dir/Core/Src/main.c.obj
 .debug_macro   0x0001590f      0x8ed CMakeFiles/PDM_Firmware.dir/Core/Src/main.c.obj
 .debug_macro   0x000161fc      0x28e CMakeFiles/PDM_Firmware.dir/Core/Src/main.c.obj
 .debug_macro   0x0001648a       0x83 CMakeFiles/PDM_Firmware.dir/Core/Src/main.c.obj
 .debug_macro   0x0001650d       0x4c CMakeFiles/PDM_Firmware.dir/Core/Src/main.c.obj
 .debug_macro   0x00016559       0x74 CMakeFiles/PDM_Firmware.dir/Core/Src/main.c.obj
 .debug_macro   0x000165cd       0x24 CMakeFiles/PDM_Firmware.dir/Core/Src/main.c.obj
 .debug_macro   0x000165f1       0x3c CMakeFiles/PDM_Firmware.dir/Core/Src/main.c.obj
 .debug_macro   0x0001662d       0x34 CMakeFiles/PDM_Firmware.dir/Core/Src/main.c.obj
 .debug_macro   0x00016661       0x16 CMakeFiles/PDM_Firmware.dir/Core/Src/main.c.obj
 .debug_macro   0x00016677       0x35 CMakeFiles/PDM_Firmware.dir/Core/Src/main.c.obj
 .debug_macro   0x000166ac      0x369 CMakeFiles/PDM_Firmware.dir/Core/Src/main.c.obj
 .debug_macro   0x00016a15       0x10 CMakeFiles/PDM_Firmware.dir/Core/Src/main.c.obj
 .debug_macro   0x00016a25       0x16 CMakeFiles/PDM_Firmware.dir/Core/Src/main.c.obj
 .debug_macro   0x00016a3b       0x43 CMakeFiles/PDM_Firmware.dir/Core/Src/main.c.obj
 .debug_macro   0x00016a7e       0x34 CMakeFiles/PDM_Firmware.dir/Core/Src/main.c.obj
 .debug_macro   0x00016ab2       0x10 CMakeFiles/PDM_Firmware.dir/Core/Src/main.c.obj
 .debug_macro   0x00016ac2       0x58 CMakeFiles/PDM_Firmware.dir/Core/Src/main.c.obj
 .debug_macro   0x00016b1a      0x1de CMakeFiles/PDM_Firmware.dir/Core/Src/main.c.obj
 .debug_macro   0x00016cf8       0x16 CMakeFiles/PDM_Firmware.dir/Core/Src/main.c.obj
 .debug_macro   0x00016d0e       0x16 CMakeFiles/PDM_Firmware.dir/Core/Src/main.c.obj
 .debug_macro   0x00016d24      0x170 CMakeFiles/PDM_Firmware.dir/Core/Src/main.c.obj
 .debug_macro   0x00016e94       0x16 CMakeFiles/PDM_Firmware.dir/Core/Src/main.c.obj
 .debug_macro   0x00016eaa       0x20 CMakeFiles/PDM_Firmware.dir/Core/Src/main.c.obj
 .debug_macro   0x00016eca      0x1da CMakeFiles/PDM_Firmware.dir/Core/Src/gpio.c.obj
 .debug_macro   0x000170a4      0x1da CMakeFiles/PDM_Firmware.dir/Core/Src/adc.c.obj
 .debug_macro   0x0001727e      0x1da CMakeFiles/PDM_Firmware.dir/Core/Src/can.c.obj
 .debug_macro   0x00017458      0x1da CMakeFiles/PDM_Firmware.dir/Core/Src/dma.c.obj
 .debug_macro   0x00017632      0x1da CMakeFiles/PDM_Firmware.dir/Core/Src/tim.c.obj
 .debug_macro   0x0001780c      0x1da CMakeFiles/PDM_Firmware.dir/Core/Src/usart.c.obj
 .debug_macro   0x000179e6      0x1da CMakeFiles/PDM_Firmware.dir/Core/Src/stm32f1xx_it.c.obj
 .debug_macro   0x00017bc0      0x1d0 CMakeFiles/PDM_Firmware.dir/Core/Src/stm32f1xx_hal_msp.c.obj
 .debug_macro   0x00017d90      0x1de CMakeFiles/PDM_Firmware.dir/Drivers/STM32F1xx_HAL_Driver/Src/stm32f1xx_hal_adc.c.obj
 .debug_macro   0x00017f6e      0x1d3 CMakeFiles/PDM_Firmware.dir/Drivers/STM32F1xx_HAL_Driver/Src/stm32f1xx_hal_adc_ex.c.obj
 .debug_macro   0x00018141      0x1e5 CMakeFiles/PDM_Firmware.dir/Drivers/STM32F1xx_HAL_Driver/Src/stm32f1xx_hal.c.obj
 .debug_macro   0x00018326      0x1d3 CMakeFiles/PDM_Firmware.dir/Drivers/STM32F1xx_HAL_Driver/Src/stm32f1xx_hal_rcc.c.obj
 .debug_macro   0x000184f9      0x1c1 CMakeFiles/PDM_Firmware.dir/Drivers/STM32F1xx_HAL_Driver/Src/stm32f1xx_hal_rcc_ex.c.obj
 .debug_macro   0x000186ba      0x22c CMakeFiles/PDM_Firmware.dir/Drivers/STM32F1xx_HAL_Driver/Src/stm32f1xx_hal_gpio.c.obj
 .debug_macro   0x000188e6      0x1c1 CMakeFiles/PDM_Firmware.dir/Drivers/STM32F1xx_HAL_Driver/Src/stm32f1xx_hal_dma.c.obj
 .debug_macro   0x00018aa7      0x1c1 CMakeFiles/PDM_Firmware.dir/Drivers/STM32F1xx_HAL_Driver/Src/stm32f1xx_hal_cortex.c.obj
 .debug_macro   0x00018c68      0x1d0 CMakeFiles/PDM_Firmware.dir/Drivers/STM32F1xx_HAL_Driver/Src/stm32f1xx_hal_can.c.obj
 .debug_macro   0x00018e38      0x1c2 CMakeFiles/PDM_Firmware.dir/Drivers/STM32F1xx_HAL_Driver/Src/stm32f1xx_hal_tim.c.obj
 .debug_macro   0x00018ffa      0x1c1 CMakeFiles/PDM_Firmware.dir/Drivers/STM32F1xx_HAL_Driver/Src/stm32f1xx_hal_tim_ex.c.obj
 .debug_macro   0x000191bb      0x1c2 CMakeFiles/PDM_Firmware.dir/Drivers/STM32F1xx_HAL_Driver/Src/stm32f1xx_hal_uart.c.obj
 .debug_macro   0x0001937d      0x1c1 CMakeFiles/PDM_Firmware.dir/Core/Src/system_stm32f1xx.c.obj
 .debug_macro   0x0001953e       0xec CMakeFiles/PDM_Firmware.dir/Core/Src/sysmem.c.obj
 .debug_macro   0x0001962a       0x10 CMakeFiles/PDM_Firmware.dir/Core/Src/sysmem.c.obj
 .debug_macro   0x0001963a       0x6e CMakeFiles/PDM_Firmware.dir/Core/Src/sysmem.c.obj
 .debug_macro   0x000196a8       0x94 CMakeFiles/PDM_Firmware.dir/Core/Src/sysmem.c.obj
 .debug_macro   0x0001973c       0x57 CMakeFiles/PDM_Firmware.dir/Core/Src/sysmem.c.obj
 .debug_macro   0x00019793      0x23c CMakeFiles/PDM_Firmware.dir/Core/Src/sysmem.c.obj

.debug_line     0x00000000    0x159bd
 .debug_line    0x00000000      0x919 CMakeFiles/PDM_Firmware.dir/Core/Src/main.c.obj
 .debug_line    0x00000919      0x73e CMakeFiles/PDM_Firmware.dir/Core/Src/gpio.c.obj
 .debug_line    0x00001057      0x7b7 CMakeFiles/PDM_Firmware.dir/Core/Src/adc.c.obj
 .debug_line    0x0000180e      0x788 CMakeFiles/PDM_Firmware.dir/Core/Src/can.c.obj
 .debug_line    0x00001f96      0x70e CMakeFiles/PDM_Firmware.dir/Core/Src/dma.c.obj
 .debug_line    0x000026a4      0x7ca CMakeFiles/PDM_Firmware.dir/Core/Src/tim.c.obj
 .debug_line    0x00002e6e      0x782 CMakeFiles/PDM_Firmware.dir/Core/Src/usart.c.obj
 .debug_line    0x000035f0      0x805 CMakeFiles/PDM_Firmware.dir/Core/Src/stm32f1xx_it.c.obj
 .debug_line    0x00003df5      0x713 CMakeFiles/PDM_Firmware.dir/Core/Src/stm32f1xx_hal_msp.c.obj
 .debug_line    0x00004508     0x103b CMakeFiles/PDM_Firmware.dir/Drivers/STM32F1xx_HAL_Driver/Src/stm32f1xx_hal_adc.c.obj
 .debug_line    0x00005543      0xd75 CMakeFiles/PDM_Firmware.dir/Drivers/STM32F1xx_HAL_Driver/Src/stm32f1xx_hal_adc_ex.c.obj
 .debug_line    0x000062b8      0x9be CMakeFiles/PDM_Firmware.dir/Drivers/STM32F1xx_HAL_Driver/Src/stm32f1xx_hal.c.obj
 .debug_line    0x00006c76      0xdc7 CMakeFiles/PDM_Firmware.dir/Drivers/STM32F1xx_HAL_Driver/Src/stm32f1xx_hal_rcc.c.obj
 .debug_line    0x00007a3d      0x908 CMakeFiles/PDM_Firmware.dir/Drivers/STM32F1xx_HAL_Driver/Src/stm32f1xx_hal_rcc_ex.c.obj
 .debug_line    0x00008345      0xa57 CMakeFiles/PDM_Firmware.dir/Drivers/STM32F1xx_HAL_Driver/Src/stm32f1xx_hal_gpio.c.obj
 .debug_line    0x00008d9c      0xe17 CMakeFiles/PDM_Firmware.dir/Drivers/STM32F1xx_HAL_Driver/Src/stm32f1xx_hal_dma.c.obj
 .debug_line    0x00009bb3      0xbaa CMakeFiles/PDM_Firmware.dir/Drivers/STM32F1xx_HAL_Driver/Src/stm32f1xx_hal_cortex.c.obj
 .debug_line    0x0000a75d     0x11a0 CMakeFiles/PDM_Firmware.dir/Drivers/STM32F1xx_HAL_Driver/Src/stm32f1xx_hal_can.c.obj
 .debug_line    0x0000b8fd     0x34e3 CMakeFiles/PDM_Firmware.dir/Drivers/STM32F1xx_HAL_Driver/Src/stm32f1xx_hal_tim.c.obj
 .debug_line    0x0000ede0     0x190d CMakeFiles/PDM_Firmware.dir/Drivers/STM32F1xx_HAL_Driver/Src/stm32f1xx_hal_tim_ex.c.obj
 .debug_line    0x000106ed     0x289d CMakeFiles/PDM_Firmware.dir/Drivers/STM32F1xx_HAL_Driver/Src/stm32f1xx_hal_uart.c.obj
 .debug_line    0x00012f8a      0x791 CMakeFiles/PDM_Firmware.dir/Core/Src/system_stm32f1xx.c.obj
 .debug_line    0x0001371b      0x344 CMakeFiles/PDM_Firmware.dir/Core/Src/sysmem.c.obj
 .debug_line    0x00013a5f       0x78 CMakeFiles/PDM_Firmware.dir/startup_stm32f103xb.s.obj
 .debug_line    0x00013ad7      0x2ba C:/ST/STM32CubeCLT_1.17.0/GNU-tools-for-STM32/bin/../lib/gcc/arm-none-eabi/12.3.1/../../../../arm-none-eabi/lib/thumb/v7-m/nofp\libg_nano.a(libc_a-sprintf.o)
 .debug_line    0x00013d91      0x185 C:/ST/STM32CubeCLT_1.17.0/GNU-tools-for-STM32/bin/../lib/gcc/arm-none-eabi/12.3.1/../../../../arm-none-eabi/lib/thumb/v7-m/nofp\libg_nano.a(libc_a-errno.o)
 .debug_line    0x00013f16       0x4f C:/ST/STM32CubeCLT_1.17.0/GNU-tools-for-STM32/bin/../lib/gcc/arm-none-eabi/12.3.1/../../../../arm-none-eabi/lib/thumb/v7-m/nofp\libg_nano.a(libc_a-strlen.o)
 .debug_line    0x00013f65      0x8ac C:/ST/STM32CubeCLT_1.17.0/GNU-tools-for-STM32/bin/../lib/gcc/arm-none-eabi/12.3.1/../../../../arm-none-eabi/lib/thumb/v7-m/nofp\libg_nano.a(libc_a-nano-svfprintf.o)
 .debug_line    0x00014811      0x771 C:/ST/STM32CubeCLT_1.17.0/GNU-tools-for-STM32/bin/../lib/gcc/arm-none-eabi/12.3.1/../../../../arm-none-eabi/lib/thumb/v7-m/nofp\libg_nano.a(libc_a-nano-vfprintf_i.o)
 .debug_line    0x00014f82      0x1bb C:/ST/STM32CubeCLT_1.17.0/GNU-tools-for-STM32/bin/../lib/gcc/arm-none-eabi/12.3.1/../../../../arm-none-eabi/lib/thumb/v7-m/nofp\libg_nano.a(libc_a-memmove.o)
 .debug_line    0x0001513d      0x1fe C:/ST/STM32CubeCLT_1.17.0/GNU-tools-for-STM32/bin/../lib/gcc/arm-none-eabi/12.3.1/../../../../arm-none-eabi/lib/thumb/v7-m/nofp\libg_nano.a(libc_a-memchr-stub.o)
 .debug_line    0x0001533b      0x207 C:/ST/STM32CubeCLT_1.17.0/GNU-tools-for-STM32/bin/../lib/gcc/arm-none-eabi/12.3.1/../../../../arm-none-eabi/lib/thumb/v7-m/nofp\libg_nano.a(libc_a-memcpy-stub.o)
 .debug_line    0x00015542      0x276 C:/ST/STM32CubeCLT_1.17.0/GNU-tools-for-STM32/bin/../lib/gcc/arm-none-eabi/12.3.1/../../../../arm-none-eabi/lib/thumb/v7-m/nofp\libg_nano.a(libc_a-reallocr.o)
 .debug_line    0x000157b8      0x205 C:/ST/STM32CubeCLT_1.17.0/GNU-tools-for-STM32/bin/../lib/gcc/arm-none-eabi/12.3.1/../../../../arm-none-eabi/lib/thumb/v7-m/nofp\libg_nano.a(libc_a-msizer.o)

.debug_str      0x00000000    0x92c13
 .debug_str     0x00000000    0x8dcd8 CMakeFiles/PDM_Firmware.dir/Core/Src/main.c.obj
                              0x8e14d (size before relaxing)
 .debug_str     0x0008dcd8       0xf6 CMakeFiles/PDM_Firmware.dir/Core/Src/gpio.c.obj
                              0x8a46d (size before relaxing)
 .debug_str     0x0008ddce      0x387 CMakeFiles/PDM_Firmware.dir/Core/Src/adc.c.obj
                              0x8ab53 (size before relaxing)
 .debug_str     0x0008e155      0x2d0 CMakeFiles/PDM_Firmware.dir/Core/Src/can.c.obj
                              0x8a767 (size before relaxing)
 .debug_str     0x0008e425       0x39 CMakeFiles/PDM_Firmware.dir/Core/Src/dma.c.obj
                              0x8a6cb (size before relaxing)
 .debug_str     0x0008e45e      0x211 CMakeFiles/PDM_Firmware.dir/Core/Src/tim.c.obj
                              0x8ab0e (size before relaxing)
 .debug_str     0x0008e66f       0x78 CMakeFiles/PDM_Firmware.dir/Core/Src/usart.c.obj
                              0x8a8b5 (size before relaxing)
 .debug_str     0x0008e6e7      0x12f CMakeFiles/PDM_Firmware.dir/Core/Src/stm32f1xx_it.c.obj
                              0x8a783 (size before relaxing)
 .debug_str     0x0008e816       0x53 CMakeFiles/PDM_Firmware.dir/Core/Src/stm32f1xx_hal_msp.c.obj
                              0x8a3f5 (size before relaxing)
 .debug_str     0x0008e869      0x39d CMakeFiles/PDM_Firmware.dir/Drivers/STM32F1xx_HAL_Driver/Src/stm32f1xx_hal_adc.c.obj
                              0x8a98c (size before relaxing)
 .debug_str     0x0008ec06      0x2ff CMakeFiles/PDM_Firmware.dir/Drivers/STM32F1xx_HAL_Driver/Src/stm32f1xx_hal_adc_ex.c.obj
                              0x8a95c (size before relaxing)
 .debug_str     0x0008ef05      0x395 CMakeFiles/PDM_Firmware.dir/Drivers/STM32F1xx_HAL_Driver/Src/stm32f1xx_hal.c.obj
                              0x8a9db (size before relaxing)
 .debug_str     0x0008f29a      0x26c CMakeFiles/PDM_Firmware.dir/Drivers/STM32F1xx_HAL_Driver/Src/stm32f1xx_hal_rcc.c.obj
                              0x8a6d7 (size before relaxing)
 .debug_str     0x0008f506       0xab CMakeFiles/PDM_Firmware.dir/Drivers/STM32F1xx_HAL_Driver/Src/stm32f1xx_hal_rcc_ex.c.obj
                              0x8a427 (size before relaxing)