Archive member included to satisfy reference by file (symbol)

C:/ST/STM32CubeCLT_1.17.0/GNU-tools-for-STM32/bin/../lib/gcc/arm-none-eabi/12.3.1/../../../../arm-none-eabi/lib/thumb/v7-m/nofp\libc_nano.a(libc_a-exit.o)
                              C:/ST/STM32CubeCLT_1.17.0/GNU-tools-for-STM32/bin/../lib/gcc/arm-none-eabi/12.3.1/../../../../arm-none-eabi/lib/thumb/v7-m/nofp/crt0.o (exit)
C:/ST/STM32CubeCLT_1.17.0/GNU-tools-for-STM32/bin/../lib/gcc/arm-none-eabi/12.3.1/../../../../arm-none-eabi/lib/thumb/v7-m/nofp\libc_nano.a(libc_a-findfp.o)
                              C:/ST/STM32CubeCLT_1.17.0/GNU-tools-for-STM32/bin/../lib/gcc/arm-none-eabi/12.3.1/../../../../arm-none-eabi/lib/thumb/v7-m/nofp\libc_nano.a(libc_a-exit.o) (__stdio_exit_handler)
C:/ST/STM32CubeCLT_1.17.0/GNU-tools-for-STM32/bin/../lib/gcc/arm-none-eabi/12.3.1/../../../../arm-none-eabi/lib/thumb/v7-m/nofp\libc_nano.a(libc_a-fwalk.o)
                              C:/ST/STM32CubeCLT_1.17.0/GNU-tools-for-STM32/bin/../lib/gcc/arm-none-eabi/12.3.1/../../../../arm-none-eabi/lib/thumb/v7-m/nofp\libc_nano.a(libc_a-findfp.o) (_fwalk_sglue)
C:/ST/STM32CubeCLT_1.17.0/GNU-tools-for-STM32/bin/../lib/gcc/arm-none-eabi/12.3.1/../../../../arm-none-eabi/lib/thumb/v7-m/nofp\libc_nano.a(libc_a-stdio.o)
                              C:/ST/STM32CubeCLT_1.17.0/GNU-tools-for-STM32/bin/../lib/gcc/arm-none-eabi/12.3.1/../../../../arm-none-eabi/lib/thumb/v7-m/nofp\libc_nano.a(libc_a-findfp.o) (__sread)
C:/ST/STM32CubeCLT_1.17.0/GNU-tools-for-STM32/bin/../lib/gcc/arm-none-eabi/12.3.1/../../../../arm-none-eabi/lib/thumb/v7-m/nofp\libc_nano.a(libc_a-memset.o)
                              C:/ST/STM32CubeCLT_1.17.0/GNU-tools-for-STM32/bin/../lib/gcc/arm-none-eabi/12.3.1/../../../../arm-none-eabi/lib/thumb/v7-m/nofp/crt0.o (memset)
C:/ST/STM32CubeCLT_1.17.0/GNU-tools-for-STM32/bin/../lib/gcc/arm-none-eabi/12.3.1/../../../../arm-none-eabi/lib/thumb/v7-m/nofp\libc_nano.a(libc_a-closer.o)
                              C:/ST/STM32CubeCLT_1.17.0/GNU-tools-for-STM32/bin/../lib/gcc/arm-none-eabi/12.3.1/../../../../arm-none-eabi/lib/thumb/v7-m/nofp\libc_nano.a(libc_a-stdio.o) (_close_r)
C:/ST/STM32CubeCLT_1.17.0/GNU-tools-for-STM32/bin/../lib/gcc/arm-none-eabi/12.3.1/../../../../arm-none-eabi/lib/thumb/v7-m/nofp\libc_nano.a(libc_a-reent.o)
                              C:/ST/STM32CubeCLT_1.17.0/GNU-tools-for-STM32/bin/../lib/gcc/arm-none-eabi/12.3.1/../../../../arm-none-eabi/lib/thumb/v7-m/nofp\libc_nano.a(libc_a-closer.o) (errno)
C:/ST/STM32CubeCLT_1.17.0/GNU-tools-for-STM32/bin/../lib/gcc/arm-none-eabi/12.3.1/../../../../arm-none-eabi/lib/thumb/v7-m/nofp\libc_nano.a(libc_a-impure.o)
                              C:/ST/STM32CubeCLT_1.17.0/GNU-tools-for-STM32/bin/../lib/gcc/arm-none-eabi/12.3.1/../../../../arm-none-eabi/lib/thumb/v7-m/nofp\libc_nano.a(libc_a-reent.o) (_impure_ptr)
C:/ST/STM32CubeCLT_1.17.0/GNU-tools-for-STM32/bin/../lib/gcc/arm-none-eabi/12.3.1/../../../../arm-none-eabi/lib/thumb/v7-m/nofp\libc_nano.a(libc_a-lseekr.o)
                              C:/ST/STM32CubeCLT_1.17.0/GNU-tools-for-STM32/bin/../lib/gcc/arm-none-eabi/12.3.1/../../../../arm-none-eabi/lib/thumb/v7-m/nofp\libc_nano.a(libc_a-stdio.o) (_lseek_r)
C:/ST/STM32CubeCLT_1.17.0/GNU-tools-for-STM32/bin/../lib/gcc/arm-none-eabi/12.3.1/../../../../arm-none-eabi/lib/thumb/v7-m/nofp\libc_nano.a(libc_a-readr.o)
                              C:/ST/STM32CubeCLT_1.17.0/GNU-tools-for-STM32/bin/../lib/gcc/arm-none-eabi/12.3.1/../../../../arm-none-eabi/lib/thumb/v7-m/nofp\libc_nano.a(libc_a-stdio.o) (_read_r)
C:/ST/STM32CubeCLT_1.17.0/GNU-tools-for-STM32/bin/../lib/gcc/arm-none-eabi/12.3.1/../../../../arm-none-eabi/lib/thumb/v7-m/nofp\libc_nano.a(libc_a-writer.o)
                              C:/ST/STM32CubeCLT_1.17.0/GNU-tools-for-STM32/bin/../lib/gcc/arm-none-eabi/12.3.1/../../../../arm-none-eabi/lib/thumb/v7-m/nofp\libc_nano.a(libc_a-stdio.o) (_write_r)
C:/ST/STM32CubeCLT_1.17.0/GNU-tools-for-STM32/bin/../lib/gcc/arm-none-eabi/12.3.1/../../../../arm-none-eabi/lib/thumb/v7-m/nofp\libc_nano.a(libc_a-init.o)
                              C:/ST/STM32CubeCLT_1.17.0/GNU-tools-for-STM32/bin/../lib/gcc/arm-none-eabi/12.3.1/../../../../arm-none-eabi/lib/thumb/v7-m/nofp/crt0.o (__libc_init_array)
C:/ST/STM32CubeCLT_1.17.0/GNU-tools-for-STM32/bin/../lib/gcc/arm-none-eabi/12.3.1/../../../../arm-none-eabi/lib/thumb/v7-m/nofp\libc_nano.a(libc_a-lock.o)
                              C:/ST/STM32CubeCLT_1.17.0/GNU-tools-for-STM32/bin/../lib/gcc/arm-none-eabi/12.3.1/../../../../arm-none-eabi/lib/thumb/v7-m/nofp\libc_nano.a(libc_a-findfp.o) (__retarget_lock_init_recursive)
C:/ST/STM32CubeCLT_1.17.0/GNU-tools-for-STM32/bin/../lib/gcc/arm-none-eabi/12.3.1/../../../../arm-none-eabi/lib/thumb/v7-m/nofp\libc_nano.a(libc_a-freer.o)
                              C:/ST/STM32CubeCLT_1.17.0/GNU-tools-for-STM32/bin/../lib/gcc/arm-none-eabi/12.3.1/../../../../arm-none-eabi/lib/thumb/v7-m/nofp\libc_nano.a(libc_a-reent.o) (_free_r)
[...]
Memory Configuration

Name             Origin             Length             Attributes
RAM              0x20000000         0x00005000         xrw
FLASH            0x08000000         0x00010000         xr
*default*        0x00000000         0xffffffff

Linker script and memory map

LOAD C:/ST/STM32CubeCLT_1.17.0/GNU-tools-for-STM32/bin/../lib/gcc/arm-none-eabi/12.3.1/thumb/v7-m/nofp/crti.o
LOAD C:/ST/STM32CubeCLT_1.17.0/GNU-tools-for-STM32/bin/../lib/gcc/arm-none-eabi/12.3.1/thumb/v7-m/nofp/crtbegin.o
LOAD C:/ST/STM32CubeCLT_1.17.0/GNU-tools-for-STM32/bin/../lib/gcc/arm-none-eabi/12.3.1/../../../../arm-none-eabi/lib/thumb/v7-m/nofp/crt0.o
START GROUP
LOAD C:/ST/STM32CubeCLT_1.17.0/GNU-tools-for-STM32/bin/../lib/gcc/arm-none-eabi/12.3.1/../../../../arm-none-eabi/lib/thumb/v7-m/nofp\libc_nano.a
LOAD C:/ST/STM32CubeCLT_1.17.0/GNU-tools-for-STM32/bin/../lib/gcc/arm-none-eabi/12.3.1/../../../../arm-none-eabi/lib/thumb/v7-m/nofp\libm.a
END GROUP
LOAD CMakeFiles/PDM_Firmware.dir/Core/Src/main.c.obj
LOAD CMakeFiles/PDM_Firmware.dir/Core/Src/gpio.c.obj
LOAD CMakeFiles/PDM_Firmware.dir/Core/Src/adc.c.obj
LOAD CMakeFiles/PDM_Firmware.dir/Core/Src/can.c.obj
LOAD CMakeFiles/PDM_Firmware.dir/Core/Src/tim.c.obj
LOAD CMakeFiles/PDM_Firmware.dir/Core/Src/usart.c.obj
LOAD CMakeFiles/PDM_Firmware.dir/Core/Src/stm32f1xx_it.c.obj
LOAD CMakeFiles/PDM_Firmware.dir/Core/Src/stm32f1xx_hal_msp.c.obj
LOAD CMakeFiles/PDM_Firmware.dir/Drivers/STM32F1xx_HAL_Driver/Src/stm32f1xx_hal_gpio_ex.c.obj
LOAD CMakeFiles/PDM_Firmware.dir/Drivers/STM32F1xx_HAL_Driver/Src/stm32f1xx_hal_adc.c.obj
LOAD CMakeFiles/PDM_Firmware.dir/Drivers/STM32F1xx_HAL_Driver/Src/stm32f1xx_hal_adc_ex.c.obj
LOAD CMakeFiles/PDM_Firmware.dir/Drivers/STM32F1xx_HAL_Driver/Src/stm32f1xx_hal.c.obj
LOAD CMakeFiles/PDM_Firmware.dir/Drivers/STM32F1xx_HAL_Driver/Src/stm32f1xx_hal_rcc.c.obj
LOAD CMakeFiles/PDM_Firmware.dir/Drivers/STM32F1xx_HAL_Driver/Src/stm32f1xx_hal_rcc_ex.c.obj
LOAD CMakeFiles/PDM_Firmware.dir/Drivers/STM32F1xx_HAL_Driver/Src/stm32f1xx_hal_gpio.c.obj
LOAD CMakeFiles/PDM_Firmware.dir/Drivers/STM32F1xx_HAL_Driver/Src/stm32f1xx_hal_dma.c.obj
LOAD CMakeFiles/PDM_Firmware.dir/Drivers/STM32F1xx_HAL_Driver/Src/stm32f1xx_hal_cortex.c.obj
LOAD CMakeFiles/PDM_Firmware.dir/Drivers/STM32F1xx_HAL_Driver/Src/stm32f1xx_hal_pwr.c.obj
LOAD CMakeFiles/PDM_Firmware.dir/Drivers/STM32F1xx_HAL_Driver/Src/stm32f1xx_hal_flash.c.obj
LOAD CMakeFiles/PDM_Firmware.dir/Drivers/STM32F1xx_HAL_Driver/Src/stm32f1xx_hal_flash_ex.c.obj
LOAD CMakeFiles/PDM_Firmware.dir/Drivers/STM32F1xx_HAL_Driver/Src/stm32f1xx_hal_exti.c.obj
LOAD CMakeFiles/PDM_Firmware.dir/Drivers/STM32F1xx_HAL_Driver/Src/stm32f1xx_hal_can.c.obj
LOAD CMakeFiles/PDM_Firmware.dir/Drivers/STM32F1xx_HAL_Driver/Src/stm32f1xx_hal_tim.c.obj
LOAD CMakeFiles/PDM_Firmware.dir/Drivers/STM32F1xx_HAL_Driver/Src/stm32f1xx_hal_tim_ex.c.obj
LOAD CMakeFiles/PDM_Firmware.dir/Drivers/STM32F1xx_HAL_Driver/Src/stm32f1xx_hal_uart.c.obj
LOAD CMakeFiles/PDM_Firmware.dir/Core/Src/system_stm32f1xx.c.obj
LOAD CMakeFiles/PDM_Firmware.dir/Core/Src/sysmem.c.obj
LOAD CMakeFiles/PDM_Firmware.dir/Core/Src/syscalls.c.obj
LOAD CMakeFiles/PDM_Firmware.dir/startup_stm32f103xb.s.obj
START GROUP
LOAD C:/ST/STM32CubeCLT_1.17.0/GNU-tools-for-STM32/bin/../lib/gcc/arm-none-eabi/12.3.1/thumb/v7-m/nofp\libgcc.a
LOAD C:/ST/STM32CubeCLT_1.17.0/GNU-tools-for-STM32/bin/../lib/gcc/arm-none-eabi/12.3.1/../../../../arm-none-eabi/lib/thumb/v7-m/nofp\libg_nano.a
LOAD C:/ST/STM32CubeCLT_1.17.0/GNU-tools-for-STM32/bin/../lib/gcc/arm-none-eabi/12.3.1/../../../../arm-none-eabi/lib/thumb/v7-m/nofp\libc_nano.a
END GROUP
START GROUP
LOAD C:/ST/STM32CubeCLT_1.17.0/GNU-tools-for-STM32/bin/../lib/gcc/arm-none-eabi/12.3.1/thumb/v7-m/nofp\libgcc.a
LOAD C:/ST/STM32CubeCLT_1.17.0/GNU-tools-for-STM32/bin/../lib/gcc/arm-none-eabi/12.3.1/../../../../arm-none-eabi/lib/thumb/v7-m/nofp\libc_nano.a
END GROUP
LOAD C:/ST/STM32CubeCLT_1.17.0/GNU-tools-for-STM32/bin/../lib/gcc/arm-none-eabi/12.3.1/thumb/v7-m/nofp/crtend.o
LOAD C:/ST/STM32CubeCLT_1.17.0/GNU-tools-for-STM32/bin/../lib/gcc/arm-none-eabi/12.3.1/thumb/v7-m/nofp/crtn.o
                0x20005000                        _estack = (ORIGIN (RAM) + LENGTH (RAM))
                0x00000200                        _Min_Heap_Size = 0x200
                0x00000400                        _Min_Stack_Size = 0x400

.isr_vector     0x08000000      0x10c
                0x08000000                        . = ALIGN (0x4)
 *(.isr_vector)
 .isr_vector    0x08000000      0x10c CMakeFiles/PDM_Firmware.dir/startup_stm32f103xb.s.obj
                0x08000000                g_pfnVectors
                0x0800010c                        . = ALIGN (0x4)

.text           0x0800010c     0x2ce4
                0x0800010c                        . = ALIGN (0x4)
 *(.text)
 .text          0x0800010c       0x40 C:/ST/STM32CubeCLT_1.17.0/GNU-tools-for-STM32/bin/../lib/gcc/arm-none-eabi/12.3.1/thumb/v7-m/nofp/crtbegin.o
 *(.text*)
 .text.memset   0x0800014c       0x10 C:/ST/STM32CubeCLT_1.17.0/GNU-tools-for-STM32/bin/../lib/gcc/arm-none-eabi/12.3.1/../../../../arm-none-eabi/lib/thumb/v7-m/nofp\libc_nano.a(libc_a-memset.o)
                0x0800014c                memset
 .text.__libc_init_array
                0x0800015c       0x48 C:/ST/STM32CubeCLT_1.17.0/GNU-tools-for-STM32/bin/../lib/gcc/arm-none-eabi/12.3.1/../../../../arm-none-eabi/lib/thumb/v7-m/nofp\libc_nano.a(libc_a-init.o)
                0x0800015c                __libc_init_array
 .text.main     0x080001a4       0x58 CMakeFiles/PDM_Firmware.dir/Core/Src/main.c.obj
                0x080001a4                main
 .text.SystemClock_Config
                0x080001fc       0xb6 CMakeFiles/PDM_Firmware.dir/Core/Src/main.c.obj
                0x080001fc                SystemClock_Config
 *fill*         0x080002b2        0x2 
 .text.PWMDutyCycleSet
                0x080002b4       0x34 CMakeFiles/PDM_Firmware.dir/Core/Src/main.c.obj
                0x080002b4                PWMDutyCycleSet
 .text.Error_Handler
                0x080002e8        0xc CMakeFiles/PDM_Firmware.dir/Core/Src/main.c.obj
                0x080002e8                Error_Handler
 .text.MX_GPIO_Init
                0x080002f4      0x108 CMakeFiles/PDM_Firmware.dir/Core/Src/gpio.c.obj
                0x080002f4                MX_GPIO_Init
 .text.MX_ADC1_Init
                0x080003fc       0x7c CMakeFiles/PDM_Firmware.dir/Core/Src/adc.c.obj
                0x080003fc                MX_ADC1_Init
 .text.MX_ADC2_Init
                0x08000478       0x7c CMakeFiles/PDM_Firmware.dir/Core/Src/adc.c.obj
                0x08000478                MX_ADC2_Init
 .text.HAL_ADC_MspInit
                0x080004f4       0xcc CMakeFiles/PDM_Firmware.dir/Core/Src/adc.c.obj
                0x080004f4                HAL_ADC_MspInit
 .text.MX_CAN_Init
                0x080005c0       0x68 CMakeFiles/PDM_Firmware.dir/Core/Src/can.c.obj
                0x080005c0                MX_CAN_Init
 .text.HAL_CAN_MspInit
                0x08000628       0xc0 CMakeFiles/PDM_Firmware.dir/Core/Src/can.c.obj
                0x08000628                HAL_CAN_MspInit
 .text.MX_TIM4_Init
                0x080006e8       0xec CMakeFiles/PDM_Firmware.dir/Core/Src/tim.c.obj
                0x080006e8                MX_TIM4_Init
 .text.HAL_TIM_Base_MspInit
                0x080007d4       0x3c CMakeFiles/PDM_Firmware.dir/Core/Src/tim.c.obj
                0x080007d4                HAL_TIM_Base_MspInit
 .text.HAL_TIM_MspPostInit
                0x08000810       0x64 CMakeFiles/PDM_Firmware.dir/Core/Src/tim.c.obj
                0x08000810                HAL_TIM_MspPostInit
 .text.MX_USART1_UART_Init
                0x08000874       0x54 CMakeFiles/PDM_Firmware.dir/Core/Src/usart.c.obj
                0x08000874                MX_USART1_UART_Init
 .text.HAL_UART_MspInit
                0x080008c8       0x98 CMakeFiles/PDM_Firmware.dir/Core/Src/usart.c.obj
                0x080008c8                HAL_UART_MspInit
 .text.NMI_Handler
                0x08000960        0x8 CMakeFiles/PDM_Firmware.dir/Core/Src/stm32f1xx_it.c.obj
                0x08000960                NMI_Handler
 .text.HardFault_Handler
                0x08000968        0x8 CMakeFiles/PDM_Firmware.dir/Core/Src/stm32f1xx_it.c.obj
                0x08000968                HardFault_Handler
 .text.MemManage_Handler
                0x08000970        0x8 CMakeFiles/PDM_Firmware.dir/Core/Src/stm32f1xx_it.c.obj
                0x08000970                MemManage_Handler
 .text.BusFault_Handler
                0x08000978        0x8 CMakeFiles/PDM_Firmware.dir/Core/Src/stm32f1xx_it.c.obj
                0x08000978                BusFault_Handler
 .text.UsageFault_Handler
                0x08000980        0x8 CMakeFiles/PDM_Firmware.dir/Core/Src/stm32f1xx_it.c.obj
                0x08000980                UsageFault_Handler
 .text.SVC_Handler
                0x08000988        0xc CMakeFiles/PDM_Firmware.dir/Core/Src/stm32f1xx_it.c.obj
                0x08000988                SVC_Handler
 .text.DebugMon_Handler
                0x08000994        0xc CMakeFiles/PDM_Firmware.dir/Core/Src/stm32f1xx_it.c.obj
                0x08000994                DebugMon_Handler
 .text.PendSV_Handler
                0x080009a0        0xc CMakeFiles/PDM_Firmware.dir/Core/Src/stm32f1xx_it.c.obj
                0x080009a0                PendSV_Handler
 .text.SysTick_Handler
                0x080009ac        0xc CMakeFiles/PDM_Firmware.dir/Core/Src/stm32f1xx_it.c.obj
                0x080009ac                SysTick_Handler
 .text.HAL_MspInit
                0x080009b8       0x64 CMakeFiles/PDM_Firmware.dir/Core/Src/stm32f1xx_hal_msp.c.obj
                0x080009b8                HAL_MspInit
 .text.HAL_ADC_Init
                0x08000a1c      0x1b0 CMakeFiles/PDM_Firmware.dir/Drivers/STM32F1xx_HAL_Driver/Src/stm32f1xx_hal_adc.c.obj
                0x08000a1c                HAL_ADC_Init
 .text.HAL_ADC_ConfigChannel
                0x08000bcc      0x1f0 CMakeFiles/PDM_Firmware.dir/Drivers/STM32F1xx_HAL_Driver/Src/stm32f1xx_hal_adc.c.obj
                0x08000bcc                HAL_ADC_ConfigChannel
 .text.ADC_ConversionStop_Disable
                0x08000dbc       0x82 CMakeFiles/PDM_Firmware.dir/Drivers/STM32F1xx_HAL_Driver/Src/stm32f1xx_hal_adc.c.obj
                0x08000dbc                ADC_ConversionStop_Disable
 *fill*         0x08000e3e        0x2 
 .text.HAL_Init
                0x08000e40       0x2c CMakeFiles/PDM_Firmware.dir/Drivers/STM32F1xx_HAL_Driver/Src/stm32f1xx_hal.c.obj
                0x08000e40                HAL_Init
 .text.HAL_InitTick
                0x08000e6c       0x60 CMakeFiles/PDM_Firmware.dir/Drivers/STM32F1xx_HAL_Driver/Src/stm32f1xx_hal.c.obj
                0x08000e6c                HAL_InitTick
 .text.HAL_IncTick
                0x08000ecc       0x24 CMakeFiles/PDM_Firmware.dir/Drivers/STM32F1xx_HAL_Driver/Src/stm32f1xx_hal.c.obj
                0x08000ecc                HAL_IncTick
 .text.HAL_GetTick
                0x08000ef0       0x14 CMakeFiles/PDM_Firmware.dir/Drivers/STM32F1xx_HAL_Driver/Src/stm32f1xx_hal.c.obj
                0x08000ef0                HAL_GetTick
 .text.HAL_Delay
                0x08000f04       0x48 CMakeFiles/PDM_Firmware.dir/Drivers/STM32F1xx_HAL_Driver/Src/stm32f1xx_hal.c.obj
                0x08000f04                HAL_Delay
 .text.HAL_RCC_OscConfig
                0x08000f4c      0x504 CMakeFiles/PDM_Firmware.dir/Drivers/STM32F1xx_HAL_Driver/Src/stm32f1xx_hal_rcc.c.obj
                0x08000f4c                HAL_RCC_OscConfig
 .text.HAL_RCC_ClockConfig
                0x08001450      0x1d4 CMakeFiles/PDM_Firmware.dir/Drivers/STM32F1xx_HAL_Driver/Src/stm32f1xx_hal_rcc.c.obj
                0x08001450                HAL_RCC_ClockConfig
 .text.HAL_RCC_GetSysClockFreq
                0x08001624       0xa8 CMakeFiles/PDM_Firmware.dir/Drivers/STM32F1xx_HAL_Driver/Src/stm32f1xx_hal_rcc.c.obj
                0x08001624                HAL_RCC_GetSysClockFreq
 .text.HAL_RCC_GetHCLKFreq
                0x080016cc       0x14 CMakeFiles/PDM_Firmware.dir/Drivers/STM32F1xx_HAL_Driver/Src/stm32f1xx_hal_rcc.c.obj
                0x080016cc                HAL_RCC_GetHCLKFreq
 .text.HAL_RCC_GetPCLK1Freq
                0x080016e0       0x28 CMakeFiles/PDM_Firmware.dir/Drivers/STM32F1xx_HAL_Driver/Src/stm32f1xx_hal_rcc.c.obj
                0x080016e0                HAL_RCC_GetPCLK1Freq
 .text.HAL_RCC_GetPCLK2Freq
                0x08001708       0x28 CMakeFiles/PDM_Firmware.dir/Drivers/STM32F1xx_HAL_Driver/Src/stm32f1xx_hal_rcc.c.obj
                0x08001708                HAL_RCC_GetPCLK2Freq
 .text.RCC_Delay
                0x08001730       0x3c CMakeFiles/PDM_Firmware.dir/Drivers/STM32F1xx_HAL_Driver/Src/stm32f1xx_hal_rcc.c.obj
 .text.HAL_RCCEx_PeriphCLKConfig
                0x0800176c      0x16c CMakeFiles/PDM_Firmware.dir/Drivers/STM32F1xx_HAL_Driver/Src/stm32f1xx_hal_rcc_ex.c.obj
                0x0800176c                HAL_RCCEx_PeriphCLKConfig
 .text.HAL_GPIO_Init
                0x080018d8      0x308 CMakeFiles/PDM_Firmware.dir/Drivers/STM32F1xx_HAL_Driver/Src/stm32f1xx_hal_gpio.c.obj
                0x080018d8                HAL_GPIO_Init
 .text.HAL_GPIO_WritePin
                0x08001be0       0x30 CMakeFiles/PDM_Firmware.dir/Drivers/STM32F1xx_HAL_Driver/Src/stm32f1xx_hal_gpio.c.obj
                0x08001be0                HAL_GPIO_WritePin
 .text.HAL_GPIO_TogglePin
                0x08001c10       0x32 CMakeFiles/PDM_Firmware.dir/Drivers/STM32F1xx_HAL_Driver/Src/stm32f1xx_hal_gpio.c.obj
                0x08001c10                HAL_GPIO_TogglePin
 *fill*         0x08001c42        0x2 
 .text.__NVIC_SetPriorityGrouping
                0x08001c44       0x48 CMakeFiles/PDM_Firmware.dir/Drivers/STM32F1xx_HAL_Driver/Src/stm32f1xx_hal_cortex.c.obj
 .text.__NVIC_GetPriorityGrouping
                0x08001c8c       0x1c CMakeFiles/PDM_Firmware.dir/Drivers/STM32F1xx_HAL_Driver/Src/stm32f1xx_hal_cortex.c.obj
 .text.__NVIC_SetPriority
                0x08001ca8       0x54 CMakeFiles/PDM_Firmware.dir/Drivers/STM32F1xx_HAL_Driver/Src/stm32f1xx_hal_cortex.c.obj
 .text.NVIC_EncodePriority
                0x08001cfc       0x64 CMakeFiles/PDM_Firmware.dir/Drivers/STM32F1xx_HAL_Driver/Src/stm32f1xx_hal_cortex.c.obj
 .text.SysTick_Config
                0x08001d60       0x44 CMakeFiles/PDM_Firmware.dir/Drivers/STM32F1xx_HAL_Driver/Src/stm32f1xx_hal_cortex.c.obj
 .text.HAL_NVIC_SetPriorityGrouping
                0x08001da4       0x16 CMakeFiles/PDM_Firmware.dir/Drivers/STM32F1xx_HAL_Driver/Src/stm32f1xx_hal_cortex.c.obj
                0x08001da4                HAL_NVIC_SetPriorityGrouping
 .text.HAL_NVIC_SetPriority
                0x08001dba       0x38 CMakeFiles/PDM_Firmware.dir/Drivers/STM32F1xx_HAL_Driver/Src/stm32f1xx_hal_cortex.c.obj
                0x08001dba                HAL_NVIC_SetPriority
 .text.HAL_SYSTICK_Config
                0x08001df2       0x18 CMakeFiles/PDM_Firmware.dir/Drivers/STM32F1xx_HAL_Driver/Src/stm32f1xx_hal_cortex.c.obj
                0x08001df2                HAL_SYSTICK_Config
 .text.HAL_CAN_Init
                0x08001e0a      0x1f6 CMakeFiles/PDM_Firmware.dir/Drivers/STM32F1xx_HAL_Driver/Src/stm32f1xx_hal_can.c.obj
                0x08001e0a                HAL_CAN_Init
 .text.HAL_TIM_Base_Init
                0x08002000       0x9e CMakeFiles/PDM_Firmware.dir/Drivers/STM32F1xx_HAL_Driver/Src/stm32f1xx_hal_tim.c.obj
                0x08002000                HAL_TIM_Base_Init
 .text.HAL_TIM_PWM_Init
                0x0800209e       0x9e CMakeFiles/PDM_Firmware.dir/Drivers/STM32F1xx_HAL_Driver/Src/stm32f1xx_hal_tim.c.obj
                0x0800209e                HAL_TIM_PWM_Init
 .text.HAL_TIM_PWM_MspInit
                0x0800213c       0x12 CMakeFiles/PDM_Firmware.dir/Drivers/STM32F1xx_HAL_Driver/Src/stm32f1xx_hal_tim.c.obj
                0x0800213c                HAL_TIM_PWM_MspInit
 *fill*         0x0800214e        0x2 
 .text.HAL_TIM_PWM_Start
                0x08002150      0x144 CMakeFiles/PDM_Firmware.dir/Drivers/STM32F1xx_HAL_Driver/Src/stm32f1xx_hal_tim.c.obj
                0x08002150                HAL_TIM_PWM_Start
 .text.HAL_TIM_PWM_ConfigChannel
                0x08002294      0x184 CMakeFiles/PDM_Firmware.dir/Drivers/STM32F1xx_HAL_Driver/Src/stm32f1xx_hal_tim.c.obj
                0x08002294                HAL_TIM_PWM_ConfigChannel
 .text.HAL_TIM_ConfigClockSource
                0x08002418      0x18e CMakeFiles/PDM_Firmware.dir/Drivers/STM32F1xx_HAL_Driver/Src/stm32f1xx_hal_tim.c.obj
                0x08002418                HAL_TIM_ConfigClockSource
 *fill*         0x080025a6        0x2 
 .text.TIM_Base_SetConfig
                0x080025a8       0xdc CMakeFiles/PDM_Firmware.dir/Drivers/STM32F1xx_HAL_Driver/Src/stm32f1xx_hal_tim.c.obj
                0x080025a8                TIM_Base_SetConfig
 .text.TIM_OC1_SetConfig
                0x08002684       0xcc CMakeFiles/PDM_Firmware.dir/Drivers/STM32F1xx_HAL_Driver/Src/stm32f1xx_hal_tim.c.obj
 .text.TIM_OC2_SetConfig
                0x08002750       0xd4 CMakeFiles/PDM_Firmware.dir/Drivers/STM32F1xx_HAL_Driver/Src/stm32f1xx_hal_tim.c.obj
                0x08002750                TIM_OC2_SetConfig
 .text.TIM_OC3_SetConfig
                0x08002824       0xd4 CMakeFiles/PDM_Firmware.dir/Drivers/STM32F1xx_HAL_Driver/Src/stm32f1xx_hal_tim.c.obj
 .text.TIM_OC4_SetConfig
                0x080028f8       0x9c CMakeFiles/PDM_Firmware.dir/Drivers/STM32F1xx_HAL_Driver/Src/stm32f1xx_hal_tim.c.obj
 .text.TIM_TI1_ConfigInputStage
                0x08002994       0x5c CMakeFiles/PDM_Firmware.dir/Drivers/STM32F1xx_HAL_Driver/Src/stm32f1xx_hal_tim.c.obj
 .text.TIM_TI2_ConfigInputStage
                0x080029f0       0x5e CMakeFiles/PDM_Firmware.dir/Drivers/STM32F1xx_HAL_Driver/Src/stm32f1xx_hal_tim.c.obj
 .text.TIM_ITRx_SetConfig
                0x08002a4e       0x34 CMakeFiles/PDM_Firmware.dir/Drivers/STM32F1xx_HAL_Driver/Src/stm32f1xx_hal_tim.c.obj
 .text.TIM_ETR_SetConfig
                0x08002a82       0x3e CMakeFiles/PDM_Firmware.dir/Drivers/STM32F1xx_HAL_Driver/Src/stm32f1xx_hal_tim.c.obj
                0x08002a82                TIM_ETR_SetConfig
 .text.TIM_CCxChannelCmd
                0x08002ac0       0x48 CMakeFiles/PDM_Firmware.dir/Drivers/STM32F1xx_HAL_Driver/Src/stm32f1xx_hal_tim.c.obj
                0x08002ac0                TIM_CCxChannelCmd
 .text.HAL_TIMEx_MasterConfigSynchronization
                0x08002b08       0xbc CMakeFiles/PDM_Firmware.dir/Drivers/STM32F1xx_HAL_Driver/Src/stm32f1xx_hal_tim_ex.c.obj
                0x08002b08                HAL_TIMEx_MasterConfigSynchronization
 .text.HAL_UART_Init
                0x08002bc4       0xa0 CMakeFiles/PDM_Firmware.dir/Drivers/STM32F1xx_HAL_Driver/Src/stm32f1xx_hal_uart.c.obj
                0x08002bc4                HAL_UART_Init
 .text.UART_SetConfig
                0x08002c64      0x11c CMakeFiles/PDM_Firmware.dir/Drivers/STM32F1xx_HAL_Driver/Src/stm32f1xx_hal_uart.c.obj
 .text.SystemInit
                0x08002d80        0xc CMakeFiles/PDM_Firmware.dir/Core/Src/system_stm32f1xx.c.obj
                0x08002d80                SystemInit
 .text.Reset_Handler
                0x08002d8c       0x48 CMakeFiles/PDM_Firmware.dir/startup_stm32f103xb.s.obj
                0x08002d8c                Reset_Handler
 .text.Default_Handler
                0x08002dd4        0x2 CMakeFiles/PDM_Firmware.dir/startup_stm32f103xb.s.obj
                0x08002dd4                RTC_Alarm_IRQHandler
                0x08002dd4                EXTI2_IRQHandler
                0x08002dd4                TIM1_CC_IRQHandler
                0x08002dd4                PVD_IRQHandler
                0x08002dd4                EXTI3_IRQHandler
                0x08002dd4                EXTI0_IRQHandler
                0x08002dd4                I2C2_EV_IRQHandler
                0x08002dd4                ADC1_2_IRQHandler
                0x08002dd4                SPI1_IRQHandler
                0x08002dd4                TAMPER_IRQHandler
                0x08002dd4                DMA1_Channel4_IRQHandler
                0x08002dd4                USART3_IRQHandler
                0x08002dd4                RTC_IRQHandler
                0x08002dd4                DMA1_Channel7_IRQHandler
                0x08002dd4                CAN1_RX1_IRQHandler
                0x08002dd4                TIM4_IRQHandler
                0x08002dd4                I2C1_EV_IRQHandler
                0x08002dd4                DMA1_Channel6_IRQHandler
                0x08002dd4                TIM3_IRQHandler
                0x08002dd4                RCC_IRQHandler
                0x08002dd4                TIM1_TRG_COM_IRQHandler
                0x08002dd4                DMA1_Channel1_IRQHandler
                0x08002dd4                Default_Handler
                0x08002dd4                EXTI15_10_IRQHandler
                0x08002dd4                EXTI9_5_IRQHandler
                0x08002dd4                SPI2_IRQHandler
                0x08002dd4                DMA1_Channel5_IRQHandler
                0x08002dd4                EXTI4_IRQHandler
                0x08002dd4                USB_LP_CAN1_RX0_IRQHandler
                0x08002dd4                USB_HP_CAN1_TX_IRQHandler
                0x08002dd4                DMA1_Channel3_IRQHandler
                0x08002dd4                TIM1_UP_IRQHandler
                0x08002dd4                WWDG_IRQHandler
                0x08002dd4                TIM2_IRQHandler
                0x08002dd4                TIM1_BRK_IRQHandler
                0x08002dd4                EXTI1_IRQHandler
                0x08002dd4                USART2_IRQHandler
                0x08002dd4                I2C2_ER_IRQHandler
                0x08002dd4                DMA1_Channel2_IRQHandler
                0x08002dd4                CAN1_SCE_IRQHandler
                0x08002dd4                FLASH_IRQHandler
                0x08002dd4                USART1_IRQHandler
                0x08002dd4                I2C1_ER_IRQHandler
                0x08002dd4                USBWakeUp_IRQHandler
 *(.glue_7)
 .glue_7        0x08002dd6        0x0 linker stubs
 *(.glue_7t)
 .glue_7t       0x08002dd6        0x0 linker stubs
 *(.eh_frame)
 *fill*         0x08002dd6        0x2 
 .eh_frame      0x08002dd8        0x0 C:/ST/STM32CubeCLT_1.17.0/GNU-tools-for-STM32/bin/../lib/gcc/arm-none-eabi/12.3.1/thumb/v7-m/nofp/crtbegin.o
 *(.init)
 .init          0x08002dd8        0x4 C:/ST/STM32CubeCLT_1.17.0/GNU-tools-for-STM32/bin/../lib/gcc/arm-none-eabi/12.3.1/thumb/v7-m/nofp/crti.o
                0x08002dd8                _init
 .init          0x08002ddc        0x8 C:/ST/STM32CubeCLT_1.17.0/GNU-tools-for-STM32/bin/../lib/gcc/arm-none-eabi/12.3.1/thumb/v7-m/nofp/crtn.o
 *(.fini)
 .fini          0x08002de4        0x4 C:/ST/STM32CubeCLT_1.17.0/GNU-tools-for-STM32/bin/../lib/gcc/arm-none-eabi/12.3.1/thumb/v7-m/nofp/crti.o
                0x08002de4                _fini
 .fini          0x08002de8        0x8 C:/ST/STM32CubeCLT_1.17.0/GNU-tools-for-STM32/bin/../lib/gcc/arm-none-eabi/12.3.1/thumb/v7-m/nofp/crtn.o
                0x08002df0                        . = ALIGN (0x4)
                0x08002df0                        _etext = .

.vfp11_veneer   0x08002df0        0x0
 .vfp11_veneer  0x08002df0        0x0 linker stubs

.v4_bx          0x08002df0        0x0
 .v4_bx         0x08002df0        0x0 linker stubs

.iplt           0x08002df0        0x0
 .iplt          0x08002df0        0x0 C:/ST/STM32CubeCLT_1.17.0/GNU-tools-for-STM32/bin/../lib/gcc/arm-none-eabi/12.3.1/thumb/v7-m/nofp/crtbegin.o

.rodata         0x08002df0       0x2c
                0x08002df0                        . = ALIGN (0x4)
 *(.rodata)
 *(.rodata*)
 .rodata.aPLLMULFactorTable.1
                0x08002df0       0x10 CMakeFiles/PDM_Firmware.dir/Drivers/STM32F1xx_HAL_Driver/Src/stm32f1xx_hal_rcc.c.obj
 .rodata.aPredivFactorTable.0
                0x08002e00        0x2 CMakeFiles/PDM_Firmware.dir/Drivers/STM32F1xx_HAL_Driver/Src/stm32f1xx_hal_rcc.c.obj
 *fill*         0x08002e02        0x2 
 .rodata.AHBPrescTable
                0x08002e04       0x10 CMakeFiles/PDM_Firmware.dir/Core/Src/system_stm32f1xx.c.obj
                0x08002e04                AHBPrescTable
 .rodata.APBPrescTable
                0x08002e14        0x8 CMakeFiles/PDM_Firmware.dir/Core/Src/system_stm32f1xx.c.obj
                0x08002e14                APBPrescTable
                0x08002e1c                        . = ALIGN (0x4)

.rel.dyn        0x08002e1c        0x0
 .rel.iplt      0x08002e1c        0x0 C:/ST/STM32CubeCLT_1.17.0/GNU-tools-for-STM32/bin/../lib/gcc/arm-none-eabi/12.3.1/thumb/v7-m/nofp/crtbegin.o

.ARM.extab
 *(.ARM.extab* .gnu.linkonce.armextab.*)

.ARM            0x08002e1c        0x0
                0x08002e1c                        __exidx_start = .
 *(.ARM.exidx*)
                0x08002e1c                        __exidx_end = .

.preinit_array  0x08002e1c        0x0
                0x08002e1c                        PROVIDE (__preinit_array_start = .)
 *(.preinit_array*)
                0x08002e1c                        PROVIDE (__preinit_array_end = .)

.init_array     0x08002e1c        0x4
                0x08002e1c                        PROVIDE (__init_array_start = .)
 *(SORT_BY_NAME(.init_array.*))
 *(.init_array*)
 .init_array    0x08002e1c        0x4 C:/ST/STM32CubeCLT_1.17.0/GNU-tools-for-STM32/bin/../lib/gcc/arm-none-eabi/12.3.1/thumb/v7-m/nofp/crtbegin.o
                0x08002e20                        PROVIDE (__init_array_end = .)

.fini_array     0x08002e20        0x4
                [!provide]                        PROVIDE (__fini_array_start = .)
 *(SORT_BY_NAME(.fini_array.*))
 *(.fini_array*)
 .fini_array    0x08002e20        0x4 C:/ST/STM32CubeCLT_1.17.0/GNU-tools-for-STM32/bin/../lib/gcc/arm-none-eabi/12.3.1/thumb/v7-m/nofp/crtbegin.o
                [!provide]                        PROVIDE (__fini_array_end = .)
                0x08002e24                        _sidata = LOADADDR (.data)

.data           0x20000000        0xc load address 0x08002e24
                0x20000000                        . = ALIGN (0x4)
                0x20000000                        _sdata = .
 *(.data)
 *(.data*)
 .data.uwTickPrio
                0x20000000        0x4 CMakeFiles/PDM_Firmware.dir/Drivers/STM32F1xx_HAL_Driver/Src/stm32f1xx_hal.c.obj
                0x20000000                uwTickPrio
 .data.uwTickFreq
                0x20000004        0x1 CMakeFiles/PDM_Firmware.dir/Drivers/STM32F1xx_HAL_Driver/Src/stm32f1xx_hal.c.obj
                0x20000004                uwTickFreq
 *fill*         0x20000005        0x3 
 .data.SystemCoreClock
                0x20000008        0x4 CMakeFiles/PDM_Firmware.dir/Core/Src/system_stm32f1xx.c.obj
                0x20000008                SystemCoreClock
                0x2000000c                        . = ALIGN (0x4)
                0x2000000c                        _edata = .

.igot.plt       0x2000000c        0x0 load address 0x08002e30
 .igot.plt      0x2000000c        0x0 C:/ST/STM32CubeCLT_1.17.0/GNU-tools-for-STM32/bin/../lib/gcc/arm-none-eabi/12.3.1/thumb/v7-m/nofp/crtbegin.o
                0x2000000c                        . = ALIGN (0x4)

.bss            0x2000000c      0x138 load address 0x08002e30
                0x2000000c                        _sbss = .
                0x2000000c                        __bss_start__ = _sbss
 *(.bss)
 .bss           0x2000000c       0x1c C:/ST/STM32CubeCLT_1.17.0/GNU-tools-for-STM32/bin/../lib/gcc/arm-none-eabi/12.3.1/thumb/v7-m/nofp/crtbegin.o
 *(.bss*)
 .bss.hadc1     0x20000028       0x30 CMakeFiles/PDM_Firmware.dir/Core/Src/adc.c.obj
                0x20000028                hadc1
 .bss.hadc2     0x20000058       0x30 CMakeFiles/PDM_Firmware.dir/Core/Src/adc.c.obj
                0x20000058                hadc2
 .bss.hcan      0x20000088       0x28 CMakeFiles/PDM_Firmware.dir/Core/Src/can.c.obj
                0x20000088                hcan
 .bss.htim4     0x200000b0       0x48 CMakeFiles/PDM_Firmware.dir/Core/Src/tim.c.obj
                0x200000b0                htim4
 .bss.huart1    0x200000f8       0x48 CMakeFiles/PDM_Firmware.dir/Core/Src/usart.c.obj
                0x200000f8                huart1
 .bss.uwTick    0x20000140        0x4 CMakeFiles/PDM_Firmware.dir/Drivers/STM32F1xx_HAL_Driver/Src/stm32f1xx_hal.c.obj
                0x20000140                uwTick
 *(COMMON)
                0x20000144                        . = ALIGN (0x4)
                0x20000144                        _ebss = .
                0x20000144                        __bss_end__ = _ebss

._user_heap_stack
                0x20000144      0x604 load address 0x08002e30
                0x20000148                        . = ALIGN (0x8)
 *fill*         0x20000144        0x4 
                [!provide]                        PROVIDE (end = .)
                0x20000148                        PROVIDE (_end = .)
                0x20000348                        . = (. + _Min_Heap_Size)
 *fill*         0x20000148      0x200 
                0x20000748                        . = (. + _Min_Stack_Size)
 *fill*         0x20000348      0x400 
                0x20000748                        . = ALIGN (0x8)

/DISCARD/
 libc.a(*)
 libm.a(*)
 libgcc.a(*)
OUTPUT(PDM_Firmware.elf elf32-littlearm)
LOAD linker stubs
LOAD C:/ST/STM32CubeCLT_1.17.0/GNU-tools-for-STM32/bin/../lib/gcc/arm-none-eabi/12.3.1/../../../../arm-none-eabi/lib/thumb/v7-m/nofp\libc.a
LOAD C:/ST/STM32CubeCLT_1.17.0/GNU-tools-for-STM32/bin/../lib/gcc/arm-none-eabi/12.3.1/../../../../arm-none-eabi/lib/thumb/v7-m/nofp\libm.a
LOAD C:/ST/STM32CubeCLT_1.17.0/GNU-tools-for-STM32/bin/../lib/gcc/arm-none-eabi/12.3.1/thumb/v7-m/nofp\libgcc.a

.ARM.attributes
                0x00000000       0x29
 .ARM.attributes
                0x00000000       0x1d C:/ST/STM32CubeCLT_1.17.0/GNU-tools-for-STM32/bin/../lib/gcc/arm-none-eabi/12.3.1/thumb/v7-m/nofp/crti.o
 .ARM.attributes
                0x0000001d       0x2d C:/ST/STM32CubeCLT_1.17.0/GNU-tools-for-STM32/bin/../lib/gcc/arm-none-eabi/12.3.1/thumb/v7-m/nofp/crtbegin.o
 .ARM.attributes
                0x0000004a       0x2d C:/ST/STM32CubeCLT_1.17.0/GNU-tools-for-STM32/bin/../lib/gcc/arm-none-eabi/12.3.1/../../../../arm-none-eabi/lib/thumb/v7-m/nofp\libc_nano.a(libc_a-memset.o)
 .ARM.attributes
                0x00000077       0x2d C:/ST/STM32CubeCLT_1.17.0/GNU-tools-for-STM32/bin/../lib/gcc/arm-none-eabi/12.3.1/../../../../arm-none-eabi/lib/thumb/v7-m/nofp\libc_nano.a(libc_a-init.o)
 .ARM.attributes
                0x000000a4       0x2d CMakeFiles/PDM_Firmware.dir/Core/Src/main.c.obj
 .ARM.attributes
                0x000000d1       0x2d CMakeFiles/PDM_Firmware.dir/Core/Src/gpio.c.obj
 .ARM.attributes
                0x000000fe       0x2d CMakeFiles/PDM_Firmware.dir/Core/Src/adc.c.obj
 .ARM.attributes
                0x0000012b       0x2d CMakeFiles/PDM_Firmware.dir/Core/Src/can.c.obj
 .ARM.attributes
                0x00000158       0x2d CMakeFiles/PDM_Firmware.dir/Core/Src/tim.c.obj
 .ARM.attributes
                0x00000185       0x2d CMakeFiles/PDM_Firmware.dir/Core/Src/usart.c.obj
 .ARM.attributes
                0x000001b2       0x2d CMakeFiles/PDM_Firmware.dir/Core/Src/stm32f1xx_it.c.obj
 .ARM.attributes
                0x000001df       0x2d CMakeFiles/PDM_Firmware.dir/Core/Src/stm32f1xx_hal_msp.c.obj
 .ARM.attributes
                0x0000020c       0x2d CMakeFiles/PDM_Firmware.dir/Drivers/STM32F1xx_HAL_Driver/Src/stm32f1xx_hal_adc.c.obj
 .ARM.attributes
                0x00000239       0x2d CMakeFiles/PDM_Firmware.dir/Drivers/STM32F1xx_HAL_Driver/Src/stm32f1xx_hal.c.obj
 .ARM.attributes
                0x00000266       0x2d CMakeFiles/PDM_Firmware.dir/Drivers/STM32F1xx_HAL_Driver/Src/stm32f1xx_hal_rcc.c.obj
 .ARM.attributes
                0x00000293       0x2d CMakeFiles/PDM_Firmware.dir/Drivers/STM32F1xx_HAL_Driver/Src/stm32f1xx_hal_rcc_ex.c.obj
 .ARM.attributes
                0x000002c0       0x2d CMakeFiles/PDM_Firmware.dir/Drivers/STM32F1xx_HAL_Driver/Src/stm32f1xx_hal_gpio.c.obj
 .ARM.attributes
                0x000002ed       0x2d CMakeFiles/PDM_Firmware.dir/Drivers/STM32F1xx_HAL_Driver/Src/stm32f1xx_hal_cortex.c.obj
 .ARM.attributes
                0x0000031a       0x2d CMakeFiles/PDM_Firmware.dir/Drivers/STM32F1xx_HAL_Driver/Src/stm32f1xx_hal_can.c.obj
 .ARM.attributes
                0x00000347       0x2d CMakeFiles/PDM_Firmware.dir/Drivers/STM32F1xx_HAL_Driver/Src/stm32f1xx_hal_tim.c.obj
 .ARM.attributes
                0x00000374       0x2d CMakeFiles/PDM_Firmware.dir/Drivers/STM32F1xx_HAL_Driver/Src/stm32f1xx_hal_tim_ex.c.obj
 .ARM.attributes
                0x000003a1       0x2d CMakeFiles/PDM_Firmware.dir/Drivers/STM32F1xx_HAL_Driver/Src/stm32f1xx_hal_uart.c.obj
 .ARM.attributes
                0x000003ce       0x2d CMakeFiles/PDM_Firmware.dir/Core/Src/system_stm32f1xx.c.obj
 .ARM.attributes
                0x000003fb       0x21 CMakeFiles/PDM_Firmware.dir/startup_stm32f103xb.s.obj
 .ARM.attributes
                0x0000041c       0x1d C:/ST/STM32CubeCLT_1.17.0/GNU-tools-for-STM32/bin/../lib/gcc/arm-none-eabi/12.3.1/thumb/v7-m/nofp/crtn.o

.comment        0x00000000       0x43
 .comment       0x00000000       0x43 CMakeFiles/PDM_Firmware.dir/Core/Src/main.c.obj
                                 0x44 (size before relaxing)
 .comment       0x00000043       0x44 CMakeFiles/PDM_Firmware.dir/Core/Src/gpio.c.obj
 .comment       0x00000043       0x44 CMakeFiles/PDM_Firmware.dir/Core/Src/adc.c.obj
 .comment       0x00000043       0x44 CMakeFiles/PDM_Firmware.dir/Core/Src/can.c.obj
 .comment       0x00000043       0x44 CMakeFiles/PDM_Firmware.dir/Core/Src/tim.c.obj
 .comment       0x00000043       0x44 CMakeFiles/PDM_Firmware.dir/Core/Src/usart.c.obj
 .comment       0x00000043       0x44 CMakeFiles/PDM_Firmware.dir/Core/Src/stm32f1xx_it.c.obj
 .comment       0x00000043       0x44 CMakeFiles/PDM_Firmware.dir/Core/Src/stm32f1xx_hal_msp.c.obj
 .comment       0x00000043       0x44 CMakeFiles/PDM_Firmware.dir/Drivers/STM32F1xx_HAL_Driver/Src/stm32f1xx_hal_adc.c.obj
 .comment       0x00000043       0x44 CMakeFiles/PDM_Firmware.dir/Drivers/STM32F1xx_HAL_Driver/Src/stm32f1xx_hal.c.obj
 .comment       0x00000043       0x44 CMakeFiles/PDM_Firmware.dir/Drivers/STM32F1xx_HAL_Driver/Src/stm32f1xx_hal_rcc.c.obj
 .comment       0x00000043       0x44 CMakeFiles/PDM_Firmware.dir/Drivers/STM32F1xx_HAL_Driver/Src/stm32f1xx_hal_rcc_ex.c.obj
 .comment       0x00000043       0x44 CMakeFiles/PDM_Firmware.dir/Drivers/STM32F1xx_HAL_Driver/Src/stm32f1xx_hal_gpio.c.obj
 .comment       0x00000043       0x44 CMakeFiles/PDM_Firmware.dir/Drivers/STM32F1xx_HAL_Driver/Src/stm32f1xx_hal_cortex.c.obj
 .comment       0x00000043       0x44 CMakeFiles/PDM_Firmware.dir/Drivers/STM32F1xx_HAL_Driver/Src/stm32f1xx_hal_can.c.obj
 .comment       0x00000043       0x44 CMakeFiles/PDM_Firmware.dir/Drivers/STM32F1xx_HAL_Driver/Src/stm32f1xx_hal_tim.c.obj
 .comment       0x00000043       0x44 CMakeFiles/PDM_Firmware.dir/Drivers/STM32F1xx_HAL_Driver/Src/stm32f1xx_hal_tim_ex.c.obj
 .comment       0x00000043       0x44 CMakeFiles/PDM_Firmware.dir/Drivers/STM32F1xx_HAL_Driver/Src/stm32f1xx_hal_uart.c.obj
 .comment       0x00000043       0x44 CMakeFiles/PDM_Firmware.dir/Core/Src/system_stm32f1xx.c.obj

.debug_frame    0x00000000     0x3af4
 .debug_frame   0x00000000       0x20 C:/ST/STM32CubeCLT_1.17.0/GNU-tools-for-STM32/bin/../lib/gcc/arm-none-eabi/12.3.1/../../../../arm-none-eabi/lib/thumb/v7-m/nofp\libc_nano.a(libc_a-memset.o)
 .debug_frame   0x00000020       0x2c C:/ST/STM32CubeCLT_1.17.0/GNU-tools-for-STM32/bin/../lib/gcc/arm-none-eabi/12.3.1/../../../../arm-none-eabi/lib/thumb/v7-m/nofp\libc_nano.a(libc_a-init.o)
 .debug_frame   0x0000004c       0x90 CMakeFiles/PDM_Firmware.dir/Core/Src/main.c.obj
 .debug_frame   0x000000dc       0x34 CMakeFiles/PDM_Firmware.dir/Core/Src/gpio.c.obj
 .debug_frame   0x00000110       0xa0 CMakeFiles/PDM_Firmware.dir/Core/Src/adc.c.obj
 .debug_frame   0x000001b0       0x74 CMakeFiles/PDM_Firmware.dir/Core/Src/can.c.obj
 .debug_frame   0x00000224       0xa8 CMakeFiles/PDM_Firmware.dir/Core/Src/tim.c.obj
 .debug_frame   0x000002cc       0x74 CMakeFiles/PDM_Firmware.dir/Core/Src/usart.c.obj
 .debug_frame   0x00000340      0x104 CMakeFiles/PDM_Firmware.dir/Core/Src/stm32f1xx_it.c.obj
 .debug_frame   0x00000444       0x38 CMakeFiles/PDM_Firmware.dir/Core/Src/stm32f1xx_hal_msp.c.obj
 .debug_frame   0x0000047c      0x40c CMakeFiles/PDM_Firmware.dir/Drivers/STM32F1xx_HAL_Driver/Src/stm32f1xx_hal_adc.c.obj
 .debug_frame   0x00000888      0x334 CMakeFiles/PDM_Firmware.dir/Drivers/STM32F1xx_HAL_Driver/Src/stm32f1xx_hal.c.obj
 .debug_frame   0x00000bbc      0x218 CMakeFiles/PDM_Firmware.dir/Drivers/STM32F1xx_HAL_Driver/Src/stm32f1xx_hal_rcc.c.obj
 .debug_frame   0x00000dd4       0x80 CMakeFiles/PDM_Firmware.dir/Drivers/STM32F1xx_HAL_Driver/Src/stm32f1xx_hal_rcc_ex.c.obj
 .debug_frame   0x00000e54      0x14c CMakeFiles/PDM_Firmware.dir/Drivers/STM32F1xx_HAL_Driver/Src/stm32f1xx_hal_gpio.c.obj
 .debug_frame   0x00000fa0      0x428 CMakeFiles/PDM_Firmware.dir/Drivers/STM32F1xx_HAL_Driver/Src/stm32f1xx_hal_cortex.c.obj
 .debug_frame   0x000013c8      0x5a0 CMakeFiles/PDM_Firmware.dir/Drivers/STM32F1xx_HAL_Driver/Src/stm32f1xx_hal_can.c.obj
 .debug_frame   0x00001968     0x11b8 CMakeFiles/PDM_Firmware.dir/Drivers/STM32F1xx_HAL_Driver/Src/stm32f1xx_hal_tim.c.obj
 .debug_frame   0x00002b20      0x638 CMakeFiles/PDM_Firmware.dir/Drivers/STM32F1xx_HAL_Driver/Src/stm32f1xx_hal_tim_ex.c.obj
 .debug_frame   0x00003158      0x944 CMakeFiles/PDM_Firmware.dir/Drivers/STM32F1xx_HAL_Driver/Src/stm32f1xx_hal_uart.c.obj
 .debug_frame   0x00003a9c       0x58 CMakeFiles/PDM_Firmware.dir/Core/Src/system_stm32f1xx.c.obj

.debug_info     0x00000000     0xde22
 .debug_info    0x00000000      0x9a6 CMakeFiles/PDM_Firmware.dir/Core/Src/main.c.obj
 .debug_info    0x000009a6      0x2d3 CMakeFiles/PDM_Firmware.dir/Core/Src/gpio.c.obj
 .debug_info    0x00000c79      0x825 CMakeFiles/PDM_Firmware.dir/Core/Src/adc.c.obj
 .debug_info    0x0000149e      0x765 CMakeFiles/PDM_Firmware.dir/Core/Src/can.c.obj
 .debug_info    0x00001c03      0xa22 CMakeFiles/PDM_Firmware.dir/Core/Src/tim.c.obj
 .debug_info    0x00002625      0x798 CMakeFiles/PDM_Firmware.dir/Core/Src/usart.c.obj
 .debug_info    0x00002dbd      0x113 CMakeFiles/PDM_Firmware.dir/Core/Src/stm32f1xx_it.c.obj
 .debug_info    0x00002ed0      0x1f1 CMakeFiles/PDM_Firmware.dir/Core/Src/stm32f1xx_hal_msp.c.obj
 .debug_info    0x000030c1      0xc50 CMakeFiles/PDM_Firmware.dir/Drivers/STM32F1xx_HAL_Driver/Src/stm32f1xx_hal_adc.c.obj
 .debug_info    0x00003d11      0x704 CMakeFiles/PDM_Firmware.dir/Drivers/STM32F1xx_HAL_Driver/Src/stm32f1xx_hal.c.obj
 .debug_info    0x00004415      0x7d5 CMakeFiles/PDM_Firmware.dir/Drivers/STM32F1xx_HAL_Driver/Src/stm32f1xx_hal_rcc.c.obj
 .debug_info    0x00004bea      0x3c0 CMakeFiles/PDM_Firmware.dir/Drivers/STM32F1xx_HAL_Driver/Src/stm32f1xx_hal_rcc_ex.c.obj
 .debug_info    0x00004faa      0x5ab CMakeFiles/PDM_Firmware.dir/Drivers/STM32F1xx_HAL_Driver/Src/stm32f1xx_hal_gpio.c.obj
 .debug_info    0x00005555      0xa87 CMakeFiles/PDM_Firmware.dir/Drivers/STM32F1xx_HAL_Driver/Src/stm32f1xx_hal_cortex.c.obj
 .debug_info    0x00005fdc      0xf13 CMakeFiles/PDM_Firmware.dir/Drivers/STM32F1xx_HAL_Driver/Src/stm32f1xx_hal_can.c.obj
 .debug_info    0x00006eef     0x2959 CMakeFiles/PDM_Firmware.dir/Drivers/STM32F1xx_HAL_Driver/Src/stm32f1xx_hal_tim.c.obj
 .debug_info    0x00009848     0x149b CMakeFiles/PDM_Firmware.dir/Drivers/STM32F1xx_HAL_Driver/Src/stm32f1xx_hal_tim_ex.c.obj
 .debug_info    0x0000ace3     0x2eed CMakeFiles/PDM_Firmware.dir/Drivers/STM32F1xx_HAL_Driver/Src/stm32f1xx_hal_uart.c.obj
 .debug_info    0x0000dbd0      0x222 CMakeFiles/PDM_Firmware.dir/Core/Src/system_stm32f1xx.c.obj
 .debug_info    0x0000ddf2       0x30 CMakeFiles/PDM_Firmware.dir/startup_stm32f103xb.s.obj

.debug_abbrev   0x00000000     0x2591
 .debug_abbrev  0x00000000      0x264 CMakeFiles/PDM_Firmware.dir/Core/Src/main.c.obj
 .debug_abbrev  0x00000264      0x13f CMakeFiles/PDM_Firmware.dir/Core/Src/gpio.c.obj
 .debug_abbrev  0x000003a3      0x1e5 CMakeFiles/PDM_Firmware.dir/Core/Src/adc.c.obj
 .debug_abbrev  0x00000588      0x212 CMakeFiles/PDM_Firmware.dir/Core/Src/can.c.obj
 .debug_abbrev  0x0000079a      0x230 CMakeFiles/PDM_Firmware.dir/Core/Src/tim.c.obj
 .debug_abbrev  0x000009ca      0x1e6 CMakeFiles/PDM_Firmware.dir/Core/Src/usart.c.obj
 .debug_abbrev  0x00000bb0       0x73 CMakeFiles/PDM_Firmware.dir/Core/Src/stm32f1xx_it.c.obj
 .debug_abbrev  0x00000c23       0xdb CMakeFiles/PDM_Firmware.dir/Core/Src/stm32f1xx_hal_msp.c.obj
 .debug_abbrev  0x00000cfe      0x225 CMakeFiles/PDM_Firmware.dir/Drivers/STM32F1xx_HAL_Driver/Src/stm32f1xx_hal_adc.c.obj
 .debug_abbrev  0x00000f23      0x201 CMakeFiles/PDM_Firmware.dir/Drivers/STM32F1xx_HAL_Driver/Src/stm32f1xx_hal.c.obj
 .debug_abbrev  0x00001124      0x2b3 CMakeFiles/PDM_Firmware.dir/Drivers/STM32F1xx_HAL_Driver/Src/stm32f1xx_hal_rcc.c.obj
 .debug_abbrev  0x000013d7      0x188 CMakeFiles/PDM_Firmware.dir/Drivers/STM32F1xx_HAL_Driver/Src/stm32f1xx_hal_rcc_ex.c.obj
 .debug_abbrev  0x0000155f      0x1ca CMakeFiles/PDM_Firmware.dir/Drivers/STM32F1xx_HAL_Driver/Src/stm32f1xx_hal_gpio.c.obj
 .debug_abbrev  0x00001729      0x2f8 CMakeFiles/PDM_Firmware.dir/Drivers/STM32F1xx_HAL_Driver/Src/stm32f1xx_hal_cortex.c.obj
 .debug_abbrev  0x00001a21      0x21c CMakeFiles/PDM_Firmware.dir/Drivers/STM32F1xx_HAL_Driver/Src/stm32f1xx_hal_can.c.obj
 .debug_abbrev  0x00001c3d      0x277 CMakeFiles/PDM_Firmware.dir/Drivers/STM32F1xx_HAL_Driver/Src/stm32f1xx_hal_tim.c.obj
 .debug_abbrev  0x00001eb4      0x282 CMakeFiles/PDM_Firmware.dir/Drivers/STM32F1xx_HAL_Driver/Src/stm32f1xx_hal_tim_ex.c.obj
 .debug_abbrev  0x00002136      0x2f8 CMakeFiles/PDM_Firmware.dir/Drivers/STM32F1xx_HAL_Driver/Src/stm32f1xx_hal_uart.c.obj
 .debug_abbrev  0x0000242e      0x13f CMakeFiles/PDM_Firmware.dir/Core/Src/system_stm32f1xx.c.obj
 .debug_abbrev  0x0000256d       0x24 CMakeFiles/PDM_Firmware.dir/startup_stm32f103xb.s.obj

.debug_aranges  0x00000000      0xe58
 .debug_aranges
                0x00000000       0x38 CMakeFiles/PDM_Firmware.dir/Core/Src/main.c.obj
 .debug_aranges
                0x00000038       0x20 CMakeFiles/PDM_Firmware.dir/Core/Src/gpio.c.obj
 .debug_aranges
                0x00000058       0x38 CMakeFiles/PDM_Firmware.dir/Core/Src/adc.c.obj
 .debug_aranges
                0x00000090       0x30 CMakeFiles/PDM_Firmware.dir/Core/Src/can.c.obj
 .debug_aranges
                0x000000c0       0x38 CMakeFiles/PDM_Firmware.dir/Core/Src/tim.c.obj
 .debug_aranges
                0x000000f8       0x30 CMakeFiles/PDM_Firmware.dir/Core/Src/usart.c.obj
 .debug_aranges
                0x00000128       0x60 CMakeFiles/PDM_Firmware.dir/Core/Src/stm32f1xx_it.c.obj
 .debug_aranges
                0x00000188       0x20 CMakeFiles/PDM_Firmware.dir/Core/Src/stm32f1xx_hal_msp.c.obj
 .debug_aranges
                0x000001a8       0xf0 CMakeFiles/PDM_Firmware.dir/Drivers/STM32F1xx_HAL_Driver/Src/stm32f1xx_hal_adc.c.obj
 .debug_aranges
                0x00000298       0xe0 CMakeFiles/PDM_Firmware.dir/Drivers/STM32F1xx_HAL_Driver/Src/stm32f1xx_hal.c.obj
 .debug_aranges
                0x00000378       0x90 CMakeFiles/PDM_Firmware.dir/Drivers/STM32F1xx_HAL_Driver/Src/stm32f1xx_hal_rcc.c.obj
 .debug_aranges
                0x00000408       0x30 CMakeFiles/PDM_Firmware.dir/Drivers/STM32F1xx_HAL_Driver/Src/stm32f1xx_hal_rcc_ex.c.obj
 .debug_aranges
                0x00000438       0x58 CMakeFiles/PDM_Firmware.dir/Drivers/STM32F1xx_HAL_Driver/Src/stm32f1xx_hal_gpio.c.obj
 .debug_aranges
                0x00000490      0x100 CMakeFiles/PDM_Firmware.dir/Drivers/STM32F1xx_HAL_Driver/Src/stm32f1xx_hal_cortex.c.obj
 .debug_aranges
                0x00000590      0x138 CMakeFiles/PDM_Firmware.dir/Drivers/STM32F1xx_HAL_Driver/Src/stm32f1xx_hal_can.c.obj
 .debug_aranges
                0x000006c8      0x3d0 CMakeFiles/PDM_Firmware.dir/Drivers/STM32F1xx_HAL_Driver/Src/stm32f1xx_hal_tim.c.obj
 .debug_aranges
                0x00000a98      0x168 CMakeFiles/PDM_Firmware.dir/Drivers/STM32F1xx_HAL_Driver/Src/stm32f1xx_hal_tim_ex.c.obj
 .debug_aranges
                0x00000c00      0x208 CMakeFiles/PDM_Firmware.dir/Drivers/STM32F1xx_HAL_Driver/Src/stm32f1xx_hal_uart.c.obj
 .debug_aranges
                0x00000e08       0x28 CMakeFiles/PDM_Firmware.dir/Core/Src/system_stm32f1xx.c.obj
 .debug_aranges
                0x00000e30       0x28 CMakeFiles/PDM_Firmware.dir/startup_stm32f103xb.s.obj

.debug_rnglists
                0x00000000      0xb1d
 .debug_rnglists
                0x00000000       0x26 CMakeFiles/PDM_Firmware.dir/Core/Src/main.c.obj
 .debug_rnglists
                0x00000026       0x14 CMakeFiles/PDM_Firmware.dir/Core/Src/gpio.c.obj
 .debug_rnglists
                0x0000003a       0x26 CMakeFiles/PDM_Firmware.dir/Core/Src/adc.c.obj
 .debug_rnglists
                0x00000060       0x20 CMakeFiles/PDM_Firmware.dir/Core/Src/can.c.obj
 .debug_rnglists
                0x00000080       0x26 CMakeFiles/PDM_Firmware.dir/Core/Src/tim.c.obj
 .debug_rnglists
                0x000000a6       0x20 CMakeFiles/PDM_Firmware.dir/Core/Src/usart.c.obj
 .debug_rnglists
                0x000000c6       0x43 CMakeFiles/PDM_Firmware.dir/Core/Src/stm32f1xx_it.c.obj
 .debug_rnglists
                0x00000109       0x13 CMakeFiles/PDM_Firmware.dir/Core/Src/stm32f1xx_hal_msp.c.obj
 .debug_rnglists
                0x0000011c       0xbc CMakeFiles/PDM_Firmware.dir/Drivers/STM32F1xx_HAL_Driver/Src/stm32f1xx_hal_adc.c.obj
 .debug_rnglists
                0x000001d8       0xa3 CMakeFiles/PDM_Firmware.dir/Drivers/STM32F1xx_HAL_Driver/Src/stm32f1xx_hal.c.obj
 .debug_rnglists
                0x0000027b       0x6c CMakeFiles/PDM_Firmware.dir/Drivers/STM32F1xx_HAL_Driver/Src/stm32f1xx_hal_rcc.c.obj
 .debug_rnglists
                0x000002e7       0x21 CMakeFiles/PDM_Firmware.dir/Drivers/STM32F1xx_HAL_Driver/Src/stm32f1xx_hal_rcc_ex.c.obj
 .debug_rnglists
                0x00000308       0x3f CMakeFiles/PDM_Firmware.dir/Drivers/STM32F1xx_HAL_Driver/Src/stm32f1xx_hal_gpio.c.obj
 .debug_rnglists
                0x00000347       0xbb CMakeFiles/PDM_Firmware.dir/Drivers/STM32F1xx_HAL_Driver/Src/stm32f1xx_hal_cortex.c.obj
 .debug_rnglists
                0x00000402       0xed CMakeFiles/PDM_Firmware.dir/Drivers/STM32F1xx_HAL_Driver/Src/stm32f1xx_hal_can.c.obj
 .debug_rnglists
                0x000004ef      0x31a CMakeFiles/PDM_Firmware.dir/Drivers/STM32F1xx_HAL_Driver/Src/stm32f1xx_hal_tim.c.obj
 .debug_rnglists
                0x00000809      0x125 CMakeFiles/PDM_Firmware.dir/Drivers/STM32F1xx_HAL_Driver/Src/stm32f1xx_hal_tim_ex.c.obj
 .debug_rnglists
                0x0000092e      0x1bc CMakeFiles/PDM_Firmware.dir/Drivers/STM32F1xx_HAL_Driver/Src/stm32f1xx_hal_uart.c.obj
 .debug_rnglists
                0x00000aea       0x1a CMakeFiles/PDM_Firmware.dir/Core/Src/system_stm32f1xx.c.obj
 .debug_rnglists
                0x00000b04       0x19 CMakeFiles/PDM_Firmware.dir/startup_stm32f103xb.s.obj

.debug_macro    0x00000000    0x185aa
 .debug_macro   0x00000000      0x206 CMakeFiles/PDM_Firmware.dir/Core/Src/main.c.obj
 .debug_macro   0x00000206      0xaa8 CMakeFiles/PDM_Firmware.dir/Core/Src/main.c.obj
 .debug_macro   0x00000cae      0x227 CMakeFiles/PDM_Firmware.dir/Core/Src/main.c.obj
 .debug_macro   0x00000ed5       0x2e CMakeFiles/PDM_Firmware.dir/Core/Src/main.c.obj
 .debug_macro   0x00000f03       0x22 CMakeFiles/PDM_Firmware.dir/Core/Src/main.c.obj
 .debug_macro   0x00000f25       0x22 CMakeFiles/PDM_Firmware.dir/Core/Src/main.c.obj
 .debug_macro   0x00000f47       0x8e CMakeFiles/PDM_Firmware.dir/Core/Src/main.c.obj
 .debug_macro   0x00000fd5       0x51 CMakeFiles/PDM_Firmware.dir/Core/Src/main.c.obj
 .debug_macro   0x00001026      0x103 CMakeFiles/PDM_Firmware.dir/Core/Src/main.c.obj
 .debug_macro   0x00001129       0x6a CMakeFiles/PDM_Firmware.dir/Core/Src/main.c.obj
 .debug_macro   0x00001193      0x1df CMakeFiles/PDM_Firmware.dir/Core/Src/main.c.obj
 .debug_macro   0x00001372       0x1c CMakeFiles/PDM_Firmware.dir/Core/Src/main.c.obj
 .debug_macro   0x0000138e       0x22 CMakeFiles/PDM_Firmware.dir/Core/Src/main.c.obj
 .debug_macro   0x000013b0       0xbd CMakeFiles/PDM_Firmware.dir/Core/Src/main.c.obj
 .debug_macro   0x0000146d      0xd23 CMakeFiles/PDM_Firmware.dir/Core/Src/main.c.obj
 .debug_macro   0x00002190     0xe09e CMakeFiles/PDM_Firmware.dir/Core/Src/main.c.obj
 .debug_macro   0x0001022e       0x6d CMakeFiles/PDM_Firmware.dir/Core/Src/main.c.obj
 .debug_macro   0x0001029b     0x34a2 CMakeFiles/PDM_Firmware.dir/Core/Src/main.c.obj
 .debug_macro   0x0001373d      0x189 CMakeFiles/PDM_Firmware.dir/Core/Src/main.c.obj
 .debug_macro   0x000138c6       0x5c CMakeFiles/PDM_Firmware.dir/Core/Src/main.c.obj
 .debug_macro   0x00013922      0x5bc CMakeFiles/PDM_Firmware.dir/Core/Src/main.c.obj
 .debug_macro   0x00013ede      0x289 CMakeFiles/PDM_Firmware.dir/Core/Src/main.c.obj
 .debug_macro   0x00014167      0x1cb CMakeFiles/PDM_Firmware.dir/Core/Src/main.c.obj
 .debug_macro   0x00014332      0x114 CMakeFiles/PDM_Firmware.dir/Core/Src/main.c.obj
 .debug_macro   0x00014446      0x1b2 CMakeFiles/PDM_Firmware.dir/Core/Src/main.c.obj
 .debug_macro   0x000145f8       0x27 CMakeFiles/PDM_Firmware.dir/Core/Src/main.c.obj
 .debug_macro   0x0001461f      0x136 CMakeFiles/PDM_Firmware.dir/Core/Src/main.c.obj
 .debug_macro   0x00014755      0x1bc CMakeFiles/PDM_Firmware.dir/Core/Src/main.c.obj
 .debug_macro   0x00014911       0x34 CMakeFiles/PDM_Firmware.dir/Core/Src/main.c.obj
 .debug_macro   0x00014945       0x3c CMakeFiles/PDM_Firmware.dir/Core/Src/main.c.obj
 .debug_macro   0x00014981      0x408 CMakeFiles/PDM_Firmware.dir/Core/Src/main.c.obj
 .debug_macro   0x00014d89       0x57 CMakeFiles/PDM_Firmware.dir/Core/Src/main.c.obj
 .debug_macro   0x00014de0      0x46a CMakeFiles/PDM_Firmware.dir/Core/Src/main.c.obj
 .debug_macro   0x0001524a      0x1b5 CMakeFiles/PDM_Firmware.dir/Core/Src/main.c.obj
 .debug_macro   0x000153ff       0x87 CMakeFiles/PDM_Firmware.dir/Core/Src/main.c.obj
 .debug_macro   0x00015486      0x240 CMakeFiles/PDM_Firmware.dir/Core/Src/main.c.obj
 .debug_macro   0x000156c6      0x140 CMakeFiles/PDM_Firmware.dir/Core/Src/main.c.obj
 .debug_macro   0x00015806      0x8ed CMakeFiles/PDM_Firmware.dir/Core/Src/main.c.obj
 .debug_macro   0x000160f3      0x28e CMakeFiles/PDM_Firmware.dir/Core/Src/main.c.obj
 .debug_macro   0x00016381       0x83 CMakeFiles/PDM_Firmware.dir/Core/Src/main.c.obj
 .debug_macro   0x00016404       0xa0 CMakeFiles/PDM_Firmware.dir/Core/Src/main.c.obj
 .debug_macro   0x000164a4      0x1da CMakeFiles/PDM_Firmware.dir/Core/Src/gpio.c.obj
 .debug_macro   0x0001667e      0x1da CMakeFiles/PDM_Firmware.dir/Core/Src/adc.c.obj
 .debug_macro   0x00016858      0x1da CMakeFiles/PDM_Firmware.dir/Core/Src/can.c.obj
 .debug_macro   0x00016a32      0x1da CMakeFiles/PDM_Firmware.dir/Core/Src/tim.c.obj
 .debug_macro   0x00016c0c      0x1da CMakeFiles/PDM_Firmware.dir/Core/Src/usart.c.obj
 .debug_macro   0x00016de6      0x1da CMakeFiles/PDM_Firmware.dir/Core/Src/stm32f1xx_it.c.obj
 .debug_macro   0x00016fc0      0x1d0 CMakeFiles/PDM_Firmware.dir/Core/Src/stm32f1xx_hal_msp.c.obj
 .debug_macro   0x00017190      0x1de CMakeFiles/PDM_Firmware.dir/Drivers/STM32F1xx_HAL_Driver/Src/stm32f1xx_hal_adc.c.obj
 .debug_macro   0x0001736e      0x1e5 CMakeFiles/PDM_Firmware.dir/Drivers/STM32F1xx_HAL_Driver/Src/stm32f1xx_hal.c.obj
 .debug_macro   0x00017553      0x1d3 CMakeFiles/PDM_Firmware.dir/Drivers/STM32F1xx_HAL_Driver/Src/stm32f1xx_hal_rcc.c.obj
 .debug_macro   0x00017726      0x1c1 CMakeFiles/PDM_Firmware.dir/Drivers/STM32F1xx_HAL_Driver/Src/stm32f1xx_hal_rcc_ex.c.obj
 .debug_macro   0x000178e7      0x22c CMakeFiles/PDM_Firmware.dir/Drivers/STM32F1xx_HAL_Driver/Src/stm32f1xx_hal_gpio.c.obj
 .debug_macro   0x00017b13      0x1c1 CMakeFiles/PDM_Firmware.dir/Drivers/STM32F1xx_HAL_Driver/Src/stm32f1xx_hal_cortex.c.obj
 .debug_macro   0x00017cd4      0x1d0 CMakeFiles/PDM_Firmware.dir/Drivers/STM32F1xx_HAL_Driver/Src/stm32f1xx_hal_can.c.obj
 .debug_macro   0x00017ea4      0x1c2 CMakeFiles/PDM_Firmware.dir/Drivers/STM32F1xx_HAL_Driver/Src/stm32f1xx_hal_tim.c.obj
 .debug_macro   0x00018066      0x1c1 CMakeFiles/PDM_Firmware.dir/Drivers/STM32F1xx_HAL_Driver/Src/stm32f1xx_hal_tim_ex.c.obj
 .debug_macro   0x00018227      0x1c2 CMakeFiles/PDM_Firmware.dir/Drivers/STM32F1xx_HAL_Driver/Src/stm32f1xx_hal_uart.c.obj
 .debug_macro   0x000183e9      0x1c1 CMakeFiles/PDM_Firmware.dir/Core/Src/system_stm32f1xx.c.obj

.debug_line     0x00000000    0x113fa
 .debug_line    0x00000000      0x80c CMakeFiles/PDM_Firmware.dir/Core/Src/main.c.obj
 .debug_line    0x0000080c      0x73e CMakeFiles/PDM_Firmware.dir/Core/Src/gpio.c.obj
 .debug_line    0x00000f4a      0x7f5 CMakeFiles/PDM_Firmware.dir/Core/Src/adc.c.obj
 .debug_line    0x0000173f      0x788 CMakeFiles/PDM_Firmware.dir/Core/Src/can.c.obj
 .debug_line    0x00001ec7      0x7ca CMakeFiles/PDM_Firmware.dir/Core/Src/tim.c.obj
 .debug_line    0x00002691      0x782 CMakeFiles/PDM_Firmware.dir/Core/Src/usart.c.obj
 .debug_line    0x00002e13      0x7d5 CMakeFiles/PDM_Firmware.dir/Core/Src/stm32f1xx_it.c.obj
 .debug_line    0x000035e8      0x713 CMakeFiles/PDM_Firmware.dir/Core/Src/stm32f1xx_hal_msp.c.obj
 .debug_line    0x00003cfb     0x103b CMakeFiles/PDM_Firmware.dir/Drivers/STM32F1xx_HAL_Driver/Src/stm32f1xx_hal_adc.c.obj
 .debug_line    0x00004d36      0x9be CMakeFiles/PDM_Firmware.dir/Drivers/STM32F1xx_HAL_Driver/Src/stm32f1xx_hal.c.obj
 .debug_line    0x000056f4      0xdc7 CMakeFiles/PDM_Firmware.dir/Drivers/STM32F1xx_HAL_Driver/Src/stm32f1xx_hal_rcc.c.obj
 .debug_line    0x000064bb      0x908 CMakeFiles/PDM_Firmware.dir/Drivers/STM32F1xx_HAL_Driver/Src/stm32f1xx_hal_rcc_ex.c.obj
 .debug_line    0x00006dc3      0xa57 CMakeFiles/PDM_Firmware.dir/Drivers/STM32F1xx_HAL_Driver/Src/stm32f1xx_hal_gpio.c.obj
 .debug_line    0x0000781a      0xbaa CMakeFiles/PDM_Firmware.dir/Drivers/STM32F1xx_HAL_Driver/Src/stm32f1xx_hal_cortex.c.obj
 .debug_line    0x000083c4     0x11a0 CMakeFiles/PDM_Firmware.dir/Drivers/STM32F1xx_HAL_Driver/Src/stm32f1xx_hal_can.c.obj
 .debug_line    0x00009564     0x34e3 CMakeFiles/PDM_Firmware.dir/Drivers/STM32F1xx_HAL_Driver/Src/stm32f1xx_hal_tim.c.obj
 .debug_line    0x0000ca47     0x190d CMakeFiles/PDM_Firmware.dir/Drivers/STM32F1xx_HAL_Driver/Src/stm32f1xx_hal_tim_ex.c.obj
 .debug_line    0x0000e354     0x289d CMakeFiles/PDM_Firmware.dir/Drivers/STM32F1xx_HAL_Driver/Src/stm32f1xx_hal_uart.c.obj
 .debug_line    0x00010bf1      0x791 CMakeFiles/PDM_Firmware.dir/Core/Src/system_stm32f1xx.c.obj
 .debug_line    0x00011382       0x78 CMakeFiles/PDM_Firmware.dir/startup_stm32f103xb.s.obj

.debug_str      0x00000000    0x8e6a4
 .debug_str     0x00000000    0x8a96b CMakeFiles/PDM_Firmware.dir/Core/Src/main.c.obj
                              0x8ad36 (size before relaxing)
 .debug_str     0x0008a96b       0xf6 CMakeFiles/PDM_Firmware.dir/Core/Src/gpio.c.obj
                              0x8a63c (size before relaxing)
 .debug_str     0x0008aa61      0x1cb CMakeFiles/PDM_Firmware.dir/Core/Src/adc.c.obj
                              0x8a9f4 (size before relaxing)
 .debug_str     0x0008ac2c      0x2d0 CMakeFiles/PDM_Firmware.dir/Core/Src/can.c.obj
                              0x8a936 (size before relaxing)
 .debug_str     0x0008aefc      0x211 CMakeFiles/PDM_Firmware.dir/Core/Src/tim.c.obj
                              0x8acdd (size before relaxing)
 .debug_str     0x0008b10d      0x267 CMakeFiles/PDM_Firmware.dir/Core/Src/usart.c.obj
                              0x8aa84 (size before relaxing)
 .debug_str     0x0008b374       0xf0 CMakeFiles/PDM_Firmware.dir/Core/Src/stm32f1xx_it.c.obj
                              0x8a5d9 (size before relaxing)
 .debug_str     0x0008b464       0x53 CMakeFiles/PDM_Firmware.dir/Core/Src/stm32f1xx_hal_msp.c.obj
                              0x8a5c4 (size before relaxing)
 .debug_str     0x0008b4b7      0x3e0 CMakeFiles/PDM_Firmware.dir/Drivers/STM32F1xx_HAL_Driver/Src/stm32f1xx_hal_adc.c.obj
                              0x8a98c (size before relaxing)
 .debug_str     0x0008b897      0x618 CMakeFiles/PDM_Firmware.dir/Drivers/STM32F1xx_HAL_Driver/Src/stm32f1xx_hal.c.obj
                              0x8a9db (size before relaxing)
 .debug_str     0x0008beaf      0x26c CMakeFiles/PDM_Firmware.dir/Drivers/STM32F1xx_HAL_Driver/Src/stm32f1xx_hal_rcc.c.obj
                              0x8a6d7 (size before relaxing)
 .debug_str     0x0008c11b       0xab CMakeFiles/PDM_Firmware.dir/Drivers/STM32F1xx_HAL_Driver/Src/stm32f1xx_hal_rcc_ex.c.obj
                              0x8a427 (size before relaxing)
 .debug_str     0x0008c1c6      0x2fa CMakeFiles/PDM_Firmware.dir/Drivers/STM32F1xx_HAL_Driver/Src/stm32f1xx_hal_gpio.c.obj
                              0x8a62e (size before relaxing)
 .debug_str     0x0008c4c0      0x2ba CMakeFiles/PDM_Firmware.dir/Drivers/STM32F1xx_HAL_Driver/Src/stm32f1xx_hal_cortex.c.obj
                              0x8a927 (size before relaxing)
 .debug_str     0x0008c77a      0x5b1 CMakeFiles/PDM_Firmware.dir/Drivers/STM32F1xx_HAL_Driver/Src/stm32f1xx_hal_can.c.obj
                              0x8aab0 (size before relaxing)
 .debug_str     0x0008cd2b      0xd9c CMakeFiles/PDM_Firmware.dir/Drivers/STM32F1xx_HAL_Driver/Src/stm32f1xx_hal_tim.c.obj
                              0x8b6d9 (size before relaxing)
 .debug_str     0x0008dac7      0x4ba CMakeFiles/PDM_Firmware.dir/Drivers/STM32F1xx_HAL_Driver/Src/stm32f1xx_hal_tim_ex.c.obj
                              0x8aee5 (size before relaxing)
 .debug_str     0x0008df81      0x64e CMakeFiles/PDM_Firmware.dir/Drivers/STM32F1xx_HAL_Driver/Src/stm32f1xx_hal_uart.c.obj
                              0x8ad48 (size before relaxing)
 .debug_str     0x0008e5cf       0x79 CMakeFiles/PDM_Firmware.dir/Core/Src/system_stm32f1xx.c.obj
                              0x8a2a8 (size before relaxing)
 .debug_str     0x0008e648       0x5c CMakeFiles/PDM_Firmware.dir/startup_stm32f103xb.s.obj
                                 0x92 (size before relaxing)

.debug_line_str
                0x00000000       0x76
 .debug_line_str
                0x00000000       0x76 CMakeFiles/PDM_Firmware.dir/startup_stm32f103xb.s.obj
